******************************************************************************
                  TI ARM Linker PC v18.1.3                     
******************************************************************************
>> Linked Thu Mar 21 15:04:19 2019

OUTPUT FILE NAME:   <HW3_1.out>
ENTRY POINT SYMBOL: "_c_int00_noargs"  address: 00001a81


MEMORY CONFIGURATION

         name            origin    length      used     unused   attr    fill
----------------------  --------  ---------  --------  --------  ----  --------
  FLASH                 00000000   00040000  00001e56  0003e1aa  R  X
  SRAM                  20000000   00008000  000079c4  0000063c  RW X


SEGMENT ALLOCATION MAP

run origin  load origin   length   init length attrs members
----------  ----------- ---------- ----------- ----- -------
00000000    00000000    00001e58   00001e58    r-x
  00000000    00000000    0000026c   0000026c    r-- .intvecs
  0000026c    0000026c    00001b96   00001b96    r-x .text
  00001e04    00001e04    0000001c   0000001c    r-- .const
  00001e20    00001e20    00000038   00000038    r-- .cinit
20000000    20000000    000079c4   00000000    rw-
  20000000    20000000    00007778   00000000    rw- .bss
  20007778    20007778    00000200   00000000    rw- .stack
  20007978    20007978    0000004c   00000000    rw- .data


SECTION ALLOCATION MAP

 output                                  attributes/
section   page    origin      length       input sections
--------  ----  ----------  ----------   ----------------
.intvecs   0    00000000    0000026c     
                  00000000    0000026c     startup_ccs.obj (.intvecs)

.text      0    0000026c    00001b96     
                  0000026c    000001ea     uartstdio.obj (.text:UARTvprintf)
                  00000456    00000002     startup_ccs.obj (.text:FaultISR)
                  00000458    00000118     queue.obj (.text:xQueueGenericReceive)
                  00000570    00000104     tasks.obj (.text:xTaskIncrementTick)
                  00000674    00000100     tasks.obj (.text:xTaskGenericCreate)
                  00000774    000000f0     freertos_demo.obj (.text:main)
                  00000864    000000e8     queue.obj (.text:xQueueGenericSend)
                  0000094c    000000e4     tasks.obj (.text:xTaskResumeAll)
                  00000a30    000000d2     portasm.obj (.text)
                  00000b02    00000002     startup_ccs.obj (.text:IntDefaultHandler)
                  00000b04    000000ac     heap_2.obj (.text:pvPortMalloc)
                  00000bb0    000000a4     timers.obj (.text:prvProcessReceivedCommands)
                  00000c54    0000009c     rtsv7M4_T_le_v4SPD16_eabi.lib : memcpy_t2.asm.obj (.text)
                  00000cf0    00000090     tasks.obj (.text:vTaskPriorityInherit)
                  00000d80    0000008c     tasks.obj (.text:vTaskSwitchContext)
                  00000e0c    00000084     queue.obj (.text:xQueueGenericReset)
                  00000e90    00000080     freertos_demo.obj (.text:Task1)
                  00000f10    0000007a     rtsv7M4_T_le_v4SPD16_eabi.lib : memset_t2.asm.obj (.text)
                  00000f8a    00000002     startup_ccs.obj (.text:NmiSR)
                  00000f8c    00000078     tasks.obj (.text:xTaskPriorityDisinherit)
                  00001004    00000074     tasks.obj (.text:xTaskRemoveFromEventList)
                  00001078    00000072     queue.obj (.text:prvCopyDataToQueue)
                  000010ea    00000002     rtsv7M4_T_le_v4SPD16_eabi.lib : div0.asm.obj (.text)
                  000010ec    00000070     timers.obj (.text:prvProcessTimerOrBlockTask)
                  0000115c    00000068     rtsv7M4_T_le_v4SPD16_eabi.lib : copy_decompress_lzss.c.obj (.text:decompress:lzss:__TI_decompress_lzss)
                  000011c4    00000068     tasks.obj (.text:vTaskPlaceOnEventListRestricted)
                  0000122c    00000068     tasks.obj (.text:vTaskStartScheduler)
                  00001294    00000064     freertos_demo.obj (.text:ConfigureUART)
                  000012f8    00000064     tasks.obj (.text:vTaskPlaceOnEventList)
                  0000135c    00000062     queue.obj (.text:prvUnlockQueue)
                  000013be    00000002     freertos_demo.obj (.text:vApplicationStackOverflowHook)
                  000013c0    00000060     uartstdio.obj (.text:UARTStdioConfig)
                  00001420    00000060     tasks.obj (.text:prvInitialiseTaskLists)
                  00001480    00000060     timers.obj (.text:prvSwitchTimerLists)
                  000014e0    0000005c     timers.obj (.text:prvCheckForValidListAndQueue)
                  0000153c    0000005c     queue.obj (.text:xQueueGenericSendFromISR)
                  00001598    00000058     tasks.obj (.text:prvCheckTasksWaitingTermination)
                  000015f0    00000056     tasks.obj (.text:prvInitialiseTCBVariables)
                  00001646    00000002     --HOLE-- [fill = 0]
                  00001648    00000054     tasks.obj (.text:xTaskCheckForTimeOut)
                  0000169c    0000004c     tasks.obj (.text:prvAddCurrentTaskToDelayedList)
                  000016e8    00000048     freertos_demo.obj (.text:TimerCallback)
                  00001730    00000048     uartstdio.obj (.text:UARTwrite)
                  00001778    00000048     timers.obj (.text:prvProcessExpiredTimer)
                  000017c0    00000044     rtsv7M4_T_le_v4SPD16_eabi.lib : autoinit.c.obj (.text:__TI_auto_init_nobinit_nopinit:__TI_auto_init_nobinit_nopinit)
                  00001804    00000044     timers.obj (.text:prvInsertTimerInActiveList)
                  00001848    00000044     heap_2.obj (.text:vPortFree)
                  0000188c    00000044     timers.obj (.text:xTimerGenericCommand)
                  000018d0    00000040     rtsv7M4_T_le_v4SPD16_eabi.lib : u_divt2.asm.obj (.text)
                  00001910    00000040     queue.obj (.text:vQueueWaitForMessageRestricted)
                  00001950    00000040     port.obj (.text:xPortStartScheduler)
                  00001990    00000040     timers.obj (.text:xTimerCreateTimerTask)
                  000019d0    0000003c     queue.obj (.text:xQueueGenericCreate)
                  00001a0c    0000003a     tasks.obj (.text:prvAllocateTCBAndStack)
                  00001a46    0000003a     timers.obj (.text:xTimerCreate)
                  00001a80    00000038     rtsv7M4_T_le_v4SPD16_eabi.lib : boot_cortex_m.c.obj (.text:_c_int00_noargs:_c_int00_noargs)
                  00001ab8    00000038     list.obj (.text:vListInsert)
                  00001af0    00000030     heap_2.obj (.text:prvHeapInit)
                  00001b20    0000002c     port.obj (.text:xPortSysTickHandler)
                  00001b4c    00000028     tasks.obj (.text:prvResetNextTaskUnblockTime)
                  00001b74    00000028     timers.obj (.text:prvSampleTimeNow)
                  00001b9c    00000028     port.obj (.text:pxPortInitialiseStack)
                  00001bc4    00000026     queue.obj (.text:prvCopyDataFromQueue)
                  00001bea    00000002     --HOLE-- [fill = 0]
                  00001bec    00000020     timers.obj (.text:prvGetNextExpireTime)
                  00001c0c    00000020     list.obj (.text:uxListRemove)
                  00001c2c    00000020     queue.obj (.text:vQueueAddToRegistry)
                  00001c4c    00000020     tasks.obj (.text:xTaskGetSchedulerState)
                  00001c6c    0000001c     queue.obj (.text:prvIsQueueFull)
                  00001c88    0000001c     port.obj (.text:vPortEnterCritical)
                  00001ca4    0000001a     uartstdio.obj (.text:UARTprintf)
                  00001cbe    0000001a     queue.obj (.text:prvIsQueueEmpty)
                  00001cd8    00000018     tasks.obj (.text:pvTaskIncrementMutexHeldCount)
                  00001cf0    00000018     list.obj (.text:vListInsertEnd)
                  00001d08    00000018     port.obj (.text:vPortExitCritical)
                  00001d20    00000018     tasks.obj (.text:vTaskSetTimeOutState)
                  00001d38    00000016     list.obj (.text:vListInitialise)
                  00001d4e    00000014     timers.obj (.text:prvTimerTask)
                  00001d62    00000002     --HOLE-- [fill = 0]
                  00001d64    00000014     port.obj (.text:vPortSetupTimerInterrupt)
                  00001d78    00000012     tasks.obj (.text:prvDeleteTCB)
                  00001d8a    00000010     port.obj (.text:prvTaskExitError)
                  00001d9a    00000002     --HOLE-- [fill = 0]
                  00001d9c    00000010     tasks.obj (.text:vTaskSuspendAll)
                  00001dac    0000000e     rtsv7M4_T_le_v4SPD16_eabi.lib : copy_decompress_none.c.obj (.text:decompress:none:__TI_decompress_none)
                  00001dba    0000000c                                   : copy_zero_init.c.obj (.text:decompress:ZI:__TI_zero_init)
                  00001dc6    00000002     --HOLE-- [fill = 0]
                  00001dc8    0000000c     tasks.obj (.text:vTaskMissedYield)
                  00001dd4    0000000c     tasks.obj (.text:xTaskGetTickCount)
                  00001de0    00000008     tasks.obj (.text:prvIdleTask)
                  00001de8    00000006     startup_ccs.obj (.text:ResetISR)
                  00001dee    00000006     driverlib.lib : uart.obj (.text:UARTClockSourceSet)
                  00001df4    00000006     list.obj (.text:vListInitialiseItem)
                  00001dfa    00000004     rtsv7M4_T_le_v4SPD16_eabi.lib : pre_init.c.obj (.text:_system_pre_init)
                  00001dfe    00000004                                   : exit.c.obj (.text:abort:abort)

.const     0    00001e04    0000001c     
                  00001e04    0000000c     uartstdio.obj (.const:g_ui32UARTBase)
                  00001e10    0000000c     uartstdio.obj (.const:g_ui32UARTPeriph)
                  00001e1c    00000004     port.obj (.const)

.cinit     0    00001e20    00000038     
                  00001e20    00000010     (.cinit..data.load) [load image, compression = lzss]
                  00001e30    0000000c     (__TI_handler_table)
                  00001e3c    00000004     --HOLE-- [fill = 0]
                  00001e40    00000008     (.cinit..bss.load) [load image, compression = zero_init]
                  00001e48    00000010     (__TI_cinit_table)

.init_array 
*          0    00000000    00000000     UNINITIALIZED

.bss       0    20000000    00007778     UNINITIALIZED
                  20000000    00007530     heap_2.obj (.bss:ucHeap)
                  20007530    00000140     tasks.obj (.bss:pxReadyTasksLists)
                  20007670    00000050     (.common:xQueueRegistry)
                  200076c0    00000014     timers.obj (.bss:xActiveTimerList1)
                  200076d4    00000014     timers.obj (.bss:xActiveTimerList2)
                  200076e8    00000014     tasks.obj (.bss:xDelayedTaskList1)
                  200076fc    00000014     tasks.obj (.bss:xDelayedTaskList2)
                  20007710    00000014     tasks.obj (.bss:xPendingReadyList)
                  20007724    00000014     tasks.obj (.bss:xSuspendedTaskList)
                  20007738    00000014     tasks.obj (.bss:xTasksWaitingTermination)
                  2000774c    00000008     tasks.obj (.bss)
                  20007754    00000008     timers.obj (.bss)
                  2000775c    00000008     heap_2.obj (.bss:xEnd)
                  20007764    00000008     heap_2.obj (.bss:xStart)
                  2000776c    00000004     (.common:Timer1)
                  20007770    00000004     (.common:g_pUARTSemaphore)
                  20007774    00000004     (.common:tick_count)

.data      0    20007978    0000004c     UNINITIALIZED
                  20007978    00000030     tasks.obj (.data)
                  200079a8    00000008     heap_2.obj (.data)
                  200079b0    00000008     timers.obj (.data)
                  200079b8    00000005     uartstdio.obj (.data)
                  200079bd    00000003     --HOLE--
                  200079c0    00000004     port.obj (.data)

.stack     0    20007778    00000200     UNINITIALIZED
                  20007778    00000004     rtsv7M4_T_le_v4SPD16_eabi.lib : boot_cortex_m.c.obj (.stack)
                  2000777c    000001fc     --HOLE--

MODULE SUMMARY

       Module                       code   ro data   rw data
       ------                       ----   -------   -------
    .\
       startup_ccs.obj              12     620       0      
       freertos_demo.obj            542    0         12     
    +--+----------------------------+------+---------+---------+
       Total:                       554    620       12     
                                                            
    .\third_party\FreeRTOS\Source\
       tasks.obj                    2246   0         476    
       queue.obj                    1196   0         80     
       timers.obj                   886    0         56     
       list.obj                     140    0         0      
    +--+----------------------------+------+---------+---------+
       Total:                       4468   0         612    
                                                            
    .\third_party\FreeRTOS\Source\portable\CCS\ARM_CM4F\
       port.obj                     236    4         4      
       portasm.obj                  210    0         0      
    +--+----------------------------+------+---------+---------+
       Total:                       446    4         4      
                                                            
    .\third_party\FreeRTOS\Source\portable\MemMang\
       heap_2.obj                   288    0         30024  
    +--+----------------------------+------+---------+---------+
       Total:                       288    0         30024  
                                                            
    .\utils\
       uartstdio.obj                684    24        5      
    +--+----------------------------+------+---------+---------+
       Total:                       684    24        5      
                                                            
    C:/ti/TivaWare_C_Series-2.1.4.178/driverlib/ccs/Debug/driverlib.lib
       uart.obj                     6      0         0      
    +--+----------------------------+------+---------+---------+
       Total:                       6      0         0      
                                                            
    C:\ti\ccsv8\tools\compiler\ti-cgt-arm_18.1.3.LTS\lib\rtsv7M4_T_le_v4SPD16_eabi.lib
       memcpy_t2.asm.obj            156    0         0      
       memset_t2.asm.obj            122    0         0      
       copy_decompress_lzss.c.obj   104    0         0      
       autoinit.c.obj               68     0         0      
       u_divt2.asm.obj              64     0         0      
       boot_cortex_m.c.obj          56     0         0      
       copy_decompress_none.c.obj   14     0         0      
       copy_zero_init.c.obj         12     0         0      
       exit.c.obj                   4      0         0      
       pre_init.c.obj               4      0         0      
       div0.asm.obj                 2      0         0      
    +--+----------------------------+------+---------+---------+
       Total:                       606    0         0      
                                                            
       Stack:                       0      0         512    
       Linker Generated:            0      52        0      
    +--+----------------------------+------+---------+---------+
       Grand Total:                 7052   700       31169  


LINKER GENERATED COPY TABLES

__TI_cinit_table @ 00001e48 records: 2, size/record: 8, table size: 16
	.data: load addr=00001e20, load size=00000010 bytes, run addr=20007978, run size=0000004c bytes, compression=lzss
	.bss: load addr=00001e40, load size=00000008 bytes, run addr=20000000, run size=00007778 bytes, compression=zero_init


LINKER GENERATED HANDLER TABLE

__TI_handler_table @ 00001e30 records: 3, size/record: 4, table size: 12
	index: 0, handler: __TI_decompress_lzss
	index: 1, handler: __TI_decompress_none
	index: 2, handler: __TI_zero_init


GLOBAL SYMBOLS: SORTED ALPHABETICALLY BY Name 

address   name                           
-------   ----                           
00001dff  C$$EXIT                        
00001295  ConfigureUART                  
00001de9  ResetISR                       
00000e91  Task1                          
2000776c  Timer1                         
000016e9  TimerCallback                  
00001def  UARTClockSourceSet             
000013c1  UARTStdioConfig                
00001ca5  UARTprintf                     
0000026d  UARTvprintf                    
00001731  UARTwrite                      
20007978  __STACK_END                    
00000200  __STACK_SIZE                   
20007978  __STACK_TOP                    
00001e48  __TI_CINIT_Base                
00001e58  __TI_CINIT_Limit               
00001e30  __TI_Handler_Table_Base        
00001e3c  __TI_Handler_Table_Limit       
000017c1  __TI_auto_init_nobinit_nopinit 
0000115d  __TI_decompress_lzss           
00001dad  __TI_decompress_none           
ffffffff  __TI_pprof_out_hndl            
ffffffff  __TI_prof_data_size            
ffffffff  __TI_prof_data_start           
00000000  __TI_static_base__             
00001dbb  __TI_zero_init                 
000010eb  __aeabi_idiv0                  
000010eb  __aeabi_ldiv0                  
00000f11  __aeabi_memclr                 
00000f11  __aeabi_memclr4                
00000f11  __aeabi_memclr8                
00000c55  __aeabi_memcpy                 
00000c55  __aeabi_memcpy4                
00000c55  __aeabi_memcpy8                
00000f13  __aeabi_memset                 
00000f13  __aeabi_memset4                
00000f13  __aeabi_memset8                
000018d1  __aeabi_uidiv                  
000018d1  __aeabi_uidivmod               
ffffffff  __binit__                      
ffffffff  __c_args__                     
UNDEFED   __mpu_init                     
20007778  __stack                        
00001a81  _c_int00_noargs                
UNDEFED   _system_post_cinit             
00001dfb  _system_pre_init               
00001dff  abort                          
ffffffff  binit                          
20007770  g_pUARTSemaphore               
00000000  g_pfnVectors                   
00000775  main                           
00000c55  memcpy                         
00000f19  memset                         
00000b05  pvPortMalloc                   
00001cd9  pvTaskIncrementMutexHeldCount  
20007978  pxCurrentTCB                   
00001b9d  pxPortInitialiseStack          
20007774  tick_count                     
00001e1c  ulMaxSyscallInterruptPriority  
00000a41  ulPortGetIPSR                  
00001c0d  uxListRemove                   
000013bf  vApplicationStackOverflowHook  
00001d39  vListInitialise                
00001df5  vListInitialiseItem            
00001ab9  vListInsert                    
00001cf1  vListInsertEnd                 
00000af5  vPortEnableVFP                 
00001c89  vPortEnterCritical             
00001d09  vPortExitCritical              
00001849  vPortFree                      
00000ab9  vPortSVCHandler                
00001d65  vPortSetupTimerInterrupt       
00000ad9  vPortStartFirstTask            
00001c2d  vQueueAddToRegistry            
00001911  vQueueWaitForMessageRestricted 
00001dc9  vTaskMissedYield               
000012f9  vTaskPlaceOnEventList          
000011c5  vTaskPlaceOnEventListRestricted
00000cf1  vTaskPriorityInherit           
00001d21  vTaskSetTimeOutState           
0000122d  vTaskStartScheduler            
00001d9d  vTaskSuspendAll                
00000d81  vTaskSwitchContext             
00000a59  xPortPendSVHandler             
00001951  xPortStartScheduler            
00001b21  xPortSysTickHandler            
000019d1  xQueueGenericCreate            
00000459  xQueueGenericReceive           
00000e0d  xQueueGenericReset             
00000865  xQueueGenericSend              
0000153d  xQueueGenericSendFromISR       
20007670  xQueueRegistry                 
00001649  xTaskCheckForTimeOut           
00000675  xTaskGenericCreate             
00001c4d  xTaskGetSchedulerState         
00001dd5  xTaskGetTickCount              
00000571  xTaskIncrementTick             
00000f8d  xTaskPriorityDisinherit        
00001005  xTaskRemoveFromEventList       
0000094d  xTaskResumeAll                 
00001a47  xTimerCreate                   
00001991  xTimerCreateTimerTask          
0000188d  xTimerGenericCommand           


GLOBAL SYMBOLS: SORTED BY Symbol Address 

address   name                           
-------   ----                           
00000000  __TI_static_base__             
00000000  g_pfnVectors                   
00000200  __STACK_SIZE                   
0000026d  UARTvprintf                    
00000459  xQueueGenericReceive           
00000571  xTaskIncrementTick             
00000675  xTaskGenericCreate             
00000775  main                           
00000865  xQueueGenericSend              
0000094d  xTaskResumeAll                 
00000a41  ulPortGetIPSR                  
00000a59  xPortPendSVHandler             
00000ab9  vPortSVCHandler                
00000ad9  vPortStartFirstTask            
00000af5  vPortEnableVFP                 
00000b05  pvPortMalloc                   
00000c55  __aeabi_memcpy                 
00000c55  __aeabi_memcpy4                
00000c55  __aeabi_memcpy8                
00000c55  memcpy                         
00000cf1  vTaskPriorityInherit           
00000d81  vTaskSwitchContext             
00000e0d  xQueueGenericReset             
00000e91  Task1                          
00000f11  __aeabi_memclr                 
00000f11  __aeabi_memclr4                
00000f11  __aeabi_memclr8                
00000f13  __aeabi_memset                 
00000f13  __aeabi_memset4                
00000f13  __aeabi_memset8                
00000f19  memset                         
00000f8d  xTaskPriorityDisinherit        
00001005  xTaskRemoveFromEventList       
000010eb  __aeabi_idiv0                  
000010eb  __aeabi_ldiv0                  
0000115d  __TI_decompress_lzss           
000011c5  vTaskPlaceOnEventListRestricted
0000122d  vTaskStartScheduler            
00001295  ConfigureUART                  
000012f9  vTaskPlaceOnEventList          
000013bf  vApplicationStackOverflowHook  
000013c1  UARTStdioConfig                
0000153d  xQueueGenericSendFromISR       
00001649  xTaskCheckForTimeOut           
000016e9  TimerCallback                  
00001731  UARTwrite                      
000017c1  __TI_auto_init_nobinit_nopinit 
00001849  vPortFree                      
0000188d  xTimerGenericCommand           
000018d1  __aeabi_uidiv                  
000018d1  __aeabi_uidivmod               
00001911  vQueueWaitForMessageRestricted 
00001951  xPortStartScheduler            
00001991  xTimerCreateTimerTask          
000019d1  xQueueGenericCreate            
00001a47  xTimerCreate                   
00001a81  _c_int00_noargs                
00001ab9  vListInsert                    
00001b21  xPortSysTickHandler            
00001b9d  pxPortInitialiseStack          
00001c0d  uxListRemove                   
00001c2d  vQueueAddToRegistry            
00001c4d  xTaskGetSchedulerState         
00001c89  vPortEnterCritical             
00001ca5  UARTprintf                     
00001cd9  pvTaskIncrementMutexHeldCount  
00001cf1  vListInsertEnd                 
00001d09  vPortExitCritical              
00001d21  vTaskSetTimeOutState           
00001d39  vListInitialise                
00001d65  vPortSetupTimerInterrupt       
00001d9d  vTaskSuspendAll                
00001dad  __TI_decompress_none           
00001dbb  __TI_zero_init                 
00001dc9  vTaskMissedYield               
00001dd5  xTaskGetTickCount              
00001de9  ResetISR                       
00001def  UARTClockSourceSet             
00001df5  vListInitialiseItem            
00001dfb  _system_pre_init               
00001dff  C$$EXIT                        
00001dff  abort                          
00001e1c  ulMaxSyscallInterruptPriority  
00001e30  __TI_Handler_Table_Base        
00001e3c  __TI_Handler_Table_Limit       
00001e48  __TI_CINIT_Base                
00001e58  __TI_CINIT_Limit               
20007670  xQueueRegistry                 
2000776c  Timer1                         
20007770  g_pUARTSemaphore               
20007774  tick_count                     
20007778  __stack                        
20007978  __STACK_END                    
20007978  __STACK_TOP                    
20007978  pxCurrentTCB                   
ffffffff  __TI_pprof_out_hndl            
ffffffff  __TI_prof_data_size            
ffffffff  __TI_prof_data_start           
ffffffff  __binit__                      
ffffffff  __c_args__                     
ffffffff  binit                          
UNDEFED   __mpu_init                     
UNDEFED   _system_post_cinit             

[103 symbols]
