******************************************************************************
                  TI ARM Linker PC v18.1.3                     
******************************************************************************
>> Linked Thu Mar 21 15:26:31 2019

OUTPUT FILE NAME:   <HW3_2.out>
ENTRY POINT SYMBOL: "_c_int00_noargs"  address: 00001c61


MEMORY CONFIGURATION

         name            origin    length      used     unused   attr    fill
----------------------  --------  ---------  --------  --------  ----  --------
  FLASH                 00000000   00040000  0000204e  0003dfb2  R  X
  SRAM                  20000000   00008000  000079d0  00000630  RW X


SEGMENT ALLOCATION MAP

run origin  load origin   length   init length attrs members
----------  ----------- ---------- ----------- ----- -------
00000000    00000000    00002050   00002050    r-x
  00000000    00000000    0000026c   0000026c    r-- .intvecs
  0000026c    0000026c    00001d8e   00001d8e    r-x .text
  00001ffc    00001ffc    0000001c   0000001c    r-- .const
  00002018    00002018    00000038   00000038    r-- .cinit
20000000    20000000    000079d4   00000000    rw-
  20000000    20000000    00007784   00000000    rw- .bss
  20007788    20007788    00000200   00000000    rw- .stack
  20007988    20007988    0000004c   00000000    rw- .data


SECTION ALLOCATION MAP

 output                                  attributes/
section   page    origin      length       input sections
--------  ----  ----------  ----------   ----------------
.intvecs   0    00000000    0000026c     
                  00000000    0000026c     startup_ccs.obj (.intvecs)

.text      0    0000026c    00001d8e     
                  0000026c    000001ea     uartstdio.obj (.text:UARTvprintf)
                  00000456    00000002     startup_ccs.obj (.text:FaultISR)
                  00000458    00000140     freertos_demo.obj (.text:Task1)
                  00000598    00000138     freertos_demo.obj (.text:Task2)
                  000006d0    00000120     freertos_demo.obj (.text:main)
                  000007f0    00000118     queue.obj (.text:xQueueGenericReceive)
                  00000908    00000104     tasks.obj (.text:xTaskIncrementTick)
                  00000a0c    00000100     tasks.obj (.text:xTaskGenericCreate)
                  00000b0c    000000e8     queue.obj (.text:xQueueGenericSend)
                  00000bf4    000000e4     tasks.obj (.text:xTaskResumeAll)
                  00000cd8    000000d2     portasm.obj (.text)
                  00000daa    00000002     startup_ccs.obj (.text:IntDefaultHandler)
                  00000dac    000000ac     heap_2.obj (.text:pvPortMalloc)
                  00000e58    000000a4     timers.obj (.text:prvProcessReceivedCommands)
                  00000efc    0000009c     rtsv7M4_T_le_v4SPD16_eabi.lib : memcpy_t2.asm.obj (.text)
                  00000f98    00000090     tasks.obj (.text:vTaskPriorityInherit)
                  00001028    0000008c     tasks.obj (.text:vTaskSwitchContext)
                  000010b4    00000084     queue.obj (.text:xQueueGenericReset)
                  00001138    0000007a     rtsv7M4_T_le_v4SPD16_eabi.lib : memset_t2.asm.obj (.text)
                  000011b2    00000002     startup_ccs.obj (.text:NmiSR)
                  000011b4    00000078     tasks.obj (.text:xTaskPriorityDisinherit)
                  0000122c    00000074     tasks.obj (.text:xTaskRemoveFromEventList)
                  000012a0    00000072     queue.obj (.text:prvCopyDataToQueue)
                  00001312    00000002     rtsv7M4_T_le_v4SPD16_eabi.lib : div0.asm.obj (.text)
                  00001314    00000070     timers.obj (.text:prvProcessTimerOrBlockTask)
                  00001384    00000068     rtsv7M4_T_le_v4SPD16_eabi.lib : copy_decompress_lzss.c.obj (.text:decompress:lzss:__TI_decompress_lzss)
                  000013ec    00000068     tasks.obj (.text:vTaskPlaceOnEventListRestricted)
                  00001454    00000068     tasks.obj (.text:vTaskStartScheduler)
                  000014bc    00000064     freertos_demo.obj (.text:ConfigureUART)
                  00001520    00000064     tasks.obj (.text:vTaskPlaceOnEventList)
                  00001584    00000062     queue.obj (.text:prvUnlockQueue)
                  000015e6    00000002     freertos_demo.obj (.text:vApplicationStackOverflowHook)
                  000015e8    00000060     uartstdio.obj (.text:UARTStdioConfig)
                  00001648    00000060     tasks.obj (.text:prvInitialiseTaskLists)
                  000016a8    00000060     timers.obj (.text:prvSwitchTimerLists)
                  00001708    0000005c     timers.obj (.text:prvCheckForValidListAndQueue)
                  00001764    0000005c     queue.obj (.text:xQueueGenericSendFromISR)
                  000017c0    00000058     tasks.obj (.text:prvCheckTasksWaitingTermination)
                  00001818    00000056     tasks.obj (.text:prvInitialiseTCBVariables)
                  0000186e    00000002     --HOLE-- [fill = 0]
                  00001870    00000054     tasks.obj (.text:xTaskCheckForTimeOut)
                  000018c4    0000004c     tasks.obj (.text:prvAddCurrentTaskToDelayedList)
                  00001910    00000048     uartstdio.obj (.text:UARTwrite)
                  00001958    00000048     timers.obj (.text:prvProcessExpiredTimer)
                  000019a0    00000044     rtsv7M4_T_le_v4SPD16_eabi.lib : autoinit.c.obj (.text:__TI_auto_init_nobinit_nopinit:__TI_auto_init_nobinit_nopinit)
                  000019e4    00000044     timers.obj (.text:prvInsertTimerInActiveList)
                  00001a28    00000044     heap_2.obj (.text:vPortFree)
                  00001a6c    00000044     timers.obj (.text:xTimerGenericCommand)
                  00001ab0    00000040     rtsv7M4_T_le_v4SPD16_eabi.lib : u_divt2.asm.obj (.text)
                  00001af0    00000040     queue.obj (.text:vQueueWaitForMessageRestricted)
                  00001b30    00000040     port.obj (.text:xPortStartScheduler)
                  00001b70    00000040     timers.obj (.text:xTimerCreateTimerTask)
                  00001bb0    0000003c     queue.obj (.text:xQueueGenericCreate)
                  00001bec    0000003a     tasks.obj (.text:prvAllocateTCBAndStack)
                  00001c26    0000003a     timers.obj (.text:xTimerCreate)
                  00001c60    00000038     rtsv7M4_T_le_v4SPD16_eabi.lib : boot_cortex_m.c.obj (.text:_c_int00_noargs:_c_int00_noargs)
                  00001c98    00000038     list.obj (.text:vListInsert)
                  00001cd0    00000030     heap_2.obj (.text:prvHeapInit)
                  00001d00    0000002c     port.obj (.text:xPortSysTickHandler)
                  00001d2c    00000028     tasks.obj (.text:prvResetNextTaskUnblockTime)
                  00001d54    00000028     timers.obj (.text:prvSampleTimeNow)
                  00001d7c    00000028     port.obj (.text:pxPortInitialiseStack)
                  00001da4    00000026     queue.obj (.text:prvCopyDataFromQueue)
                  00001dca    00000002     --HOLE-- [fill = 0]
                  00001dcc    00000020     timers.obj (.text:prvGetNextExpireTime)
                  00001dec    00000020     list.obj (.text:uxListRemove)
                  00001e0c    00000020     queue.obj (.text:vQueueAddToRegistry)
                  00001e2c    00000020     tasks.obj (.text:xTaskGetSchedulerState)
                  00001e4c    0000001c     queue.obj (.text:prvIsQueueFull)
                  00001e68    0000001c     port.obj (.text:vPortEnterCritical)
                  00001e84    0000001a     uartstdio.obj (.text:UARTprintf)
                  00001e9e    0000001a     queue.obj (.text:prvIsQueueEmpty)
                  00001eb8    00000018     tasks.obj (.text:pvTaskIncrementMutexHeldCount)
                  00001ed0    00000018     list.obj (.text:vListInsertEnd)
                  00001ee8    00000018     port.obj (.text:vPortExitCritical)
                  00001f00    00000018     tasks.obj (.text:vTaskSetTimeOutState)
                  00001f18    00000016     list.obj (.text:vListInitialise)
                  00001f2e    00000014     timers.obj (.text:prvTimerTask)
                  00001f42    00000002     --HOLE-- [fill = 0]
                  00001f44    00000014     port.obj (.text:vPortSetupTimerInterrupt)
                  00001f58    00000012     tasks.obj (.text:prvDeleteTCB)
                  00001f6a    00000010     port.obj (.text:prvTaskExitError)
                  00001f7a    00000002     --HOLE-- [fill = 0]
                  00001f7c    00000010     tasks.obj (.text:vTaskSuspendAll)
                  00001f8c    0000000e     rtsv7M4_T_le_v4SPD16_eabi.lib : copy_decompress_none.c.obj (.text:decompress:none:__TI_decompress_none)
                  00001f9a    00000002     --HOLE-- [fill = 0]
                  00001f9c    0000000c     freertos_demo.obj (.text:TimerCallback1)
                  00001fa8    0000000c     freertos_demo.obj (.text:TimerCallback2)
                  00001fb4    0000000c     rtsv7M4_T_le_v4SPD16_eabi.lib : copy_zero_init.c.obj (.text:decompress:ZI:__TI_zero_init)
                  00001fc0    0000000c     tasks.obj (.text:vTaskMissedYield)
                  00001fcc    0000000c     tasks.obj (.text:xTaskGetTickCount)
                  00001fd8    00000008     tasks.obj (.text:prvIdleTask)
                  00001fe0    00000006     startup_ccs.obj (.text:ResetISR)
                  00001fe6    00000006     driverlib.lib : uart.obj (.text:UARTClockSourceSet)
                  00001fec    00000006     list.obj (.text:vListInitialiseItem)
                  00001ff2    00000004     rtsv7M4_T_le_v4SPD16_eabi.lib : pre_init.c.obj (.text:_system_pre_init)
                  00001ff6    00000004                                   : exit.c.obj (.text:abort:abort)

.const     0    00001ffc    0000001c     
                  00001ffc    0000000c     uartstdio.obj (.const:g_ui32UARTBase)
                  00002008    0000000c     uartstdio.obj (.const:g_ui32UARTPeriph)
                  00002014    00000004     port.obj (.const)

.cinit     0    00002018    00000038     
                  00002018    00000010     (.cinit..data.load) [load image, compression = lzss]
                  00002028    0000000c     (__TI_handler_table)
                  00002034    00000004     --HOLE-- [fill = 0]
                  00002038    00000008     (.cinit..bss.load) [load image, compression = zero_init]
                  00002040    00000010     (__TI_cinit_table)

.init_array 
*          0    00000000    00000000     UNINITIALIZED

.bss       0    20000000    00007784     UNINITIALIZED
                  20000000    00007530     heap_2.obj (.bss:ucHeap)
                  20007530    00000140     tasks.obj (.bss:pxReadyTasksLists)
                  20007670    00000050     (.common:xQueueRegistry)
                  200076c0    00000014     timers.obj (.bss:xActiveTimerList1)
                  200076d4    00000014     timers.obj (.bss:xActiveTimerList2)
                  200076e8    00000014     tasks.obj (.bss:xDelayedTaskList1)
                  200076fc    00000014     tasks.obj (.bss:xDelayedTaskList2)
                  20007710    00000014     tasks.obj (.bss:xPendingReadyList)
                  20007724    00000014     tasks.obj (.bss:xSuspendedTaskList)
                  20007738    00000014     tasks.obj (.bss:xTasksWaitingTermination)
                  2000774c    00000008     tasks.obj (.bss)
                  20007754    00000008     timers.obj (.bss)
                  2000775c    00000008     heap_2.obj (.bss:xEnd)
                  20007764    00000008     heap_2.obj (.bss:xStart)
                  2000776c    00000004     (.common:Timer1)
                  20007770    00000004     (.common:Timer2)
                  20007774    00000004     (.common:flag1)
                  20007778    00000004     (.common:flag2)
                  2000777c    00000004     (.common:g_pUARTSemaphore1)
                  20007780    00000004     (.common:g_pUARTSemaphore2)

.data      0    20007988    0000004c     UNINITIALIZED
                  20007988    00000030     tasks.obj (.data)
                  200079b8    00000008     heap_2.obj (.data)
                  200079c0    00000008     timers.obj (.data)
                  200079c8    00000005     uartstdio.obj (.data)
                  200079cd    00000003     --HOLE--
                  200079d0    00000004     port.obj (.data)

.stack     0    20007788    00000200     UNINITIALIZED
                  20007788    00000004     rtsv7M4_T_le_v4SPD16_eabi.lib : boot_cortex_m.c.obj (.stack)
                  2000778c    000001fc     --HOLE--

MODULE SUMMARY

       Module                       code   ro data   rw data
       ------                       ----   -------   -------
    .\
       freertos_demo.obj            1046   0         24     
       startup_ccs.obj              12     620       0      
    +--+----------------------------+------+---------+---------+
       Total:                       1058   620       24     
                                                            
    .\third_party\FreeRTOS\Source\
       tasks.obj                    2246   0         476    
       queue.obj                    1196   0         80     
       timers.obj                   886    0         56     
       list.obj                     140    0         0      
    +--+----------------------------+------+---------+---------+
       Total:                       4468   0         612    
                                                            
    .\third_party\FreeRTOS\Source\portable\CCS\ARM_CM4F\
       port.obj                     236    4         4      
       portasm.obj                  210    0         0      
    +--+----------------------------+------+---------+---------+
       Total:                       446    4         4      
                                                            
    .\third_party\FreeRTOS\Source\portable\MemMang\
       heap_2.obj                   288    0         30024  
    +--+----------------------------+------+---------+---------+
       Total:                       288    0         30024  
                                                            
    .\utils\
       uartstdio.obj                684    24        5      
    +--+----------------------------+------+---------+---------+
       Total:                       684    24        5      
                                                            
    C:/ti/TivaWare_C_Series-2.1.4.178/driverlib/ccs/Debug/driverlib.lib
       uart.obj                     6      0         0      
    +--+----------------------------+------+---------+---------+
       Total:                       6      0         0      
                                                            
    C:\ti\ccsv8\tools\compiler\ti-cgt-arm_18.1.3.LTS\lib\rtsv7M4_T_le_v4SPD16_eabi.lib
       memcpy_t2.asm.obj            156    0         0      
       memset_t2.asm.obj            122    0         0      
       copy_decompress_lzss.c.obj   104    0         0      
       autoinit.c.obj               68     0         0      
       u_divt2.asm.obj              64     0         0      
       boot_cortex_m.c.obj          56     0         0      
       copy_decompress_none.c.obj   14     0         0      
       copy_zero_init.c.obj         12     0         0      
       exit.c.obj                   4      0         0      
       pre_init.c.obj               4      0         0      
       div0.asm.obj                 2      0         0      
    +--+----------------------------+------+---------+---------+
       Total:                       606    0         0      
                                                            
       Stack:                       0      0         512    
       Linker Generated:            0      52        0      
    +--+----------------------------+------+---------+---------+
       Grand Total:                 7556   700       31181  


LINKER GENERATED COPY TABLES

__TI_cinit_table @ 00002040 records: 2, size/record: 8, table size: 16
	.data: load addr=00002018, load size=00000010 bytes, run addr=20007988, run size=0000004c bytes, compression=lzss
	.bss: load addr=00002038, load size=00000008 bytes, run addr=20000000, run size=00007784 bytes, compression=zero_init


LINKER GENERATED HANDLER TABLE

__TI_handler_table @ 00002028 records: 3, size/record: 4, table size: 12
	index: 0, handler: __TI_decompress_lzss
	index: 1, handler: __TI_decompress_none
	index: 2, handler: __TI_zero_init


GLOBAL SYMBOLS: SORTED ALPHABETICALLY BY Name 

address   name                           
-------   ----                           
00001ff7  C$$EXIT                        
000014bd  ConfigureUART                  
00001fe1  ResetISR                       
00000459  Task1                          
00000599  Task2                          
2000776c  Timer1                         
20007770  Timer2                         
00001f9d  TimerCallback1                 
00001fa9  TimerCallback2                 
00001fe7  UARTClockSourceSet             
000015e9  UARTStdioConfig                
00001e85  UARTprintf                     
0000026d  UARTvprintf                    
00001911  UARTwrite                      
20007988  __STACK_END                    
00000200  __STACK_SIZE                   
20007988  __STACK_TOP                    
00002040  __TI_CINIT_Base                
00002050  __TI_CINIT_Limit               
00002028  __TI_Handler_Table_Base        
00002034  __TI_Handler_Table_Limit       
000019a1  __TI_auto_init_nobinit_nopinit 
00001385  __TI_decompress_lzss           
00001f8d  __TI_decompress_none           
ffffffff  __TI_pprof_out_hndl            
ffffffff  __TI_prof_data_size            
ffffffff  __TI_prof_data_start           
00000000  __TI_static_base__             
00001fb5  __TI_zero_init                 
00001313  __aeabi_idiv0                  
00001313  __aeabi_ldiv0                  
00001139  __aeabi_memclr                 
00001139  __aeabi_memclr4                
00001139  __aeabi_memclr8                
00000efd  __aeabi_memcpy                 
00000efd  __aeabi_memcpy4                
00000efd  __aeabi_memcpy8                
0000113b  __aeabi_memset                 
0000113b  __aeabi_memset4                
0000113b  __aeabi_memset8                
00001ab1  __aeabi_uidiv                  
00001ab1  __aeabi_uidivmod               
ffffffff  __binit__                      
ffffffff  __c_args__                     
UNDEFED   __mpu_init                     
20007788  __stack                        
00001c61  _c_int00_noargs                
UNDEFED   _system_post_cinit             
00001ff3  _system_pre_init               
00001ff7  abort                          
ffffffff  binit                          
20007774  flag1                          
20007778  flag2                          
2000777c  g_pUARTSemaphore1              
20007780  g_pUARTSemaphore2              
00000000  g_pfnVectors                   
000006d1  main                           
00000efd  memcpy                         
00001141  memset                         
00000dad  pvPortMalloc                   
00001eb9  pvTaskIncrementMutexHeldCount  
20007988  pxCurrentTCB                   
00001d7d  pxPortInitialiseStack          
00002014  ulMaxSyscallInterruptPriority  
00000ce9  ulPortGetIPSR                  
00001ded  uxListRemove                   
000015e7  vApplicationStackOverflowHook  
00001f19  vListInitialise                
00001fed  vListInitialiseItem            
00001c99  vListInsert                    
00001ed1  vListInsertEnd                 
00000d9d  vPortEnableVFP                 
00001e69  vPortEnterCritical             
00001ee9  vPortExitCritical              
00001a29  vPortFree                      
00000d61  vPortSVCHandler                
00001f45  vPortSetupTimerInterrupt       
00000d81  vPortStartFirstTask            
00001e0d  vQueueAddToRegistry            
00001af1  vQueueWaitForMessageRestricted 
00001fc1  vTaskMissedYield               
00001521  vTaskPlaceOnEventList          
000013ed  vTaskPlaceOnEventListRestricted
00000f99  vTaskPriorityInherit           
00001f01  vTaskSetTimeOutState           
00001455  vTaskStartScheduler            
00001f7d  vTaskSuspendAll                
00001029  vTaskSwitchContext             
00000d01  xPortPendSVHandler             
00001b31  xPortStartScheduler            
00001d01  xPortSysTickHandler            
00001bb1  xQueueGenericCreate            
000007f1  xQueueGenericReceive           
000010b5  xQueueGenericReset             
00000b0d  xQueueGenericSend              
00001765  xQueueGenericSendFromISR       
20007670  xQueueRegistry                 
00001871  xTaskCheckForTimeOut           
00000a0d  xTaskGenericCreate             
00001e2d  xTaskGetSchedulerState         
00001fcd  xTaskGetTickCount              
00000909  xTaskIncrementTick             
000011b5  xTaskPriorityDisinherit        
0000122d  xTaskRemoveFromEventList       
00000bf5  xTaskResumeAll                 
00001c27  xTimerCreate                   
00001b71  xTimerCreateTimerTask          
00001a6d  xTimerGenericCommand           


GLOBAL SYMBOLS: SORTED BY Symbol Address 

address   name                           
-------   ----                           
00000000  __TI_static_base__             
00000000  g_pfnVectors                   
00000200  __STACK_SIZE                   
0000026d  UARTvprintf                    
00000459  Task1                          
00000599  Task2                          
000006d1  main                           
000007f1  xQueueGenericReceive           
00000909  xTaskIncrementTick             
00000a0d  xTaskGenericCreate             
00000b0d  xQueueGenericSend              
00000bf5  xTaskResumeAll                 
00000ce9  ulPortGetIPSR                  
00000d01  xPortPendSVHandler             
00000d61  vPortSVCHandler                
00000d81  vPortStartFirstTask            
00000d9d  vPortEnableVFP                 
00000dad  pvPortMalloc                   
00000efd  __aeabi_memcpy                 
00000efd  __aeabi_memcpy4                
00000efd  __aeabi_memcpy8                
00000efd  memcpy                         
00000f99  vTaskPriorityInherit           
00001029  vTaskSwitchContext             
000010b5  xQueueGenericReset             
00001139  __aeabi_memclr                 
00001139  __aeabi_memclr4                
00001139  __aeabi_memclr8                
0000113b  __aeabi_memset                 
0000113b  __aeabi_memset4                
0000113b  __aeabi_memset8                
00001141  memset                         
000011b5  xTaskPriorityDisinherit        
0000122d  xTaskRemoveFromEventList       
00001313  __aeabi_idiv0                  
00001313  __aeabi_ldiv0                  
00001385  __TI_decompress_lzss           
000013ed  vTaskPlaceOnEventListRestricted
00001455  vTaskStartScheduler            
000014bd  ConfigureUART                  
00001521  vTaskPlaceOnEventList          
000015e7  vApplicationStackOverflowHook  
000015e9  UARTStdioConfig                
00001765  xQueueGenericSendFromISR       
00001871  xTaskCheckForTimeOut           
00001911  UARTwrite                      
000019a1  __TI_auto_init_nobinit_nopinit 
00001a29  vPortFree                      
00001a6d  xTimerGenericCommand           
00001ab1  __aeabi_uidiv                  
00001ab1  __aeabi_uidivmod               
00001af1  vQueueWaitForMessageRestricted 
00001b31  xPortStartScheduler            
00001b71  xTimerCreateTimerTask          
00001bb1  xQueueGenericCreate            
00001c27  xTimerCreate                   
00001c61  _c_int00_noargs                
00001c99  vListInsert                    
00001d01  xPortSysTickHandler            
00001d7d  pxPortInitialiseStack          
00001ded  uxListRemove                   
00001e0d  vQueueAddToRegistry            
00001e2d  xTaskGetSchedulerState         
00001e69  vPortEnterCritical             
00001e85  UARTprintf                     
00001eb9  pvTaskIncrementMutexHeldCount  
00001ed1  vListInsertEnd                 
00001ee9  vPortExitCritical              
00001f01  vTaskSetTimeOutState           
00001f19  vListInitialise                
00001f45  vPortSetupTimerInterrupt       
00001f7d  vTaskSuspendAll                
00001f8d  __TI_decompress_none           
00001f9d  TimerCallback1                 
00001fa9  TimerCallback2                 
00001fb5  __TI_zero_init                 
00001fc1  vTaskMissedYield               
00001fcd  xTaskGetTickCount              
00001fe1  ResetISR                       
00001fe7  UARTClockSourceSet             
00001fed  vListInitialiseItem            
00001ff3  _system_pre_init               
00001ff7  C$$EXIT                        
00001ff7  abort                          
00002014  ulMaxSyscallInterruptPriority  
00002028  __TI_Handler_Table_Base        
00002034  __TI_Handler_Table_Limit       
00002040  __TI_CINIT_Base                
00002050  __TI_CINIT_Limit               
20007670  xQueueRegistry                 
2000776c  Timer1                         
20007770  Timer2                         
20007774  flag1                          
20007778  flag2                          
2000777c  g_pUARTSemaphore1              
20007780  g_pUARTSemaphore2              
20007788  __stack                        
20007988  __STACK_END                    
20007988  __STACK_TOP                    
20007988  pxCurrentTCB                   
ffffffff  __TI_pprof_out_hndl            
ffffffff  __TI_prof_data_size            
ffffffff  __TI_prof_data_start           
ffffffff  __binit__                      
ffffffff  __c_args__                     
ffffffff  binit                          
UNDEFED   __mpu_init                     
UNDEFED   _system_post_cinit             

[108 symbols]
