<?xml version="1.0" encoding="ISO-8859-1" ?>
<link_info>
   <banner>TI ARM Linker PC v18.1.3.LTS</banner>
   <copyright>Copyright (c) 1996-2017 Texas Instruments Incorporated</copyright>
   <link_time>0x5cad6a44</link_time>
   <link_errors>0x0</link_errors>
   <output_file>Exercise5_question2.out</output_file>
   <entry_point>
      <name>_c_int00_noargs</name>
      <address>0x2541</address>
   </entry_point>
   <input_file_list>
      <input_file id="fl-2">
         <path>.\</path>
         <kind>object</kind>
         <file>freertos_demo.obj</file>
         <name>freertos_demo.obj</name>
      </input_file>
      <input_file id="fl-3">
         <path>.\</path>
         <kind>object</kind>
         <file>startup_ccs.obj</file>
         <name>startup_ccs.obj</name>
      </input_file>
      <input_file id="fl-4">
         <path>.\drivers\</path>
         <kind>object</kind>
         <file>buttons.obj</file>
         <name>buttons.obj</name>
      </input_file>
      <input_file id="fl-5">
         <path>.\drivers\</path>
         <kind>object</kind>
         <file>rgb.obj</file>
         <name>rgb.obj</name>
      </input_file>
      <input_file id="fl-6">
         <path>.\third_party\FreeRTOS\Source\</path>
         <kind>object</kind>
         <file>list.obj</file>
         <name>list.obj</name>
      </input_file>
      <input_file id="fl-7">
         <path>.\third_party\FreeRTOS\Source\</path>
         <kind>object</kind>
         <file>queue.obj</file>
         <name>queue.obj</name>
      </input_file>
      <input_file id="fl-8">
         <path>.\third_party\FreeRTOS\Source\</path>
         <kind>object</kind>
         <file>tasks.obj</file>
         <name>tasks.obj</name>
      </input_file>
      <input_file id="fl-9">
         <path>.\third_party\FreeRTOS\Source\portable\CCS\ARM_CM4F\</path>
         <kind>object</kind>
         <file>port.obj</file>
         <name>port.obj</name>
      </input_file>
      <input_file id="fl-a">
         <path>.\third_party\FreeRTOS\Source\portable\CCS\ARM_CM4F\</path>
         <kind>object</kind>
         <file>portasm.obj</file>
         <name>portasm.obj</name>
      </input_file>
      <input_file id="fl-b">
         <path>.\third_party\FreeRTOS\Source\portable\MemMang\</path>
         <kind>object</kind>
         <file>heap_2.obj</file>
         <name>heap_2.obj</name>
      </input_file>
      <input_file id="fl-c">
         <path>.\utils\</path>
         <kind>object</kind>
         <file>uartstdio.obj</file>
         <name>uartstdio.obj</name>
      </input_file>
      <input_file id="fl-d">
         <path>.\utils\</path>
         <kind>object</kind>
         <file>ustdlib.obj</file>
         <name>ustdlib.obj</name>
      </input_file>
      <input_file id="fl-12">
         <kind>object</kind>
         <file>&lt;internal&gt;</file>
         <name>&lt;internal&gt;</name>
      </input_file>
      <input_file id="fl-c8">
         <path>C:\ti\ccsv8\tools\compiler\ti-cgt-arm_18.1.3.LTS\lib\</path>
         <kind>archive</kind>
         <file>rtsv7M4_T_le_v4SPD16_eabi.lib</file>
         <name>memset_t2.asm.obj</name>
      </input_file>
      <input_file id="fl-c9">
         <path>C:\ti\ccsv8\tools\compiler\ti-cgt-arm_18.1.3.LTS\lib\</path>
         <kind>archive</kind>
         <file>rtsv7M4_T_le_v4SPD16_eabi.lib</file>
         <name>ull_div_t2.asm.obj</name>
      </input_file>
      <input_file id="fl-ca">
         <path>C:\ti\ccsv8\tools\compiler\ti-cgt-arm_18.1.3.LTS\lib\</path>
         <kind>archive</kind>
         <file>rtsv7M4_T_le_v4SPD16_eabi.lib</file>
         <name>u_divt2.asm.obj</name>
      </input_file>
      <input_file id="fl-cb">
         <path>C:\ti\ccsv8\tools\compiler\ti-cgt-arm_18.1.3.LTS\lib\</path>
         <kind>archive</kind>
         <file>rtsv7M4_T_le_v4SPD16_eabi.lib</file>
         <name>fs_toull_t2.asm.obj</name>
      </input_file>
      <input_file id="fl-cc">
         <path>C:\ti\ccsv8\tools\compiler\ti-cgt-arm_18.1.3.LTS\lib\</path>
         <kind>archive</kind>
         <file>rtsv7M4_T_le_v4SPD16_eabi.lib</file>
         <name>memcpy_t2.asm.obj</name>
      </input_file>
      <input_file id="fl-cd">
         <path>C:\ti\ccsv8\tools\compiler\ti-cgt-arm_18.1.3.LTS\lib\</path>
         <kind>archive</kind>
         <file>rtsv7M4_T_le_v4SPD16_eabi.lib</file>
         <name>copy_zero_init.c.obj</name>
      </input_file>
      <input_file id="fl-ce">
         <path>C:\ti\ccsv8\tools\compiler\ti-cgt-arm_18.1.3.LTS\lib\</path>
         <kind>archive</kind>
         <file>rtsv7M4_T_le_v4SPD16_eabi.lib</file>
         <name>copy_decompress_none.c.obj</name>
      </input_file>
      <input_file id="fl-cf">
         <path>C:\ti\ccsv8\tools\compiler\ti-cgt-arm_18.1.3.LTS\lib\</path>
         <kind>archive</kind>
         <file>rtsv7M4_T_le_v4SPD16_eabi.lib</file>
         <name>copy_decompress_lzss.c.obj</name>
      </input_file>
      <input_file id="fl-d0">
         <path>C:\ti\ccsv8\tools\compiler\ti-cgt-arm_18.1.3.LTS\lib\</path>
         <kind>archive</kind>
         <file>rtsv7M4_T_le_v4SPD16_eabi.lib</file>
         <name>boot_cortex_m.c.obj</name>
      </input_file>
      <input_file id="fl-d1">
         <path>C:\ti\ccsv8\tools\compiler\ti-cgt-arm_18.1.3.LTS\lib\</path>
         <kind>archive</kind>
         <file>rtsv7M4_T_le_v4SPD16_eabi.lib</file>
         <name>div0.asm.obj</name>
      </input_file>
      <input_file id="fl-d2">
         <path>C:\ti\ccsv8\tools\compiler\ti-cgt-arm_18.1.3.LTS\lib\</path>
         <kind>archive</kind>
         <file>rtsv7M4_T_le_v4SPD16_eabi.lib</file>
         <name>autoinit.c.obj</name>
      </input_file>
      <input_file id="fl-d3">
         <path>C:\ti\ccsv8\tools\compiler\ti-cgt-arm_18.1.3.LTS\lib\</path>
         <kind>archive</kind>
         <file>rtsv7M4_T_le_v4SPD16_eabi.lib</file>
         <name>pre_init.c.obj</name>
      </input_file>
      <input_file id="fl-d4">
         <path>C:\ti\ccsv8\tools\compiler\ti-cgt-arm_18.1.3.LTS\lib\</path>
         <kind>archive</kind>
         <file>rtsv7M4_T_le_v4SPD16_eabi.lib</file>
         <name>cpy_tbl.c.obj</name>
      </input_file>
      <input_file id="fl-d5">
         <path>C:\ti\ccsv8\tools\compiler\ti-cgt-arm_18.1.3.LTS\lib\</path>
         <kind>archive</kind>
         <file>rtsv7M4_T_le_v4SPD16_eabi.lib</file>
         <name>exit.c.obj</name>
      </input_file>
      <input_file id="fl-d6">
         <path>C:\ti\ccsv8\tools\compiler\ti-cgt-arm_18.1.3.LTS\lib\</path>
         <kind>archive</kind>
         <file>rtsv7M4_T_le_v4SPD16_eabi.lib</file>
         <name>_lock.c.obj</name>
      </input_file>
      <input_file id="fl-d7">
         <path>C:\ti\ccsv8\tools\compiler\ti-cgt-arm_18.1.3.LTS\lib\</path>
         <kind>archive</kind>
         <file>rtsv7M4_T_le_v4SPD16_eabi.lib</file>
         <name>args_main.c.obj</name>
      </input_file>
      <input_file id="fl-d8">
         <path>C:\ti\TivaWare_C_Series-2.1.4.178\driverlib\ccs\Debug\</path>
         <kind>archive</kind>
         <file>driverlib.lib</file>
         <name>sysctl.obj</name>
      </input_file>
      <input_file id="fl-d9">
         <path>C:\ti\TivaWare_C_Series-2.1.4.178\driverlib\ccs\Debug\</path>
         <kind>archive</kind>
         <file>driverlib.lib</file>
         <name>uart.obj</name>
      </input_file>
      <input_file id="fl-da">
         <path>C:\ti\TivaWare_C_Series-2.1.4.178\driverlib\ccs\Debug\</path>
         <kind>archive</kind>
         <file>driverlib.lib</file>
         <name>cpu.obj</name>
      </input_file>
      <input_file id="fl-db">
         <path>C:\ti\TivaWare_C_Series-2.1.4.178\driverlib\ccs\Debug\</path>
         <kind>archive</kind>
         <file>driverlib.lib</file>
         <name>interrupt.obj</name>
      </input_file>
   </input_file_list>
   <object_component_list>
      <object_component id="oc-f">
         <name>.intvecs</name>
         <load_address>0x0</load_address>
         <run_address>0x0</run_address>
         <size>0x26c</size>
         <input_file_ref idref="fl-3"/>
      </object_component>
      <object_component id="oc-47">
         <name>.text:Timer0IntHandler</name>
         <load_address>0x26c</load_address>
         <run_address>0x26c</run_address>
         <size>0x2e8</size>
         <input_file_ref idref="fl-2"/>
      </object_component>
      <object_component id="oc-f5">
         <name>.text:main</name>
         <load_address>0x554</load_address>
         <run_address>0x554</run_address>
         <size>0x244</size>
         <input_file_ref idref="fl-2"/>
      </object_component>
      <object_component id="oc-13b">
         <name>.text:UARTvprintf</name>
         <load_address>0x798</load_address>
         <run_address>0x798</run_address>
         <size>0x1ea</size>
         <input_file_ref idref="fl-c"/>
      </object_component>
      <object_component id="oc-30">
         <name>.text:FaultISR</name>
         <load_address>0x982</load_address>
         <run_address>0x982</run_address>
         <size>0x2</size>
         <input_file_ref idref="fl-3"/>
      </object_component>
      <object_component id="oc-1a0">
         <name>.text:Task1</name>
         <load_address>0x984</load_address>
         <run_address>0x984</run_address>
         <size>0x15c</size>
         <input_file_ref idref="fl-2"/>
      </object_component>
      <object_component id="oc-1a6">
         <name>.text:Task2</name>
         <load_address>0xae0</load_address>
         <run_address>0xae0</run_address>
         <size>0x15c</size>
         <input_file_ref idref="fl-2"/>
      </object_component>
      <object_component id="oc-1ac">
         <name>.text:Task3</name>
         <load_address>0xc3c</load_address>
         <run_address>0xc3c</run_address>
         <size>0x15c</size>
         <input_file_ref idref="fl-2"/>
      </object_component>
      <object_component id="oc-1b2">
         <name>.text:Task4</name>
         <load_address>0xd98</load_address>
         <run_address>0xd98</run_address>
         <size>0x15c</size>
         <input_file_ref idref="fl-2"/>
      </object_component>
      <object_component id="oc-1b8">
         <name>.text:Task5</name>
         <load_address>0xef4</load_address>
         <run_address>0xef4</run_address>
         <size>0x15c</size>
         <input_file_ref idref="fl-2"/>
      </object_component>
      <object_component id="oc-1be">
         <name>.text:Task6</name>
         <load_address>0x1050</load_address>
         <run_address>0x1050</run_address>
         <size>0x15c</size>
         <input_file_ref idref="fl-2"/>
      </object_component>
      <object_component id="oc-1c4">
         <name>.text:Task7</name>
         <load_address>0x11ac</load_address>
         <run_address>0x11ac</run_address>
         <size>0x15c</size>
         <input_file_ref idref="fl-2"/>
      </object_component>
      <object_component id="oc-29a">
         <name>.text:xQueueGenericReceive</name>
         <load_address>0x1308</load_address>
         <run_address>0x1308</run_address>
         <size>0x118</size>
         <input_file_ref idref="fl-7"/>
      </object_component>
      <object_component id="oc-9e">
         <name>.text:xTaskIncrementTick</name>
         <load_address>0x1420</load_address>
         <run_address>0x1420</run_address>
         <size>0x104</size>
         <input_file_ref idref="fl-8"/>
      </object_component>
      <object_component id="oc-193">
         <name>.text:xTaskGenericCreate</name>
         <load_address>0x1524</load_address>
         <run_address>0x1524</run_address>
         <size>0x100</size>
         <input_file_ref idref="fl-8"/>
      </object_component>
      <object_component id="oc-261">
         <name>.text:xQueueGenericSend</name>
         <load_address>0x1624</load_address>
         <run_address>0x1624</run_address>
         <size>0xe8</size>
         <input_file_ref idref="fl-7"/>
      </object_component>
      <object_component id="oc-2f3">
         <name>.text:xTaskResumeAll</name>
         <load_address>0x170c</load_address>
         <run_address>0x170c</run_address>
         <size>0xe4</size>
         <input_file_ref idref="fl-8"/>
      </object_component>
      <object_component id="oc-3c">
         <name>.text</name>
         <load_address>0x17f0</load_address>
         <run_address>0x17f0</run_address>
         <size>0xd2</size>
         <input_file_ref idref="fl-a"/>
      </object_component>
      <object_component id="oc-36">
         <name>.text:IntDefaultHandler</name>
         <load_address>0x18c2</load_address>
         <run_address>0x18c2</run_address>
         <size>0x2</size>
         <input_file_ref idref="fl-3"/>
      </object_component>
      <object_component id="oc-2a0">
         <name>.text:vTaskDelete</name>
         <load_address>0x18c4</load_address>
         <run_address>0x18c4</run_address>
         <size>0xb4</size>
         <input_file_ref idref="fl-8"/>
      </object_component>
      <object_component id="oc-24e">
         <name>.text:pvPortMalloc</name>
         <load_address>0x1978</load_address>
         <run_address>0x1978</run_address>
         <size>0xac</size>
         <input_file_ref idref="fl-b"/>
      </object_component>
      <object_component id="oc-5b">
         <name>.text</name>
         <load_address>0x1a24</load_address>
         <run_address>0x1a24</run_address>
         <size>0x9c</size>
         <input_file_ref idref="fl-cc"/>
      </object_component>
      <object_component id="oc-b1">
         <name>.text</name>
         <load_address>0x1ac0</load_address>
         <run_address>0x1ac0</run_address>
         <size>0x96</size>
         <input_file_ref idref="fl-c9"/>
      </object_component>
      <object_component id="oc-2a">
         <name>.text:NmiSR</name>
         <load_address>0x1b56</load_address>
         <run_address>0x1b56</run_address>
         <size>0x2</size>
         <input_file_ref idref="fl-3"/>
      </object_component>
      <object_component id="oc-366">
         <name>.text:vTaskPriorityInherit</name>
         <load_address>0x1b58</load_address>
         <run_address>0x1b58</run_address>
         <size>0x90</size>
         <input_file_ref idref="fl-8"/>
      </object_component>
      <object_component id="oc-97">
         <name>.text:vTaskSwitchContext</name>
         <load_address>0x1be8</load_address>
         <run_address>0x1be8</run_address>
         <size>0x8c</size>
         <input_file_ref idref="fl-8"/>
      </object_component>
      <object_component id="oc-254">
         <name>.text:xQueueGenericReset</name>
         <load_address>0x1c74</load_address>
         <run_address>0x1c74</run_address>
         <size>0x84</size>
         <input_file_ref idref="fl-7"/>
      </object_component>
      <object_component id="oc-e9">
         <name>.text</name>
         <load_address>0x1cf8</load_address>
         <run_address>0x1cf8</run_address>
         <size>0x7a</size>
         <input_file_ref idref="fl-c8"/>
      </object_component>
      <object_component id="oc-148">
         <name>.text</name>
         <load_address>0x1d72</load_address>
         <run_address>0x1d72</run_address>
         <size>0x2</size>
         <input_file_ref idref="fl-d1"/>
      </object_component>
      <object_component id="oc-3d4">
         <name>.text:xTaskPriorityDisinherit</name>
         <load_address>0x1d74</load_address>
         <run_address>0x1d74</run_address>
         <size>0x78</size>
         <input_file_ref idref="fl-8"/>
      </object_component>
      <object_component id="oc-12d">
         <name>.text:xTaskRemoveFromEventList</name>
         <load_address>0x1dec</load_address>
         <run_address>0x1dec</run_address>
         <size>0x74</size>
         <input_file_ref idref="fl-8"/>
      </object_component>
      <object_component id="oc-324">
         <name>.text:prvCopyDataToQueue</name>
         <load_address>0x1e60</load_address>
         <run_address>0x1e60</run_address>
         <size>0x72</size>
         <input_file_ref idref="fl-7"/>
      </object_component>
      <object_component id="oc-12">
         <name>.text:decompress:lzss:__TI_decompress_lzss</name>
         <load_address>0x1ed2</load_address>
         <run_address>0x1ed2</run_address>
         <size>0x68</size>
         <input_file_ref idref="fl-cf"/>
      </object_component>
      <object_component id="oc-10d">
         <name>.text:vApplicationStackOverflowHook</name>
         <load_address>0x1f3a</load_address>
         <run_address>0x1f3a</run_address>
         <size>0x2</size>
         <input_file_ref idref="fl-2"/>
      </object_component>
      <object_component id="oc-181">
         <name>.text:ConfigureUART</name>
         <load_address>0x1f3c</load_address>
         <run_address>0x1f3c</run_address>
         <size>0x64</size>
         <input_file_ref idref="fl-2"/>
      </object_component>
      <object_component id="oc-31e">
         <name>.text:vTaskPlaceOnEventList</name>
         <load_address>0x1fa0</load_address>
         <run_address>0x1fa0</run_address>
         <size>0x64</size>
         <input_file_ref idref="fl-8"/>
      </object_component>
      <object_component id="oc-312">
         <name>.text:prvUnlockQueue</name>
         <load_address>0x2004</load_address>
         <run_address>0x2004</run_address>
         <size>0x62</size>
         <input_file_ref idref="fl-7"/>
      </object_component>
      <object_component id="oc-247">
         <name>.text:UARTStdioConfig</name>
         <load_address>0x2068</load_address>
         <run_address>0x2068</run_address>
         <size>0x60</size>
         <input_file_ref idref="fl-c"/>
      </object_component>
      <object_component id="oc-280">
         <name>.text:prvInitialiseTaskLists</name>
         <load_address>0x20c8</load_address>
         <run_address>0x20c8</run_address>
         <size>0x60</size>
         <input_file_ref idref="fl-8"/>
      </object_component>
      <object_component id="oc-199">
         <name>.text:vTaskStartScheduler</name>
         <load_address>0x2128</load_address>
         <run_address>0x2128</run_address>
         <size>0x60</size>
         <input_file_ref idref="fl-8"/>
      </object_component>
      <object_component id="oc-359">
         <name>.text:prvCheckTasksWaitingTermination</name>
         <load_address>0x2188</load_address>
         <run_address>0x2188</run_address>
         <size>0x58</size>
         <input_file_ref idref="fl-8"/>
      </object_component>
      <object_component id="oc-26e">
         <name>.text:prvInitialiseTCBVariables</name>
         <load_address>0x21e0</load_address>
         <run_address>0x21e0</run_address>
         <size>0x56</size>
         <input_file_ref idref="fl-8"/>
      </object_component>
      <object_component id="oc-a5">
         <name>.text:xQueueGiveFromISR</name>
         <load_address>0x2236</load_address>
         <run_address>0x2236</run_address>
         <size>0x56</size>
         <input_file_ref idref="fl-7"/>
      </object_component>
      <object_component id="oc-30c">
         <name>.text:xTaskCheckForTimeOut</name>
         <load_address>0x228c</load_address>
         <run_address>0x228c</run_address>
         <size>0x54</size>
         <input_file_ref idref="fl-8"/>
      </object_component>
      <object_component id="oc-3cd">
         <name>.text:prvAddCurrentTaskToDelayedList</name>
         <load_address>0x22e0</load_address>
         <run_address>0x22e0</run_address>
         <size>0x4c</size>
         <input_file_ref idref="fl-8"/>
      </object_component>
      <object_component id="oc-18d">
         <name>.text:xQueueCreateMutex</name>
         <load_address>0x232c</load_address>
         <run_address>0x232c</run_address>
         <size>0x4c</size>
         <input_file_ref idref="fl-7"/>
      </object_component>
      <object_component id="oc-231">
         <name>.text:UARTwrite</name>
         <load_address>0x2378</load_address>
         <run_address>0x2378</run_address>
         <size>0x48</size>
         <input_file_ref idref="fl-c"/>
      </object_component>
      <object_component id="oc-1d8">
         <name>.text:__TI_auto_init_nobinit_nopinit:__TI_auto_init_nobinit_nopinit</name>
         <load_address>0x23c0</load_address>
         <run_address>0x23c0</run_address>
         <size>0x44</size>
         <input_file_ref idref="fl-d2"/>
      </object_component>
      <object_component id="oc-32b">
         <name>.text:vPortFree</name>
         <load_address>0x2404</load_address>
         <run_address>0x2404</run_address>
         <size>0x44</size>
         <input_file_ref idref="fl-b"/>
      </object_component>
      <object_component id="oc-237">
         <name>.text</name>
         <load_address>0x2448</load_address>
         <run_address>0x2448</run_address>
         <size>0x40</size>
         <input_file_ref idref="fl-ca"/>
      </object_component>
      <object_component id="oc-28d">
         <name>.text:xPortStartScheduler</name>
         <load_address>0x2488</load_address>
         <run_address>0x2488</run_address>
         <size>0x40</size>
         <input_file_ref idref="fl-9"/>
      </object_component>
      <object_component id="oc-187">
         <name>.text:xQueueGenericCreate</name>
         <load_address>0x24c8</load_address>
         <run_address>0x24c8</run_address>
         <size>0x3c</size>
         <input_file_ref idref="fl-7"/>
      </object_component>
      <object_component id="oc-268">
         <name>.text:prvAllocateTCBAndStack</name>
         <load_address>0x2504</load_address>
         <run_address>0x2504</run_address>
         <size>0x3a</size>
         <input_file_ref idref="fl-8"/>
      </object_component>
      <object_component id="oc-79">
         <name>.text:_c_int00_noargs:_c_int00_noargs</name>
         <load_address>0x2540</load_address>
         <run_address>0x2540</run_address>
         <size>0x38</size>
         <input_file_ref idref="fl-d0"/>
      </object_component>
      <object_component id="oc-3c7">
         <name>.text:vListInsert</name>
         <load_address>0x2578</load_address>
         <run_address>0x2578</run_address>
         <size>0x38</size>
         <input_file_ref idref="fl-6"/>
      </object_component>
      <object_component id="oc-2ed">
         <name>.text:prvHeapInit</name>
         <load_address>0x25b0</load_address>
         <run_address>0x25b0</run_address>
         <size>0x30</size>
         <input_file_ref idref="fl-b"/>
      </object_component>
      <object_component id="oc-41">
         <name>.text:xPortSysTickHandler</name>
         <load_address>0x25e0</load_address>
         <run_address>0x25e0</run_address>
         <size>0x2c</size>
         <input_file_ref idref="fl-9"/>
      </object_component>
      <object_component id="oc-117">
         <name>.text:prvResetNextTaskUnblockTime</name>
         <load_address>0x260c</load_address>
         <run_address>0x260c</run_address>
         <size>0x28</size>
         <input_file_ref idref="fl-8"/>
      </object_component>
      <object_component id="oc-274">
         <name>.text:pxPortInitialiseStack</name>
         <load_address>0x2634</load_address>
         <run_address>0x2634</run_address>
         <size>0x28</size>
         <input_file_ref idref="fl-9"/>
      </object_component>
      <object_component id="oc-36c">
         <name>.text:prvCopyDataFromQueue</name>
         <load_address>0x265c</load_address>
         <run_address>0x265c</run_address>
         <size>0x26</size>
         <input_file_ref idref="fl-7"/>
      </object_component>
      <object_component id="oc-11d">
         <name>.text:uxListRemove</name>
         <load_address>0x2682</load_address>
         <run_address>0x2682</run_address>
         <size>0x20</size>
         <input_file_ref idref="fl-6"/>
      </object_component>
      <object_component id="oc-318">
         <name>.text:prvIsQueueFull</name>
         <load_address>0x26a2</load_address>
         <run_address>0x26a2</run_address>
         <size>0x1c</size>
         <input_file_ref idref="fl-7"/>
      </object_component>
      <object_component id="oc-27a">
         <name>.text:vPortEnterCritical</name>
         <load_address>0x26c0</load_address>
         <run_address>0x26c0</run_address>
         <size>0x1c</size>
         <input_file_ref idref="fl-9"/>
      </object_component>
      <object_component id="oc-ab">
         <name>.text:UARTprintf</name>
         <load_address>0x26dc</load_address>
         <run_address>0x26dc</run_address>
         <size>0x1a</size>
         <input_file_ref idref="fl-c"/>
      </object_component>
      <object_component id="oc-360">
         <name>.text:prvIsQueueEmpty</name>
         <load_address>0x26f6</load_address>
         <run_address>0x26f6</run_address>
         <size>0x1a</size>
         <input_file_ref idref="fl-7"/>
      </object_component>
      <object_component id="oc-372">
         <name>.text:pvTaskIncrementMutexHeldCount</name>
         <load_address>0x2710</load_address>
         <run_address>0x2710</run_address>
         <size>0x18</size>
         <input_file_ref idref="fl-8"/>
      </object_component>
      <object_component id="oc-123">
         <name>.text:vListInsertEnd</name>
         <load_address>0x2728</load_address>
         <run_address>0x2728</run_address>
         <size>0x18</size>
         <input_file_ref idref="fl-6"/>
      </object_component>
      <object_component id="oc-286">
         <name>.text:vPortExitCritical</name>
         <load_address>0x2740</load_address>
         <run_address>0x2740</run_address>
         <size>0x18</size>
         <input_file_ref idref="fl-9"/>
      </object_component>
      <object_component id="oc-306">
         <name>.text:vTaskSetTimeOutState</name>
         <load_address>0x2758</load_address>
         <run_address>0x2758</run_address>
         <size>0x18</size>
         <input_file_ref idref="fl-8"/>
      </object_component>
      <object_component id="oc-25b">
         <name>.text:vListInitialise</name>
         <load_address>0x2770</load_address>
         <run_address>0x2770</run_address>
         <size>0x16</size>
         <input_file_ref idref="fl-6"/>
      </object_component>
      <object_component id="oc-352">
         <name>.text:vPortSetupTimerInterrupt</name>
         <load_address>0x2788</load_address>
         <run_address>0x2788</run_address>
         <size>0x14</size>
         <input_file_ref idref="fl-9"/>
      </object_component>
      <object_component id="oc-3e9">
         <name>.text:prvDeleteTCB</name>
         <load_address>0x279c</load_address>
         <run_address>0x279c</run_address>
         <size>0x12</size>
         <input_file_ref idref="fl-8"/>
      </object_component>
      <object_component id="oc-339">
         <name>.text:prvTaskExitError</name>
         <load_address>0x27ae</load_address>
         <run_address>0x27ae</run_address>
         <size>0x10</size>
         <input_file_ref idref="fl-9"/>
      </object_component>
      <object_component id="oc-2e7">
         <name>.text:vTaskSuspendAll</name>
         <load_address>0x27c0</load_address>
         <run_address>0x27c0</run_address>
         <size>0x10</size>
         <input_file_ref idref="fl-8"/>
      </object_component>
      <object_component id="oc-18">
         <name>.text:decompress:none:__TI_decompress_none</name>
         <load_address>0x27d0</load_address>
         <run_address>0x27d0</run_address>
         <size>0xe</size>
         <input_file_ref idref="fl-ce"/>
      </object_component>
      <object_component id="oc-6d">
         <name>.text:decompress:ZI:__TI_zero_init</name>
         <load_address>0x27de</load_address>
         <run_address>0x27de</run_address>
         <size>0xc</size>
         <input_file_ref idref="fl-cd"/>
      </object_component>
      <object_component id="oc-3bf">
         <name>.text:vTaskMissedYield</name>
         <load_address>0x27ec</load_address>
         <run_address>0x27ec</run_address>
         <size>0xc</size>
         <input_file_ref idref="fl-8"/>
      </object_component>
      <object_component id="oc-17b">
         <name>.text:xTaskGetTickCount</name>
         <load_address>0x27f8</load_address>
         <run_address>0x27f8</run_address>
         <size>0xc</size>
         <input_file_ref idref="fl-8"/>
      </object_component>
      <object_component id="oc-293">
         <name>.text:prvIdleTask</name>
         <load_address>0x2804</load_address>
         <run_address>0x2804</run_address>
         <size>0x8</size>
         <input_file_ref idref="fl-8"/>
      </object_component>
      <object_component id="oc-24">
         <name>.text:ResetISR</name>
         <load_address>0x280c</load_address>
         <run_address>0x280c</run_address>
         <size>0x6</size>
         <input_file_ref idref="fl-3"/>
      </object_component>
      <object_component id="oc-241">
         <name>.text:UARTClockSourceSet</name>
         <load_address>0x2812</load_address>
         <run_address>0x2812</run_address>
         <size>0x6</size>
         <input_file_ref idref="fl-d9"/>
      </object_component>
      <object_component id="oc-332">
         <name>.text:vListInitialiseItem</name>
         <load_address>0x2818</load_address>
         <run_address>0x2818</run_address>
         <size>0x6</size>
         <input_file_ref idref="fl-6"/>
      </object_component>
      <object_component id="oc-ef">
         <name>.text:_system_pre_init</name>
         <load_address>0x281e</load_address>
         <run_address>0x281e</run_address>
         <size>0x4</size>
         <input_file_ref idref="fl-d3"/>
      </object_component>
      <object_component id="oc-1cc">
         <name>.text:abort:abort</name>
         <load_address>0x2822</load_address>
         <run_address>0x2822</run_address>
         <size>0x4</size>
         <input_file_ref idref="fl-d5"/>
      </object_component>
      <object_component id="oc-2e3">
         <name>.const:g_ui32UARTBase</name>
         <load_address>0x2828</load_address>
         <run_address>0x2828</run_address>
         <size>0xc</size>
         <input_file_ref idref="fl-c"/>
      </object_component>
      <object_component id="oc-2e0">
         <name>.const:g_ui32UARTPeriph</name>
         <load_address>0x2834</load_address>
         <run_address>0x2834</run_address>
         <size>0xc</size>
         <input_file_ref idref="fl-c"/>
      </object_component>
      <object_component id="oc-94">
         <name>.const</name>
         <load_address>0x2840</load_address>
         <run_address>0x2840</run_address>
         <size>0x4</size>
         <input_file_ref idref="fl-9"/>
      </object_component>
      <object_component id="oc-433">
         <name>.cinit..data.load</name>
         <load_address>0x2848</load_address>
         <run_address>0x2848</run_address>
         <size>0x1a</size>
      </object_component>
      <object_component id="oc-431">
         <name>__TI_handler_table</name>
         <load_address>0x2864</load_address>
         <run_address>0x2864</run_address>
         <size>0xc</size>
      </object_component>
      <object_component id="oc-434">
         <name>.cinit..bss.load</name>
         <load_address>0x2870</load_address>
         <run_address>0x2870</run_address>
         <size>0x8</size>
      </object_component>
      <object_component id="oc-432">
         <name>__TI_cinit_table</name>
         <load_address>0x2878</load_address>
         <run_address>0x2878</run_address>
         <size>0x10</size>
      </object_component>
      <object_component id="oc-b6">
         <name>.data</name>
         <load_address>0x20007910</load_address>
         <run_address>0x20007910</run_address>
         <size>0x44</size>
         <input_file_ref idref="fl-2"/>
      </object_component>
      <object_component id="oc-91">
         <name>.data</name>
         <load_address>0x20007954</load_address>
         <run_address>0x20007954</run_address>
         <size>0x30</size>
         <input_file_ref idref="fl-8"/>
      </object_component>
      <object_component id="oc-340">
         <name>.data</name>
         <load_address>0x20007994</load_address>
         <run_address>0x20007994</run_address>
         <size>0x4</size>
         <input_file_ref idref="fl-9"/>
      </object_component>
      <object_component id="oc-2f9">
         <name>.data</name>
         <load_address>0x20007984</load_address>
         <run_address>0x20007984</run_address>
         <size>0x8</size>
         <input_file_ref idref="fl-b"/>
      </object_component>
      <object_component id="oc-2d1">
         <name>.data</name>
         <load_address>0x2000798c</load_address>
         <run_address>0x2000798c</run_address>
         <size>0x5</size>
         <input_file_ref idref="fl-c"/>
      </object_component>
      <object_component id="oc-113">
         <name>.bss:pxReadyTasksLists</name>
         <uninitialized>true</uninitialized>
         <run_address>0x20007530</run_address>
         <size>0x140</size>
         <input_file_ref idref="fl-8"/>
      </object_component>
      <object_component id="oc-344">
         <name>.bss:xDelayedTaskList1</name>
         <uninitialized>true</uninitialized>
         <run_address>0x20007670</run_address>
         <size>0x14</size>
         <input_file_ref idref="fl-8"/>
      </object_component>
      <object_component id="oc-347">
         <name>.bss:xDelayedTaskList2</name>
         <uninitialized>true</uninitialized>
         <run_address>0x20007684</run_address>
         <size>0x14</size>
         <input_file_ref idref="fl-8"/>
      </object_component>
      <object_component id="oc-129">
         <name>.bss</name>
         <uninitialized>true</uninitialized>
         <run_address>0x200076d4</run_address>
         <size>0x8</size>
         <input_file_ref idref="fl-8"/>
      </object_component>
      <object_component id="oc-226">
         <name>.bss:xPendingReadyList</name>
         <uninitialized>true</uninitialized>
         <run_address>0x20007698</run_address>
         <size>0x14</size>
         <input_file_ref idref="fl-8"/>
      </object_component>
      <object_component id="oc-34a">
         <name>.bss:xTasksWaitingTermination</name>
         <uninitialized>true</uninitialized>
         <run_address>0x200076c0</run_address>
         <size>0x14</size>
         <input_file_ref idref="fl-8"/>
      </object_component>
      <object_component id="oc-34d">
         <name>.bss:xSuspendedTaskList</name>
         <uninitialized>true</uninitialized>
         <run_address>0x200076ac</run_address>
         <size>0x14</size>
         <input_file_ref idref="fl-8"/>
      </object_component>
      <object_component id="oc-3ab">
         <name>.bss:ucHeap</name>
         <uninitialized>true</uninitialized>
         <run_address>0x20000000</run_address>
         <size>0x7530</size>
         <input_file_ref idref="fl-b"/>
      </object_component>
      <object_component id="oc-2fc">
         <name>.bss:xStart</name>
         <uninitialized>true</uninitialized>
         <run_address>0x200076e4</run_address>
         <size>0x8</size>
         <input_file_ref idref="fl-b"/>
      </object_component>
      <object_component id="oc-2ff">
         <name>.bss:xEnd</name>
         <uninitialized>true</uninitialized>
         <run_address>0x200076dc</run_address>
         <size>0x8</size>
         <input_file_ref idref="fl-b"/>
      </object_component>
      <object_component id="oc-1ca">
         <name>.common:main_start</name>
         <uninitialized>true</uninitialized>
         <run_address>0x2000770c</run_address>
         <size>0x4</size>
      </object_component>
      <object_component id="oc-19f">
         <name>.common:g_pUARTSemaphore</name>
         <uninitialized>true</uninitialized>
         <run_address>0x200076ec</run_address>
         <size>0x4</size>
      </object_component>
      <object_component id="oc-b9">
         <name>.common:g_pUARTSemaphore1</name>
         <uninitialized>true</uninitialized>
         <run_address>0x200076f0</run_address>
         <size>0x4</size>
      </object_component>
      <object_component id="oc-bc">
         <name>.common:g_pUARTSemaphore2</name>
         <uninitialized>true</uninitialized>
         <run_address>0x200076f4</run_address>
         <size>0x4</size>
      </object_component>
      <object_component id="oc-bd">
         <name>.common:g_pUARTSemaphore3</name>
         <uninitialized>true</uninitialized>
         <run_address>0x200076f8</run_address>
         <size>0x4</size>
      </object_component>
      <object_component id="oc-be">
         <name>.common:g_pUARTSemaphore4</name>
         <uninitialized>true</uninitialized>
         <run_address>0x200076fc</run_address>
         <size>0x4</size>
      </object_component>
      <object_component id="oc-bf">
         <name>.common:g_pUARTSemaphore5</name>
         <uninitialized>true</uninitialized>
         <run_address>0x20007700</run_address>
         <size>0x4</size>
      </object_component>
      <object_component id="oc-c0">
         <name>.common:g_pUARTSemaphore6</name>
         <uninitialized>true</uninitialized>
         <run_address>0x20007704</run_address>
         <size>0x4</size>
      </object_component>
      <object_component id="oc-c1">
         <name>.common:g_pUARTSemaphore7</name>
         <uninitialized>true</uninitialized>
         <run_address>0x20007708</run_address>
         <size>0x4</size>
      </object_component>
      <object_component id="oc-21">
         <name>.stack</name>
         <uninitialized>true</uninitialized>
         <run_address>0x20007710</run_address>
         <size>0x4</size>
         <input_file_ref idref="fl-d0"/>
      </object_component>
      <object_component id="oc-435">
         <name>.stack</name>
         <uninitialized>true</uninitialized>
         <run_address>0x20007710</run_address>
         <size>0x0</size>
      </object_component>
      <object_component id="oc-ba">
         <name>.debug_info</name>
         <load_address>0x0</load_address>
         <run_address>0x0</run_address>
         <size>0x7ae</size>
         <input_file_ref idref="fl-2"/>
      </object_component>
      <object_component id="oc-b7">
         <name>.debug_info</name>
         <load_address>0x7ae</load_address>
         <run_address>0x7ae</run_address>
         <size>0x25f</size>
         <input_file_ref idref="fl-2"/>
      </object_component>
      <object_component id="oc-10e">
         <name>.debug_info</name>
         <load_address>0xa0d</load_address>
         <run_address>0xa0d</run_address>
         <size>0x16d</size>
         <input_file_ref idref="fl-2"/>
      </object_component>
      <object_component id="oc-1c5">
         <name>.debug_info</name>
         <load_address>0xb7a</load_address>
         <run_address>0xb7a</run_address>
         <size>0x2f2</size>
         <input_file_ref idref="fl-2"/>
      </object_component>
      <object_component id="oc-1bf">
         <name>.debug_info</name>
         <load_address>0xe6c</load_address>
         <run_address>0xe6c</run_address>
         <size>0x2f2</size>
         <input_file_ref idref="fl-2"/>
      </object_component>
      <object_component id="oc-1b9">
         <name>.debug_info</name>
         <load_address>0x115e</load_address>
         <run_address>0x115e</run_address>
         <size>0x2f2</size>
         <input_file_ref idref="fl-2"/>
      </object_component>
      <object_component id="oc-1b3">
         <name>.debug_info</name>
         <load_address>0x1450</load_address>
         <run_address>0x1450</run_address>
         <size>0x2f2</size>
         <input_file_ref idref="fl-2"/>
      </object_component>
      <object_component id="oc-1ad">
         <name>.debug_info</name>
         <load_address>0x1742</load_address>
         <run_address>0x1742</run_address>
         <size>0x2f2</size>
         <input_file_ref idref="fl-2"/>
      </object_component>
      <object_component id="oc-1a7">
         <name>.debug_info</name>
         <load_address>0x1a34</load_address>
         <run_address>0x1a34</run_address>
         <size>0x2f2</size>
         <input_file_ref idref="fl-2"/>
      </object_component>
      <object_component id="oc-1a1">
         <name>.debug_info</name>
         <load_address>0x1d26</load_address>
         <run_address>0x1d26</run_address>
         <size>0x2f0</size>
         <input_file_ref idref="fl-2"/>
      </object_component>
      <object_component id="oc-182">
         <name>.debug_info</name>
         <load_address>0x2016</load_address>
         <run_address>0x2016</run_address>
         <size>0x173</size>
         <input_file_ref idref="fl-2"/>
      </object_component>
      <object_component id="oc-f7">
         <name>.debug_info</name>
         <load_address>0x2189</load_address>
         <run_address>0x2189</run_address>
         <size>0x320</size>
         <input_file_ref idref="fl-2"/>
      </object_component>
      <object_component id="oc-49">
         <name>.debug_info</name>
         <load_address>0x24a9</load_address>
         <run_address>0x24a9</run_address>
         <size>0x3a9</size>
         <input_file_ref idref="fl-2"/>
      </object_component>
      <object_component id="oc-152">
         <name>.debug_info</name>
         <load_address>0x2852</load_address>
         <run_address>0x2852</run_address>
         <size>0x2ef</size>
         <input_file_ref idref="fl-2"/>
      </object_component>
      <object_component id="oc-ca">
         <name>.debug_info</name>
         <load_address>0x2b41</load_address>
         <run_address>0x2b41</run_address>
         <size>0x26b</size>
         <input_file_ref idref="fl-2"/>
      </object_component>
      <object_component id="oc-56">
         <name>.debug_info</name>
         <load_address>0x2dac</load_address>
         <run_address>0x2dac</run_address>
         <size>0x84</size>
         <input_file_ref idref="fl-2"/>
      </object_component>
      <object_component id="oc-134">
         <name>.debug_info</name>
         <load_address>0x2e30</load_address>
         <run_address>0x2e30</run_address>
         <size>0x46</size>
         <input_file_ref idref="fl-2"/>
      </object_component>
      <object_component id="oc-15c">
         <name>.debug_info</name>
         <load_address>0x2e76</load_address>
         <run_address>0x2e76</run_address>
         <size>0x2c</size>
         <input_file_ref idref="fl-2"/>
      </object_component>
      <object_component id="oc-161">
         <name>.debug_info</name>
         <load_address>0x2ea2</load_address>
         <run_address>0x2ea2</run_address>
         <size>0x2c</size>
         <input_file_ref idref="fl-2"/>
      </object_component>
      <object_component id="oc-166">
         <name>.debug_info</name>
         <load_address>0x2ece</load_address>
         <run_address>0x2ece</run_address>
         <size>0x297</size>
         <input_file_ref idref="fl-2"/>
      </object_component>
      <object_component id="oc-cf">
         <name>.debug_info</name>
         <load_address>0x3165</load_address>
         <run_address>0x3165</run_address>
         <size>0xbb</size>
         <input_file_ref idref="fl-2"/>
      </object_component>
      <object_component id="oc-c3">
         <name>.debug_info</name>
         <load_address>0x3220</load_address>
         <run_address>0x3220</run_address>
         <size>0x53</size>
         <input_file_ref idref="fl-2"/>
      </object_component>
      <object_component id="oc-143">
         <name>.debug_info</name>
         <load_address>0x3273</load_address>
         <run_address>0x3273</run_address>
         <size>0x2c</size>
         <input_file_ref idref="fl-2"/>
      </object_component>
      <object_component id="oc-157">
         <name>.debug_info</name>
         <load_address>0x329f</load_address>
         <run_address>0x329f</run_address>
         <size>0x14c</size>
         <input_file_ref idref="fl-2"/>
      </object_component>
      <object_component id="oc-4f">
         <name>.debug_info</name>
         <load_address>0x33eb</load_address>
         <run_address>0x33eb</run_address>
         <size>0x34a</size>
         <input_file_ref idref="fl-3"/>
      </object_component>
      <object_component id="oc-10">
         <name>.debug_info</name>
         <load_address>0x3735</load_address>
         <run_address>0x3735</run_address>
         <size>0xe1</size>
         <input_file_ref idref="fl-3"/>
      </object_component>
      <object_component id="oc-25">
         <name>.debug_info</name>
         <load_address>0x3816</load_address>
         <run_address>0x3816</run_address>
         <size>0x111</size>
         <input_file_ref idref="fl-3"/>
      </object_component>
      <object_component id="oc-2d">
         <name>.debug_info</name>
         <load_address>0x3927</load_address>
         <run_address>0x3927</run_address>
         <size>0x102</size>
         <input_file_ref idref="fl-3"/>
      </object_component>
      <object_component id="oc-39">
         <name>.debug_info</name>
         <load_address>0x3a29</load_address>
         <run_address>0x3a29</run_address>
         <size>0x11a</size>
         <input_file_ref idref="fl-3"/>
      </object_component>
      <object_component id="oc-31">
         <name>.debug_info</name>
         <load_address>0x3b43</load_address>
         <run_address>0x3b43</run_address>
         <size>0x108</size>
         <input_file_ref idref="fl-3"/>
      </object_component>
      <object_component id="oc-222">
         <name>.debug_info</name>
         <load_address>0x3c4b</load_address>
         <run_address>0x3c4b</run_address>
         <size>0x2ff</size>
         <input_file_ref idref="fl-6"/>
      </object_component>
      <object_component id="oc-124">
         <name>.debug_info</name>
         <load_address>0x3f4a</load_address>
         <run_address>0x3f4a</run_address>
         <size>0x240</size>
         <input_file_ref idref="fl-6"/>
      </object_component>
      <object_component id="oc-3c8">
         <name>.debug_info</name>
         <load_address>0x418a</load_address>
         <run_address>0x418a</run_address>
         <size>0x26b</size>
         <input_file_ref idref="fl-6"/>
      </object_component>
      <object_component id="oc-333">
         <name>.debug_info</name>
         <load_address>0x43f5</load_address>
         <run_address>0x43f5</run_address>
         <size>0x1ed</size>
         <input_file_ref idref="fl-6"/>
      </object_component>
      <object_component id="oc-25c">
         <name>.debug_info</name>
         <load_address>0x45e2</load_address>
         <run_address>0x45e2</run_address>
         <size>0x1e5</size>
         <input_file_ref idref="fl-6"/>
      </object_component>
      <object_component id="oc-11e">
         <name>.debug_info</name>
         <load_address>0x47c7</load_address>
         <run_address>0x47c7</run_address>
         <size>0x218</size>
         <input_file_ref idref="fl-6"/>
      </object_component>
      <object_component id="oc-216">
         <name>.debug_info</name>
         <load_address>0x49df</load_address>
         <run_address>0x49df</run_address>
         <size>0x110</size>
         <input_file_ref idref="fl-6"/>
      </object_component>
      <object_component id="oc-139">
         <name>.debug_info</name>
         <load_address>0x4aef</load_address>
         <run_address>0x4aef</run_address>
         <size>0x790</size>
         <input_file_ref idref="fl-7"/>
      </object_component>
      <object_component id="oc-315">
         <name>.debug_info</name>
         <load_address>0x527f</load_address>
         <run_address>0x527f</run_address>
         <size>0x2ba</size>
         <input_file_ref idref="fl-7"/>
      </object_component>
      <object_component id="oc-363">
         <name>.debug_info</name>
         <load_address>0x5539</load_address>
         <run_address>0x5539</run_address>
         <size>0x23a</size>
         <input_file_ref idref="fl-7"/>
      </object_component>
      <object_component id="oc-36f">
         <name>.debug_info</name>
         <load_address>0x5773</load_address>
         <run_address>0x5773</run_address>
         <size>0x237</size>
         <input_file_ref idref="fl-7"/>
      </object_component>
      <object_component id="oc-29d">
         <name>.debug_info</name>
         <load_address>0x59aa</load_address>
         <run_address>0x59aa</run_address>
         <size>0x563</size>
         <input_file_ref idref="fl-7"/>
      </object_component>
      <object_component id="oc-31b">
         <name>.debug_info</name>
         <load_address>0x5f0d</load_address>
         <run_address>0x5f0d</run_address>
         <size>0x238</size>
         <input_file_ref idref="fl-7"/>
      </object_component>
      <object_component id="oc-327">
         <name>.debug_info</name>
         <load_address>0x6145</load_address>
         <run_address>0x6145</run_address>
         <size>0x2a0</size>
         <input_file_ref idref="fl-7"/>
      </object_component>
      <object_component id="oc-264">
         <name>.debug_info</name>
         <load_address>0x63e5</load_address>
         <run_address>0x63e5</run_address>
         <size>0x4d3</size>
         <input_file_ref idref="fl-7"/>
      </object_component>
      <object_component id="oc-a8">
         <name>.debug_info</name>
         <load_address>0x68b8</load_address>
         <run_address>0x68b8</run_address>
         <size>0x2eb</size>
         <input_file_ref idref="fl-7"/>
      </object_component>
      <object_component id="oc-257">
         <name>.debug_info</name>
         <load_address>0x6ba3</load_address>
         <run_address>0x6ba3</run_address>
         <size>0x2be</size>
         <input_file_ref idref="fl-7"/>
      </object_component>
      <object_component id="oc-18a">
         <name>.debug_info</name>
         <load_address>0x6e61</load_address>
         <run_address>0x6e61</run_address>
         <size>0x31c</size>
         <input_file_ref idref="fl-7"/>
      </object_component>
      <object_component id="oc-190">
         <name>.debug_info</name>
         <load_address>0x717d</load_address>
         <run_address>0x717d</run_address>
         <size>0x27b</size>
         <input_file_ref idref="fl-7"/>
      </object_component>
      <object_component id="oc-22c">
         <name>.debug_info</name>
         <load_address>0x73f8</load_address>
         <run_address>0x73f8</run_address>
         <size>0x1cd</size>
         <input_file_ref idref="fl-7"/>
      </object_component>
      <object_component id="oc-109">
         <name>.debug_info</name>
         <load_address>0x75c5</load_address>
         <run_address>0x75c5</run_address>
         <size>0x777</size>
         <input_file_ref idref="fl-8"/>
      </object_component>
      <object_component id="oc-92">
         <name>.debug_info</name>
         <load_address>0x7d3c</load_address>
         <run_address>0x7d3c</run_address>
         <size>0x323</size>
         <input_file_ref idref="fl-8"/>
      </object_component>
      <object_component id="oc-114">
         <name>.debug_info</name>
         <load_address>0x805f</load_address>
         <run_address>0x805f</run_address>
         <size>0x11f</size>
         <input_file_ref idref="fl-8"/>
      </object_component>
      <object_component id="oc-345">
         <name>.debug_info</name>
         <load_address>0x817e</load_address>
         <run_address>0x817e</run_address>
         <size>0x11f</size>
         <input_file_ref idref="fl-8"/>
      </object_component>
      <object_component id="oc-348">
         <name>.debug_info</name>
         <load_address>0x829d</load_address>
         <run_address>0x829d</run_address>
         <size>0x11f</size>
         <input_file_ref idref="fl-8"/>
      </object_component>
      <object_component id="oc-12a">
         <name>.debug_info</name>
         <load_address>0x83bc</load_address>
         <run_address>0x83bc</run_address>
         <size>0x161</size>
         <input_file_ref idref="fl-8"/>
      </object_component>
      <object_component id="oc-227">
         <name>.debug_info</name>
         <load_address>0x851d</load_address>
         <run_address>0x851d</run_address>
         <size>0x11f</size>
         <input_file_ref idref="fl-8"/>
      </object_component>
      <object_component id="oc-34b">
         <name>.debug_info</name>
         <load_address>0x863c</load_address>
         <run_address>0x863c</run_address>
         <size>0x12d</size>
         <input_file_ref idref="fl-8"/>
      </object_component>
      <object_component id="oc-34e">
         <name>.debug_info</name>
         <load_address>0x8769</load_address>
         <run_address>0x8769</run_address>
         <size>0x121</size>
         <input_file_ref idref="fl-8"/>
      </object_component>
      <object_component id="oc-11a">
         <name>.debug_info</name>
         <load_address>0x888a</load_address>
         <run_address>0x888a</run_address>
         <size>0x1eb</size>
         <input_file_ref idref="fl-8"/>
      </object_component>
      <object_component id="oc-a1">
         <name>.debug_info</name>
         <load_address>0x8a75</load_address>
         <run_address>0x8a75</run_address>
         <size>0x2bb</size>
         <input_file_ref idref="fl-8"/>
      </object_component>
      <object_component id="oc-2f6">
         <name>.debug_info</name>
         <load_address>0x8d30</load_address>
         <run_address>0x8d30</run_address>
         <size>0x283</size>
         <input_file_ref idref="fl-8"/>
      </object_component>
      <object_component id="oc-130">
         <name>.debug_info</name>
         <load_address>0x8fb3</load_address>
         <run_address>0x8fb3</run_address>
         <size>0x28c</size>
         <input_file_ref idref="fl-8"/>
      </object_component>
      <object_component id="oc-3d7">
         <name>.debug_info</name>
         <load_address>0x923f</load_address>
         <run_address>0x923f</run_address>
         <size>0x26d</size>
         <input_file_ref idref="fl-8"/>
      </object_component>
      <object_component id="oc-3d0">
         <name>.debug_info</name>
         <load_address>0x94ac</load_address>
         <run_address>0x94ac</run_address>
         <size>0x246</size>
         <input_file_ref idref="fl-8"/>
      </object_component>
      <object_component id="oc-17e">
         <name>.debug_info</name>
         <load_address>0x96f2</load_address>
         <run_address>0x96f2</run_address>
         <size>0x1de</size>
         <input_file_ref idref="fl-8"/>
      </object_component>
      <object_component id="oc-26b">
         <name>.debug_info</name>
         <load_address>0x98d0</load_address>
         <run_address>0x98d0</run_address>
         <size>0x2d1</size>
         <input_file_ref idref="fl-8"/>
      </object_component>
      <object_component id="oc-271">
         <name>.debug_info</name>
         <load_address>0x9ba1</load_address>
         <run_address>0x9ba1</run_address>
         <size>0x2cd</size>
         <input_file_ref idref="fl-8"/>
      </object_component>
      <object_component id="oc-283">
         <name>.debug_info</name>
         <load_address>0x9e6e</load_address>
         <run_address>0x9e6e</run_address>
         <size>0x252</size>
         <input_file_ref idref="fl-8"/>
      </object_component>
      <object_component id="oc-196">
         <name>.debug_info</name>
         <load_address>0xa0c0</load_address>
         <run_address>0xa0c0</run_address>
         <size>0x488</size>
         <input_file_ref idref="fl-8"/>
      </object_component>
      <object_component id="oc-309">
         <name>.debug_info</name>
         <load_address>0xa548</load_address>
         <run_address>0xa548</run_address>
         <size>0x201</size>
         <input_file_ref idref="fl-8"/>
      </object_component>
      <object_component id="oc-30f">
         <name>.debug_info</name>
         <load_address>0xa749</load_address>
         <run_address>0xa749</run_address>
         <size>0x2d5</size>
         <input_file_ref idref="fl-8"/>
      </object_component>
      <object_component id="oc-9a">
         <name>.debug_info</name>
         <load_address>0xaa1e</load_address>
         <run_address>0xaa1e</run_address>
         <size>0x24c</size>
         <input_file_ref idref="fl-8"/>
      </object_component>
      <object_component id="oc-2eb">
         <name>.debug_info</name>
         <load_address>0xac6a</load_address>
         <run_address>0xac6a</run_address>
         <size>0x1c1</size>
         <input_file_ref idref="fl-8"/>
      </object_component>
      <object_component id="oc-19d">
         <name>.debug_info</name>
         <load_address>0xae2b</load_address>
         <run_address>0xae2b</run_address>
         <size>0x1fc</size>
         <input_file_ref idref="fl-8"/>
      </object_component>
      <object_component id="oc-36a">
         <name>.debug_info</name>
         <load_address>0xb027</load_address>
         <run_address>0xb027</run_address>
         <size>0x252</size>
         <input_file_ref idref="fl-8"/>
      </object_component>
      <object_component id="oc-322">
         <name>.debug_info</name>
         <load_address>0xb279</load_address>
         <run_address>0xb279</run_address>
         <size>0x2b2</size>
         <input_file_ref idref="fl-8"/>
      </object_component>
      <object_component id="oc-3c3">
         <name>.debug_info</name>
         <load_address>0xb52b</load_address>
         <run_address>0xb52b</run_address>
         <size>0x1c3</size>
         <input_file_ref idref="fl-8"/>
      </object_component>
      <object_component id="oc-2a4">
         <name>.debug_info</name>
         <load_address>0xb6ee</load_address>
         <run_address>0xb6ee</run_address>
         <size>0x2d7</size>
         <input_file_ref idref="fl-8"/>
      </object_component>
      <object_component id="oc-376">
         <name>.debug_info</name>
         <load_address>0xb9c5</load_address>
         <run_address>0xb9c5</run_address>
         <size>0x1e1</size>
         <input_file_ref idref="fl-8"/>
      </object_component>
      <object_component id="oc-3ed">
         <name>.debug_info</name>
         <load_address>0xbba6</load_address>
         <run_address>0xbba6</run_address>
         <size>0x200</size>
         <input_file_ref idref="fl-8"/>
      </object_component>
      <object_component id="oc-35d">
         <name>.debug_info</name>
         <load_address>0xbda6</load_address>
         <run_address>0xbda6</run_address>
         <size>0x296</size>
         <input_file_ref idref="fl-8"/>
      </object_component>
      <object_component id="oc-297">
         <name>.debug_info</name>
         <load_address>0xc03c</load_address>
         <run_address>0xc03c</run_address>
         <size>0x1f9</size>
         <input_file_ref idref="fl-8"/>
      </object_component>
      <object_component id="oc-20c">
         <name>.debug_info</name>
         <load_address>0xc235</load_address>
         <run_address>0xc235</run_address>
         <size>0x169</size>
         <input_file_ref idref="fl-8"/>
      </object_component>
      <object_component id="oc-211">
         <name>.debug_info</name>
         <load_address>0xc39e</load_address>
         <run_address>0xc39e</run_address>
         <size>0x46</size>
         <input_file_ref idref="fl-8"/>
      </object_component>
      <object_component id="oc-10c">
         <name>.debug_info</name>
         <load_address>0xc3e4</load_address>
         <run_address>0xc3e4</run_address>
         <size>0x3df</size>
         <input_file_ref idref="fl-9"/>
      </object_component>
      <object_component id="oc-95">
         <name>.debug_info</name>
         <load_address>0xc7c3</load_address>
         <run_address>0xc7c3</run_address>
         <size>0x14d</size>
         <input_file_ref idref="fl-9"/>
      </object_component>
      <object_component id="oc-341">
         <name>.debug_info</name>
         <load_address>0xc910</load_address>
         <run_address>0xc910</run_address>
         <size>0x134</size>
         <input_file_ref idref="fl-9"/>
      </object_component>
      <object_component id="oc-42">
         <name>.debug_info</name>
         <load_address>0xca44</load_address>
         <run_address>0xca44</run_address>
         <size>0x221</size>
         <input_file_ref idref="fl-9"/>
      </object_component>
      <object_component id="oc-353">
         <name>.debug_info</name>
         <load_address>0xcc65</load_address>
         <run_address>0xcc65</run_address>
         <size>0x212</size>
         <input_file_ref idref="fl-9"/>
      </object_component>
      <object_component id="oc-28e">
         <name>.debug_info</name>
         <load_address>0xce77</load_address>
         <run_address>0xce77</run_address>
         <size>0x25a</size>
         <input_file_ref idref="fl-9"/>
      </object_component>
      <object_component id="oc-287">
         <name>.debug_info</name>
         <load_address>0xd0d1</load_address>
         <run_address>0xd0d1</run_address>
         <size>0x204</size>
         <input_file_ref idref="fl-9"/>
      </object_component>
      <object_component id="oc-27b">
         <name>.debug_info</name>
         <load_address>0xd2d5</load_address>
         <run_address>0xd2d5</run_address>
         <size>0x206</size>
         <input_file_ref idref="fl-9"/>
      </object_component>
      <object_component id="oc-275">
         <name>.debug_info</name>
         <load_address>0xd4db</load_address>
         <run_address>0xd4db</run_address>
         <size>0x2bb</size>
         <input_file_ref idref="fl-9"/>
      </object_component>
      <object_component id="oc-33a">
         <name>.debug_info</name>
         <load_address>0xd796</load_address>
         <run_address>0xd796</run_address>
         <size>0x1f4</size>
         <input_file_ref idref="fl-9"/>
      </object_component>
      <object_component id="oc-3f">
         <name>.debug_info</name>
         <load_address>0xd98a</load_address>
         <run_address>0xd98a</run_address>
         <size>0x285</size>
         <input_file_ref idref="fl-a"/>
      </object_component>
      <object_component id="oc-303">
         <name>.debug_info</name>
         <load_address>0xdc0f</load_address>
         <run_address>0xdc0f</run_address>
         <size>0x3a8</size>
         <input_file_ref idref="fl-b"/>
      </object_component>
      <object_component id="oc-3ac">
         <name>.debug_info</name>
         <load_address>0xdfb7</load_address>
         <run_address>0xdfb7</run_address>
         <size>0x11b</size>
         <input_file_ref idref="fl-b"/>
      </object_component>
      <object_component id="oc-2fd">
         <name>.debug_info</name>
         <load_address>0xe0d2</load_address>
         <run_address>0xe0d2</run_address>
         <size>0x11b</size>
         <input_file_ref idref="fl-b"/>
      </object_component>
      <object_component id="oc-300">
         <name>.debug_info</name>
         <load_address>0xe1ed</load_address>
         <run_address>0xe1ed</run_address>
         <size>0x117</size>
         <input_file_ref idref="fl-b"/>
      </object_component>
      <object_component id="oc-2fa">
         <name>.debug_info</name>
         <load_address>0xe304</load_address>
         <run_address>0xe304</run_address>
         <size>0x135</size>
         <input_file_ref idref="fl-b"/>
      </object_component>
      <object_component id="oc-32c">
         <name>.debug_info</name>
         <load_address>0xe439</load_address>
         <run_address>0xe439</run_address>
         <size>0x27d</size>
         <input_file_ref idref="fl-b"/>
      </object_component>
      <object_component id="oc-2ee">
         <name>.debug_info</name>
         <load_address>0xe6b6</load_address>
         <run_address>0xe6b6</run_address>
         <size>0x1ee</size>
         <input_file_ref idref="fl-b"/>
      </object_component>
      <object_component id="oc-24f">
         <name>.debug_info</name>
         <load_address>0xe8a4</load_address>
         <run_address>0xe8a4</run_address>
         <size>0x360</size>
         <input_file_ref idref="fl-b"/>
      </object_component>
      <object_component id="oc-3b4">
         <name>.debug_info</name>
         <load_address>0xec04</load_address>
         <run_address>0xec04</run_address>
         <size>0x62</size>
         <input_file_ref idref="fl-b"/>
      </object_component>
      <object_component id="oc-142">
         <name>.debug_info</name>
         <load_address>0xec66</load_address>
         <run_address>0xec66</run_address>
         <size>0x2be</size>
         <input_file_ref idref="fl-c"/>
      </object_component>
      <object_component id="oc-2d2">
         <name>.debug_info</name>
         <load_address>0xef24</load_address>
         <run_address>0xef24</run_address>
         <size>0xff</size>
         <input_file_ref idref="fl-c"/>
      </object_component>
      <object_component id="oc-2e4">
         <name>.debug_info</name>
         <load_address>0xf023</load_address>
         <run_address>0xf023</run_address>
         <size>0x107</size>
         <input_file_ref idref="fl-c"/>
      </object_component>
      <object_component id="oc-2e1">
         <name>.debug_info</name>
         <load_address>0xf12a</load_address>
         <run_address>0xf12a</run_address>
         <size>0x10b</size>
         <input_file_ref idref="fl-c"/>
      </object_component>
      <object_component id="oc-232">
         <name>.debug_info</name>
         <load_address>0xf235</load_address>
         <run_address>0xf235</run_address>
         <size>0x1f6</size>
         <input_file_ref idref="fl-c"/>
      </object_component>
      <object_component id="oc-13c">
         <name>.debug_info</name>
         <load_address>0xf42b</load_address>
         <run_address>0xf42b</run_address>
         <size>0x328</size>
         <input_file_ref idref="fl-c"/>
      </object_component>
      <object_component id="oc-ac">
         <name>.debug_info</name>
         <load_address>0xf753</load_address>
         <run_address>0xf753</run_address>
         <size>0x1c3</size>
         <input_file_ref idref="fl-c"/>
      </object_component>
      <object_component id="oc-2d4">
         <name>.debug_info</name>
         <load_address>0xf916</load_address>
         <run_address>0xf916</run_address>
         <size>0x241</size>
         <input_file_ref idref="fl-c"/>
      </object_component>
      <object_component id="oc-248">
         <name>.debug_info</name>
         <load_address>0xfb57</load_address>
         <run_address>0xfb57</run_address>
         <size>0x259</size>
         <input_file_ref idref="fl-c"/>
      </object_component>
      <object_component id="oc-ec">
         <name>.debug_info</name>
         <load_address>0xfdb0</load_address>
         <run_address>0xfdb0</run_address>
         <size>0x13f</size>
         <input_file_ref idref="fl-c8"/>
      </object_component>
      <object_component id="oc-b4">
         <name>.debug_info</name>
         <load_address>0xfeef</load_address>
         <run_address>0xfeef</run_address>
         <size>0x12c</size>
         <input_file_ref idref="fl-c9"/>
      </object_component>
      <object_component id="oc-23a">
         <name>.debug_info</name>
         <load_address>0x1001b</load_address>
         <run_address>0x1001b</run_address>
         <size>0x13a</size>
         <input_file_ref idref="fl-ca"/>
      </object_component>
      <object_component id="oc-5e">
         <name>.debug_info</name>
         <load_address>0x10155</load_address>
         <run_address>0x10155</run_address>
         <size>0x111</size>
         <input_file_ref idref="fl-cc"/>
      </object_component>
      <object_component id="oc-e8">
         <name>.debug_info</name>
         <load_address>0x10266</load_address>
         <run_address>0x10266</run_address>
         <size>0x313</size>
         <input_file_ref idref="fl-cd"/>
      </object_component>
      <object_component id="oc-6f">
         <name>.debug_info</name>
         <load_address>0x10579</load_address>
         <run_address>0x10579</run_address>
         <size>0x1aa</size>
         <input_file_ref idref="fl-cd"/>
      </object_component>
      <object_component id="oc-e3">
         <name>.debug_info</name>
         <load_address>0x10723</load_address>
         <run_address>0x10723</run_address>
         <size>0x46</size>
         <input_file_ref idref="fl-cd"/>
      </object_component>
      <object_component id="oc-172">
         <name>.debug_info</name>
         <load_address>0x10769</load_address>
         <run_address>0x10769</run_address>
         <size>0x2c</size>
         <input_file_ref idref="fl-cd"/>
      </object_component>
      <object_component id="oc-66">
         <name>.debug_info</name>
         <load_address>0x10795</load_address>
         <run_address>0x10795</run_address>
         <size>0x29d</size>
         <input_file_ref idref="fl-ce"/>
      </object_component>
      <object_component id="oc-19">
         <name>.debug_info</name>
         <load_address>0x10a32</load_address>
         <run_address>0x10a32</run_address>
         <size>0x1df</size>
         <input_file_ref idref="fl-ce"/>
      </object_component>
      <object_component id="oc-61">
         <name>.debug_info</name>
         <load_address>0x10c11</load_address>
         <run_address>0x10c11</run_address>
         <size>0x46</size>
         <input_file_ref idref="fl-ce"/>
      </object_component>
      <object_component id="oc-db">
         <name>.debug_info</name>
         <load_address>0x10c57</load_address>
         <run_address>0x10c57</run_address>
         <size>0x2c</size>
         <input_file_ref idref="fl-ce"/>
      </object_component>
      <object_component id="oc-d9">
         <name>.debug_info</name>
         <load_address>0x10c83</load_address>
         <run_address>0x10c83</run_address>
         <size>0x293</size>
         <input_file_ref idref="fl-cf"/>
      </object_component>
      <object_component id="oc-15">
         <name>.debug_info</name>
         <load_address>0x10f16</load_address>
         <run_address>0x10f16</run_address>
         <size>0x245</size>
         <input_file_ref idref="fl-cf"/>
      </object_component>
      <object_component id="oc-51">
         <name>.debug_info</name>
         <load_address>0x1115b</load_address>
         <run_address>0x1115b</run_address>
         <size>0x60</size>
         <input_file_ref idref="fl-cf"/>
      </object_component>
      <object_component id="oc-16b">
         <name>.debug_info</name>
         <load_address>0x111bb</load_address>
         <run_address>0x111bb</run_address>
         <size>0x46</size>
         <input_file_ref idref="fl-cf"/>
      </object_component>
      <object_component id="oc-d4">
         <name>.debug_info</name>
         <load_address>0x11201</load_address>
         <run_address>0x11201</run_address>
         <size>0x39</size>
         <input_file_ref idref="fl-cf"/>
      </object_component>
      <object_component id="oc-22">
         <name>.debug_info</name>
         <load_address>0x1123a</load_address>
         <run_address>0x1123a</run_address>
         <size>0x100</size>
         <input_file_ref idref="fl-d0"/>
      </object_component>
      <object_component id="oc-7b">
         <name>.debug_info</name>
         <load_address>0x1133a</load_address>
         <run_address>0x1133a</run_address>
         <size>0x1a4</size>
         <input_file_ref idref="fl-d0"/>
      </object_component>
      <object_component id="oc-149">
         <name>.debug_info</name>
         <load_address>0x114de</load_address>
         <run_address>0x114de</run_address>
         <size>0x10d</size>
         <input_file_ref idref="fl-d1"/>
      </object_component>
      <object_component id="oc-2b8">
         <name>.debug_info</name>
         <load_address>0x115eb</load_address>
         <run_address>0x115eb</run_address>
         <size>0x547</size>
         <input_file_ref idref="fl-d2"/>
      </object_component>
      <object_component id="oc-1da">
         <name>.debug_info</name>
         <load_address>0x11b32</load_address>
         <run_address>0x11b32</run_address>
         <size>0x19b</size>
         <input_file_ref idref="fl-d2"/>
      </object_component>
      <object_component id="oc-38a">
         <name>.debug_info</name>
         <load_address>0x11ccd</load_address>
         <run_address>0x11ccd</run_address>
         <size>0x39</size>
         <input_file_ref idref="fl-d2"/>
      </object_component>
      <object_component id="oc-3f7">
         <name>.debug_info</name>
         <load_address>0x11d06</load_address>
         <run_address>0x11d06</run_address>
         <size>0x39</size>
         <input_file_ref idref="fl-d2"/>
      </object_component>
      <object_component id="oc-38f">
         <name>.debug_info</name>
         <load_address>0x11d3f</load_address>
         <run_address>0x11d3f</run_address>
         <size>0x39</size>
         <input_file_ref idref="fl-d2"/>
      </object_component>
      <object_component id="oc-394">
         <name>.debug_info</name>
         <load_address>0x11d78</load_address>
         <run_address>0x11d78</run_address>
         <size>0xcd</size>
         <input_file_ref idref="fl-d2"/>
      </object_component>
      <object_component id="oc-f0">
         <name>.debug_info</name>
         <load_address>0x11e45</load_address>
         <run_address>0x11e45</run_address>
         <size>0x148</size>
         <input_file_ref idref="fl-d3"/>
      </object_component>
      <object_component id="oc-1d0">
         <name>.debug_info</name>
         <load_address>0x11f8d</load_address>
         <run_address>0x11f8d</run_address>
         <size>0x117</size>
         <input_file_ref idref="fl-d5"/>
      </object_component>
      <object_component id="oc-39f">
         <name>.debug_info</name>
         <load_address>0x120a4</load_address>
         <run_address>0x120a4</run_address>
         <size>0x8b</size>
         <input_file_ref idref="fl-d8"/>
      </object_component>
      <object_component id="oc-2da">
         <name>.debug_info</name>
         <load_address>0x1212f</load_address>
         <run_address>0x1212f</run_address>
         <size>0x18b</size>
         <input_file_ref idref="fl-d8"/>
      </object_component>
      <object_component id="oc-2df">
         <name>.debug_info</name>
         <load_address>0x122ba</load_address>
         <run_address>0x122ba</run_address>
         <size>0x227</size>
         <input_file_ref idref="fl-d9"/>
      </object_component>
      <object_component id="oc-242">
         <name>.debug_info</name>
         <load_address>0x124e1</load_address>
         <run_address>0x124e1</run_address>
         <size>0x291</size>
         <input_file_ref idref="fl-d9"/>
      </object_component>
      <object_component id="oc-436">
         <name>.debug_info</name>
         <load_address>0x12772</load_address>
         <run_address>0x12772</run_address>
         <size>0xa4</size>
      </object_component>
      <object_component id="oc-151">
         <name>.debug_line</name>
         <load_address>0x0</load_address>
         <run_address>0x0</run_address>
         <size>0x144</size>
         <input_file_ref idref="fl-2"/>
      </object_component>
      <object_component id="oc-14f">
         <name>.debug_line</name>
         <load_address>0x144</load_address>
         <run_address>0x144</run_address>
         <size>0x36</size>
         <input_file_ref idref="fl-2"/>
      </object_component>
      <object_component id="oc-111">
         <name>.debug_line</name>
         <load_address>0x17a</load_address>
         <run_address>0x17a</run_address>
         <size>0x48</size>
         <input_file_ref idref="fl-2"/>
      </object_component>
      <object_component id="oc-1c8">
         <name>.debug_line</name>
         <load_address>0x1c2</load_address>
         <run_address>0x1c2</run_address>
         <size>0x84</size>
         <input_file_ref idref="fl-2"/>
      </object_component>
      <object_component id="oc-1c2">
         <name>.debug_line</name>
         <load_address>0x246</load_address>
         <run_address>0x246</run_address>
         <size>0x8a</size>
         <input_file_ref idref="fl-2"/>
      </object_component>
      <object_component id="oc-1bc">
         <name>.debug_line</name>
         <load_address>0x2d0</load_address>
         <run_address>0x2d0</run_address>
         <size>0x84</size>
         <input_file_ref idref="fl-2"/>
      </object_component>
      <object_component id="oc-1b6">
         <name>.debug_line</name>
         <load_address>0x354</load_address>
         <run_address>0x354</run_address>
         <size>0x8a</size>
         <input_file_ref idref="fl-2"/>
      </object_component>
      <object_component id="oc-1b0">
         <name>.debug_line</name>
         <load_address>0x3de</load_address>
         <run_address>0x3de</run_address>
         <size>0x84</size>
         <input_file_ref idref="fl-2"/>
      </object_component>
      <object_component id="oc-1aa">
         <name>.debug_line</name>
         <load_address>0x462</load_address>
         <run_address>0x462</run_address>
         <size>0x8a</size>
         <input_file_ref idref="fl-2"/>
      </object_component>
      <object_component id="oc-1a4">
         <name>.debug_line</name>
         <load_address>0x4ec</load_address>
         <run_address>0x4ec</run_address>
         <size>0x84</size>
         <input_file_ref idref="fl-2"/>
      </object_component>
      <object_component id="oc-185">
         <name>.debug_line</name>
         <load_address>0x570</load_address>
         <run_address>0x570</run_address>
         <size>0x51</size>
         <input_file_ref idref="fl-2"/>
      </object_component>
      <object_component id="oc-f6">
         <name>.debug_line</name>
[...]
            <run_size>0x7710</run_size>
            <compression>zero_init</compression>
         </cprec>
      </cptbl>
   </cptbl_list>
   <handler_table>
      <handler_table_name>__TI_handler_table</handler_table_name>
      <handler>
         <index>0x0</index>
         <name>__TI_decompress_lzss</name>
      </handler>
      <handler>
         <index>0x1</index>
         <name>__TI_decompress_none</name>
      </handler>
      <handler>
         <index>0x2</index>
         <name>__TI_zero_init</name>
      </handler>
   </handler_table>
   <symbol_table>
      <symbol id="sm-1">
         <name>__STACK_TOP</name>
         <value>0x20007910</value>
      </symbol>
      <symbol id="sm-2">
         <name>__TI_CINIT_Base</name>
         <value>0x2878</value>
      </symbol>
      <symbol id="sm-3">
         <name>__TI_CINIT_Limit</name>
         <value>0x2888</value>
      </symbol>
      <symbol id="sm-4">
         <name>__TI_Handler_Table_Base</name>
         <value>0x2864</value>
      </symbol>
      <symbol id="sm-5">
         <name>__TI_Handler_Table_Limit</name>
         <value>0x2870</value>
      </symbol>
      <symbol id="sm-6">
         <name>binit</name>
         <value>0xffffffff</value>
      </symbol>
      <symbol id="sm-7">
         <name>__binit__</name>
         <value>0xffffffff</value>
      </symbol>
      <symbol id="sm-8">
         <name>__STACK_SIZE</name>
         <value>0x200</value>
      </symbol>
      <symbol id="sm-9">
         <name>__STACK_END</name>
         <value>0x20007910</value>
      </symbol>
      <symbol id="sm-a">
         <name>__c_args__</name>
         <value>0xffffffff</value>
      </symbol>
      <symbol id="sm-b">
         <name>__TI_pprof_out_hndl</name>
         <value>0xffffffff</value>
      </symbol>
      <symbol id="sm-c">
         <name>__TI_prof_data_start</name>
         <value>0xffffffff</value>
      </symbol>
      <symbol id="sm-d">
         <name>__TI_prof_data_size</name>
         <value>0xffffffff</value>
      </symbol>
      <symbol id="sm-181">
         <name>main_start</name>
         <value>0x2000770c</value>
      </symbol>
      <symbol id="sm-182">
         <name>g_pUARTSemaphore</name>
         <value>0x200076ec</value>
      </symbol>
      <symbol id="sm-183">
         <name>g_pUARTSemaphore1</name>
         <value>0x200076f0</value>
      </symbol>
      <symbol id="sm-184">
         <name>g_pUARTSemaphore2</name>
         <value>0x200076f4</value>
      </symbol>
      <symbol id="sm-185">
         <name>g_pUARTSemaphore3</name>
         <value>0x200076f8</value>
      </symbol>
      <symbol id="sm-186">
         <name>g_pUARTSemaphore4</name>
         <value>0x200076fc</value>
      </symbol>
      <symbol id="sm-187">
         <name>g_pUARTSemaphore5</name>
         <value>0x20007700</value>
      </symbol>
      <symbol id="sm-188">
         <name>g_pUARTSemaphore6</name>
         <value>0x20007704</value>
      </symbol>
      <symbol id="sm-189">
         <name>g_pUARTSemaphore7</name>
         <value>0x20007708</value>
      </symbol>
      <symbol id="sm-18a">
         <name>Task2</name>
         <value>0xae1</value>
         <object_component_ref idref="oc-1a6"/>
      </symbol>
      <symbol id="sm-18b">
         <name>Task3</name>
         <value>0xc3d</value>
         <object_component_ref idref="oc-1ac"/>
      </symbol>
      <symbol id="sm-18c">
         <name>Task1</name>
         <value>0x985</value>
         <object_component_ref idref="oc-1a0"/>
      </symbol>
      <symbol id="sm-18d">
         <name>Task6</name>
         <value>0x1051</value>
         <object_component_ref idref="oc-1be"/>
      </symbol>
      <symbol id="sm-18e">
         <name>Task7</name>
         <value>0x11ad</value>
         <object_component_ref idref="oc-1c4"/>
      </symbol>
      <symbol id="sm-18f">
         <name>Task4</name>
         <value>0xd99</value>
         <object_component_ref idref="oc-1b2"/>
      </symbol>
      <symbol id="sm-190">
         <name>Task5</name>
         <value>0xef5</value>
         <object_component_ref idref="oc-1b8"/>
      </symbol>
      <symbol id="sm-191">
         <name>vApplicationStackOverflowHook</name>
         <value>0x1f3b</value>
         <object_component_ref idref="oc-10d"/>
      </symbol>
      <symbol id="sm-192">
         <name>main</name>
         <value>0x555</value>
         <object_component_ref idref="oc-f5"/>
      </symbol>
      <symbol id="sm-193">
         <name>seqCnt</name>
         <value>0x20007930</value>
         <object_component_ref idref="oc-b6"/>
      </symbol>
      <symbol id="sm-194">
         <name>ConfigureUART</name>
         <value>0x1f3d</value>
         <object_component_ref idref="oc-181"/>
      </symbol>
      <symbol id="sm-195">
         <name>abortS1</name>
         <value>0x20007910</value>
         <object_component_ref idref="oc-b6"/>
      </symbol>
      <symbol id="sm-196">
         <name>abortS3</name>
         <value>0x20007918</value>
         <object_component_ref idref="oc-b6"/>
      </symbol>
      <symbol id="sm-197">
         <name>abortS2</name>
         <value>0x20007914</value>
         <object_component_ref idref="oc-b6"/>
      </symbol>
      <symbol id="sm-198">
         <name>abortS5</name>
         <value>0x20007920</value>
         <object_component_ref idref="oc-b6"/>
      </symbol>
      <symbol id="sm-199">
         <name>abortS4</name>
         <value>0x2000791c</value>
         <object_component_ref idref="oc-b6"/>
      </symbol>
      <symbol id="sm-19a">
         <name>abortS7</name>
         <value>0x20007928</value>
         <object_component_ref idref="oc-b6"/>
      </symbol>
      <symbol id="sm-19b">
         <name>abortS6</name>
         <value>0x20007924</value>
         <object_component_ref idref="oc-b6"/>
      </symbol>
      <symbol id="sm-19c">
         <name>Max7</name>
         <value>0x20007950</value>
         <object_component_ref idref="oc-b6"/>
      </symbol>
      <symbol id="sm-19d">
         <name>Max6</name>
         <value>0x2000794c</value>
         <object_component_ref idref="oc-b6"/>
      </symbol>
      <symbol id="sm-19e">
         <name>Max5</name>
         <value>0x20007948</value>
         <object_component_ref idref="oc-b6"/>
      </symbol>
      <symbol id="sm-19f">
         <name>Max4</name>
         <value>0x20007944</value>
         <object_component_ref idref="oc-b6"/>
      </symbol>
      <symbol id="sm-1a0">
         <name>Max3</name>
         <value>0x20007940</value>
         <object_component_ref idref="oc-b6"/>
      </symbol>
      <symbol id="sm-1a1">
         <name>Max2</name>
         <value>0x2000793c</value>
         <object_component_ref idref="oc-b6"/>
      </symbol>
      <symbol id="sm-1a2">
         <name>Max1</name>
         <value>0x20007938</value>
         <object_component_ref idref="oc-b6"/>
      </symbol>
      <symbol id="sm-1a3">
         <name>Timer0IntHandler</name>
         <value>0x26d</value>
         <object_component_ref idref="oc-47"/>
      </symbol>
      <symbol id="sm-1d4">
         <name>ResetISR</name>
         <value>0x280d</value>
         <object_component_ref idref="oc-24"/>
      </symbol>
      <symbol id="sm-1d5">
         <name>g_pfnVectors</name>
         <value>0x0</value>
         <object_component_ref idref="oc-f"/>
      </symbol>
      <symbol id="sm-20c">
         <name>uxListRemove</name>
         <value>0x2683</value>
         <object_component_ref idref="oc-11d"/>
      </symbol>
      <symbol id="sm-20d">
         <name>vListInsert</name>
         <value>0x2579</value>
         <object_component_ref idref="oc-3c7"/>
      </symbol>
      <symbol id="sm-20e">
         <name>vListInitialiseItem</name>
         <value>0x2819</value>
         <object_component_ref idref="oc-332"/>
      </symbol>
      <symbol id="sm-20f">
         <name>vListInsertEnd</name>
         <value>0x2729</value>
         <object_component_ref idref="oc-123"/>
      </symbol>
      <symbol id="sm-210">
         <name>vListInitialise</name>
         <value>0x2771</value>
         <object_component_ref idref="oc-25b"/>
      </symbol>
      <symbol id="sm-2ad">
         <name>xQueueGenericCreate</name>
         <value>0x24c9</value>
         <object_component_ref idref="oc-187"/>
      </symbol>
      <symbol id="sm-2ae">
         <name>xQueueCreateMutex</name>
         <value>0x232d</value>
         <object_component_ref idref="oc-18d"/>
      </symbol>
      <symbol id="sm-2af">
         <name>xQueueGenericSend</name>
         <value>0x1625</value>
         <object_component_ref idref="oc-261"/>
      </symbol>
      <symbol id="sm-2b0">
         <name>xQueueGenericReset</name>
         <value>0x1c75</value>
         <object_component_ref idref="oc-254"/>
      </symbol>
      <symbol id="sm-2b1">
         <name>xQueueGiveFromISR</name>
         <value>0x2237</value>
         <object_component_ref idref="oc-a5"/>
      </symbol>
      <symbol id="sm-2b2">
         <name>xQueueGenericReceive</name>
         <value>0x1309</value>
         <object_component_ref idref="oc-29a"/>
      </symbol>
      <symbol id="sm-479">
         <name>vTaskSuspendAll</name>
         <value>0x27c1</value>
         <object_component_ref idref="oc-2e7"/>
      </symbol>
      <symbol id="sm-47a">
         <name>vTaskPriorityInherit</name>
         <value>0x1b59</value>
         <object_component_ref idref="oc-366"/>
      </symbol>
      <symbol id="sm-47b">
         <name>vTaskPlaceOnEventList</name>
         <value>0x1fa1</value>
         <object_component_ref idref="oc-31e"/>
      </symbol>
      <symbol id="sm-47c">
         <name>xTaskCheckForTimeOut</name>
         <value>0x228d</value>
         <object_component_ref idref="oc-30c"/>
      </symbol>
      <symbol id="sm-47d">
         <name>xTaskPriorityDisinherit</name>
         <value>0x1d75</value>
         <object_component_ref idref="oc-3d4"/>
      </symbol>
      <symbol id="sm-47e">
         <name>vTaskStartScheduler</name>
         <value>0x2129</value>
         <object_component_ref idref="oc-199"/>
      </symbol>
      <symbol id="sm-47f">
         <name>pvTaskIncrementMutexHeldCount</name>
         <value>0x2711</value>
         <object_component_ref idref="oc-372"/>
      </symbol>
      <symbol id="sm-480">
         <name>vTaskMissedYield</name>
         <value>0x27ed</value>
         <object_component_ref idref="oc-3bf"/>
      </symbol>
      <symbol id="sm-481">
         <name>xTaskResumeAll</name>
         <value>0x170d</value>
         <object_component_ref idref="oc-2f3"/>
      </symbol>
      <symbol id="sm-482">
         <name>xTaskGetTickCount</name>
         <value>0x27f9</value>
         <object_component_ref idref="oc-17b"/>
      </symbol>
      <symbol id="sm-483">
         <name>xTaskGenericCreate</name>
         <value>0x1525</value>
         <object_component_ref idref="oc-193"/>
      </symbol>
      <symbol id="sm-484">
         <name>vTaskDelete</name>
         <value>0x18c5</value>
         <object_component_ref idref="oc-2a0"/>
      </symbol>
      <symbol id="sm-485">
         <name>pxCurrentTCB</name>
         <value>0x20007954</value>
         <object_component_ref idref="oc-91"/>
      </symbol>
      <symbol id="sm-486">
         <name>vTaskSetTimeOutState</name>
         <value>0x2759</value>
         <object_component_ref idref="oc-306"/>
      </symbol>
      <symbol id="sm-487">
         <name>xTaskIncrementTick</name>
         <value>0x1421</value>
         <object_component_ref idref="oc-9e"/>
      </symbol>
      <symbol id="sm-488">
         <name>vTaskSwitchContext</name>
         <value>0x1be9</value>
         <object_component_ref idref="oc-97"/>
      </symbol>
      <symbol id="sm-489">
         <name>xTaskRemoveFromEventList</name>
         <value>0x1ded</value>
         <object_component_ref idref="oc-12d"/>
      </symbol>
      <symbol id="sm-4e3">
         <name>ulMaxSyscallInterruptPriority</name>
         <value>0x2840</value>
         <object_component_ref idref="oc-94"/>
      </symbol>
      <symbol id="sm-4e4">
         <name>vPortSetupTimerInterrupt</name>
         <value>0x2789</value>
         <object_component_ref idref="oc-352"/>
      </symbol>
      <symbol id="sm-4e5">
         <name>xPortSysTickHandler</name>
         <value>0x25e1</value>
         <object_component_ref idref="oc-41"/>
      </symbol>
      <symbol id="sm-4e6">
         <name>pxPortInitialiseStack</name>
         <value>0x2635</value>
         <object_component_ref idref="oc-274"/>
      </symbol>
      <symbol id="sm-4e7">
         <name>vPortExitCritical</name>
         <value>0x2741</value>
         <object_component_ref idref="oc-286"/>
      </symbol>
      <symbol id="sm-4e8">
         <name>xPortStartScheduler</name>
         <value>0x2489</value>
         <object_component_ref idref="oc-28d"/>
      </symbol>
      <symbol id="sm-4e9">
         <name>vPortEnterCritical</name>
         <value>0x26c1</value>
         <object_component_ref idref="oc-27a"/>
      </symbol>
      <symbol id="sm-4f8">
         <name>vPortStartFirstTask</name>
         <value>0x1899</value>
         <object_component_ref idref="oc-3c"/>
      </symbol>
      <symbol id="sm-4f9">
         <name>ulPortGetIPSR</name>
         <value>0x1801</value>
         <object_component_ref idref="oc-3c"/>
      </symbol>
      <symbol id="sm-4fa">
         <name>vPortEnableVFP</name>
         <value>0x18b5</value>
         <object_component_ref idref="oc-3c"/>
      </symbol>
      <symbol id="sm-4fb">
         <name>xPortPendSVHandler</name>
         <value>0x1819</value>
         <object_component_ref idref="oc-3c"/>
      </symbol>
      <symbol id="sm-4fc">
         <name>vPortSVCHandler</name>
         <value>0x1879</value>
         <object_component_ref idref="oc-3c"/>
      </symbol>
      <symbol id="sm-551">
         <name>pvPortMalloc</name>
         <value>0x1979</value>
         <object_component_ref idref="oc-24e"/>
      </symbol>
      <symbol id="sm-552">
         <name>vPortFree</name>
         <value>0x2405</value>
         <object_component_ref idref="oc-32b"/>
      </symbol>
      <symbol id="sm-5c0">
         <name>UARTStdioConfig</name>
         <value>0x2069</value>
         <object_component_ref idref="oc-247"/>
      </symbol>
      <symbol id="sm-5c1">
         <name>UARTwrite</name>
         <value>0x2379</value>
         <object_component_ref idref="oc-231"/>
      </symbol>
      <symbol id="sm-5c2">
         <name>UARTprintf</name>
         <value>0x26dd</value>
         <object_component_ref idref="oc-ab"/>
      </symbol>
      <symbol id="sm-5c3">
         <name>UARTvprintf</name>
         <value>0x799</value>
         <object_component_ref idref="oc-13b"/>
      </symbol>
      <symbol id="sm-5d3">
         <name>__aeabi_memset</name>
         <value>0x1cfb</value>
         <object_component_ref idref="oc-e9"/>
      </symbol>
      <symbol id="sm-5d4">
         <name>memset</name>
         <value>0x1d01</value>
         <object_component_ref idref="oc-e9"/>
      </symbol>
      <symbol id="sm-5d5">
         <name>__aeabi_memset8</name>
         <value>0x1cfb</value>
         <object_component_ref idref="oc-e9"/>
      </symbol>
      <symbol id="sm-5d6">
         <name>__aeabi_memset4</name>
         <value>0x1cfb</value>
         <object_component_ref idref="oc-e9"/>
      </symbol>
      <symbol id="sm-5d7">
         <name>__aeabi_memclr8</name>
         <value>0x1cf9</value>
         <object_component_ref idref="oc-e9"/>
      </symbol>
      <symbol id="sm-5d8">
         <name>__aeabi_memclr4</name>
         <value>0x1cf9</value>
         <object_component_ref idref="oc-e9"/>
      </symbol>
      <symbol id="sm-5d9">
         <name>__aeabi_memclr</name>
         <value>0x1cf9</value>
         <object_component_ref idref="oc-e9"/>
      </symbol>
      <symbol id="sm-5e6">
         <name>__aeabi_uldivmod</name>
         <value>0x1ac1</value>
         <object_component_ref idref="oc-b1"/>
      </symbol>
      <symbol id="sm-5f5">
         <name>__aeabi_uidivmod</name>
         <value>0x2449</value>
         <object_component_ref idref="oc-237"/>
      </symbol>
      <symbol id="sm-5f6">
         <name>__aeabi_uidiv</name>
         <value>0x2449</value>
         <object_component_ref idref="oc-237"/>
      </symbol>
      <symbol id="sm-612">
         <name>memcpy</name>
         <value>0x1a25</value>
         <object_component_ref idref="oc-5b"/>
      </symbol>
      <symbol id="sm-613">
         <name>__aeabi_memcpy</name>
         <value>0x1a25</value>
         <object_component_ref idref="oc-5b"/>
      </symbol>
      <symbol id="sm-614">
         <name>__aeabi_memcpy8</name>
         <value>0x1a25</value>
         <object_component_ref idref="oc-5b"/>
      </symbol>
      <symbol id="sm-615">
         <name>__aeabi_memcpy4</name>
         <value>0x1a25</value>
         <object_component_ref idref="oc-5b"/>
      </symbol>
      <symbol id="sm-62c">
         <name>__TI_zero_init</name>
         <value>0x27df</value>
         <object_component_ref idref="oc-6d"/>
      </symbol>
      <symbol id="sm-643">
         <name>__TI_decompress_none</name>
         <value>0x27d1</value>
         <object_component_ref idref="oc-18"/>
      </symbol>
      <symbol id="sm-666">
         <name>__TI_decompress_lzss</name>
         <value>0x1ed3</value>
         <object_component_ref idref="oc-12"/>
      </symbol>
      <symbol id="sm-679">
         <name>__stack</name>
         <value>0x20007710</value>
         <object_component_ref idref="oc-21"/>
      </symbol>
      <symbol id="sm-67a">
         <name>_c_int00_noargs</name>
         <value>0x2541</value>
         <object_component_ref idref="oc-79"/>
      </symbol>
      <symbol id="sm-684">
         <name>__aeabi_idiv0</name>
         <value>0x1d73</value>
         <object_component_ref idref="oc-148"/>
      </symbol>
      <symbol id="sm-685">
         <name>__aeabi_ldiv0</name>
         <value>0x1d73</value>
         <object_component_ref idref="oc-148"/>
      </symbol>
      <symbol id="sm-6ad">
         <name>__TI_auto_init_nobinit_nopinit</name>
         <value>0x23c1</value>
         <object_component_ref idref="oc-1d8"/>
      </symbol>
      <symbol id="sm-6b7">
         <name>_system_pre_init</name>
         <value>0x281f</value>
         <object_component_ref idref="oc-ef"/>
      </symbol>
      <symbol id="sm-6c3">
         <name>C$$EXIT</name>
         <value>0x2823</value>
         <object_component_ref idref="oc-1cc"/>
      </symbol>
      <symbol id="sm-6c4">
         <name>abort</name>
         <value>0x2823</value>
         <object_component_ref idref="oc-1cc"/>
      </symbol>
      <symbol id="sm-6de">
         <name>UARTClockSourceSet</name>
         <value>0x2813</value>
         <object_component_ref idref="oc-241"/>
      </symbol>
      <symbol id="sm-6e1">
         <name>__TI_static_base__</name>
         <value>0x0</value>
      </symbol>
      <symbol id="sm-6e4">
         <name>__mpu_init</name>
         <value>0x0</value>
      </symbol>
      <symbol id="sm-6e5">
         <name>_system_post_cinit</name>
         <value>0x0</value>
      </symbol>
   </symbol_table>
   <title>Link successful</title>
</link_info>
