******************************************************************************
                  TI ARM Linker PC v18.1.3                     
******************************************************************************
>> Linked Thu Mar 21 17:01:35 2019

OUTPUT FILE NAME:   <HW3_3.out>
ENTRY POINT SYMBOL: "_c_int00_noargs"  address: 00001e41


MEMORY CONFIGURATION

         name            origin    length      used     unused   attr    fill
----------------------  --------  ---------  --------  --------  ----  --------
  FLASH                 00000000   00040000  00002216  0003ddea  R  X
  SRAM                  20000000   00008000  000079dc  00000624  RW X


SEGMENT ALLOCATION MAP

run origin  load origin   length   init length attrs members
----------  ----------- ---------- ----------- ----- -------
00000000    00000000    00002218   00002218    r-x
  00000000    00000000    0000026c   0000026c    r-- .intvecs
  0000026c    0000026c    00001f56   00001f56    r-x .text
  000021c4    000021c4    0000001c   0000001c    r-- .const
  000021e0    000021e0    00000038   00000038    r-- .cinit
20000000    20000000    000079dc   00000000    rw-
  20000000    20000000    00007790   00000000    rw- .bss
  20007790    20007790    00000200   00000000    rw- .stack
  20007990    20007990    0000004c   00000000    rw- .data


SECTION ALLOCATION MAP

 output                                  attributes/
section   page    origin      length       input sections
--------  ----  ----------  ----------   ----------------
.intvecs   0    00000000    0000026c     
                  00000000    0000026c     startup_ccs.obj (.intvecs)

.text      0    0000026c    00001f56     
                  0000026c    00000208     freertos_demo.obj (.text:main)
                  00000474    000001ea     uartstdio.obj (.text:UARTvprintf)
                  0000065e    00000002     startup_ccs.obj (.text:FaultISR)
                  00000660    00000164     freertos_demo.obj (.text:Task1)
                  000007c4    00000148     freertos_demo.obj (.text:Task2)
                  0000090c    00000118     queue.obj (.text:xQueueGenericReceive)
                  00000a24    00000104     tasks.obj (.text:xTaskIncrementTick)
                  00000b28    00000100     tasks.obj (.text:xTaskGenericCreate)
                  00000c28    000000e8     queue.obj (.text:xQueueGenericSend)
                  00000d10    000000e4     tasks.obj (.text:xTaskResumeAll)
                  00000df4    000000d2     portasm.obj (.text)
                  00000ec6    00000002     startup_ccs.obj (.text:IntDefaultHandler)
                  00000ec8    000000ac     heap_2.obj (.text:pvPortMalloc)
                  00000f74    000000a4     timers.obj (.text:prvProcessReceivedCommands)
                  00001018    0000009c     rtsv7M4_T_le_v4SPD16_eabi.lib : memcpy_t2.asm.obj (.text)
                  000010b4    00000090     tasks.obj (.text:vTaskPriorityInherit)
                  00001144    0000008c     tasks.obj (.text:vTaskSwitchContext)
                  000011d0    00000084     queue.obj (.text:xQueueGenericReset)
                  00001254    0000007a     rtsv7M4_T_le_v4SPD16_eabi.lib : memset_t2.asm.obj (.text)
                  000012ce    00000002     startup_ccs.obj (.text:NmiSR)
                  000012d0    00000078     tasks.obj (.text:xTaskPriorityDisinherit)
                  00001348    00000074     tasks.obj (.text:xTaskRemoveFromEventList)
                  000013bc    00000072     queue.obj (.text:prvCopyDataToQueue)
                  0000142e    00000002     rtsv7M4_T_le_v4SPD16_eabi.lib : div0.asm.obj (.text)
                  00001430    00000070     timers.obj (.text:prvProcessTimerOrBlockTask)
                  000014a0    00000068     rtsv7M4_T_le_v4SPD16_eabi.lib : copy_decompress_lzss.c.obj (.text:decompress:lzss:__TI_decompress_lzss)
                  00001508    00000068     tasks.obj (.text:vTaskPlaceOnEventListRestricted)
                  00001570    00000068     tasks.obj (.text:vTaskStartScheduler)
                  000015d8    00000064     freertos_demo.obj (.text:ConfigureUART)
                  0000163c    00000064     tasks.obj (.text:vTaskPlaceOnEventList)
                  000016a0    00000062     queue.obj (.text:prvUnlockQueue)
                  00001702    00000002     freertos_demo.obj (.text:vApplicationStackOverflowHook)
                  00001704    00000060     uartstdio.obj (.text:UARTStdioConfig)
                  00001764    00000060     tasks.obj (.text:prvInitialiseTaskLists)
                  000017c4    00000060     timers.obj (.text:prvSwitchTimerLists)
                  00001824    0000005c     timers.obj (.text:prvCheckForValidListAndQueue)
                  00001880    0000005c     queue.obj (.text:xQueueGenericSendFromISR)
                  000018dc    00000058     tasks.obj (.text:prvCheckTasksWaitingTermination)
                  00001934    00000056     tasks.obj (.text:prvInitialiseTCBVariables)
                  0000198a    00000002     --HOLE-- [fill = 0]
                  0000198c    00000054     tasks.obj (.text:xTaskCheckForTimeOut)
                  000019e0    0000004c     tasks.obj (.text:prvAddCurrentTaskToDelayedList)
                  00001a2c    0000004c     queue.obj (.text:xQueueCreateMutex)
                  00001a78    00000048     uartstdio.obj (.text:UARTwrite)
                  00001ac0    00000048     timers.obj (.text:prvProcessExpiredTimer)
                  00001b08    00000044     rtsv7M4_T_le_v4SPD16_eabi.lib : autoinit.c.obj (.text:__TI_auto_init_nobinit_nopinit:__TI_auto_init_nobinit_nopinit)
                  00001b4c    00000044     timers.obj (.text:prvInsertTimerInActiveList)
                  00001b90    00000044     heap_2.obj (.text:vPortFree)
                  00001bd4    00000044     timers.obj (.text:xTimerGenericCommand)
                  00001c18    00000040     rtsv7M4_T_le_v4SPD16_eabi.lib : u_divt2.asm.obj (.text)
                  00001c58    00000040     queue.obj (.text:vQueueWaitForMessageRestricted)
                  00001c98    00000040     port.obj (.text:xPortStartScheduler)
                  00001cd8    00000040     timers.obj (.text:xTimerCreateTimerTask)
                  00001d18    0000003c     freertos_demo.obj (.text:TimerCallback1)
                  00001d54    0000003c     freertos_demo.obj (.text:TimerCallback2)
                  00001d90    0000003c     queue.obj (.text:xQueueGenericCreate)
                  00001dcc    0000003a     tasks.obj (.text:prvAllocateTCBAndStack)
                  00001e06    0000003a     timers.obj (.text:xTimerCreate)
                  00001e40    00000038     rtsv7M4_T_le_v4SPD16_eabi.lib : boot_cortex_m.c.obj (.text:_c_int00_noargs:_c_int00_noargs)
                  00001e78    00000038     list.obj (.text:vListInsert)
                  00001eb0    00000030     heap_2.obj (.text:prvHeapInit)
                  00001ee0    0000002c     port.obj (.text:xPortSysTickHandler)
                  00001f0c    00000028     tasks.obj (.text:prvResetNextTaskUnblockTime)
                  00001f34    00000028     timers.obj (.text:prvSampleTimeNow)
                  00001f5c    00000028     port.obj (.text:pxPortInitialiseStack)
                  00001f84    00000026     queue.obj (.text:prvCopyDataFromQueue)
                  00001faa    00000002     --HOLE-- [fill = 0]
                  00001fac    00000020     timers.obj (.text:prvGetNextExpireTime)
                  00001fcc    00000020     list.obj (.text:uxListRemove)
                  00001fec    00000020     queue.obj (.text:vQueueAddToRegistry)
                  0000200c    00000020     tasks.obj (.text:xTaskGetSchedulerState)
                  0000202c    0000001c     queue.obj (.text:prvIsQueueFull)
                  00002048    0000001c     port.obj (.text:vPortEnterCritical)
                  00002064    0000001a     uartstdio.obj (.text:UARTprintf)
                  0000207e    0000001a     queue.obj (.text:prvIsQueueEmpty)
                  00002098    00000018     tasks.obj (.text:pvTaskIncrementMutexHeldCount)
                  000020b0    00000018     list.obj (.text:vListInsertEnd)
                  000020c8    00000018     port.obj (.text:vPortExitCritical)
                  000020e0    00000018     tasks.obj (.text:vTaskSetTimeOutState)
                  000020f8    00000016     list.obj (.text:vListInitialise)
                  0000210e    00000014     timers.obj (.text:prvTimerTask)
                  00002122    00000002     --HOLE-- [fill = 0]
                  00002124    00000014     port.obj (.text:vPortSetupTimerInterrupt)
                  00002138    00000012     tasks.obj (.text:prvDeleteTCB)
                  0000214a    00000010     port.obj (.text:prvTaskExitError)
                  0000215a    00000002     --HOLE-- [fill = 0]
                  0000215c    00000010     tasks.obj (.text:vTaskSuspendAll)
                  0000216c    0000000e     rtsv7M4_T_le_v4SPD16_eabi.lib : copy_decompress_none.c.obj (.text:decompress:none:__TI_decompress_none)
                  0000217a    0000000c                                   : copy_zero_init.c.obj (.text:decompress:ZI:__TI_zero_init)
                  00002186    00000002     --HOLE-- [fill = 0]
                  00002188    0000000c     tasks.obj (.text:vTaskMissedYield)
                  00002194    0000000c     tasks.obj (.text:xTaskGetTickCount)
                  000021a0    00000008     tasks.obj (.text:prvIdleTask)
                  000021a8    00000006     startup_ccs.obj (.text:ResetISR)
                  000021ae    00000006     driverlib.lib : uart.obj (.text:UARTClockSourceSet)
                  000021b4    00000006     list.obj (.text:vListInitialiseItem)
                  000021ba    00000004     rtsv7M4_T_le_v4SPD16_eabi.lib : pre_init.c.obj (.text:_system_pre_init)
                  000021be    00000004                                   : exit.c.obj (.text:abort:abort)

.const     0    000021c4    0000001c     
                  000021c4    0000000c     uartstdio.obj (.const:g_ui32UARTBase)
                  000021d0    0000000c     uartstdio.obj (.const:g_ui32UARTPeriph)
                  000021dc    00000004     port.obj (.const)

.cinit     0    000021e0    00000038     
                  000021e0    00000010     (.cinit..data.load) [load image, compression = lzss]
                  000021f0    0000000c     (__TI_handler_table)
                  000021fc    00000004     --HOLE-- [fill = 0]
                  00002200    00000008     (.cinit..bss.load) [load image, compression = zero_init]
                  00002208    00000010     (__TI_cinit_table)

.init_array 
*          0    00000000    00000000     UNINITIALIZED

.bss       0    20000000    00007790     UNINITIALIZED
                  20000000    00007530     heap_2.obj (.bss:ucHeap)
                  20007530    00000140     tasks.obj (.bss:pxReadyTasksLists)
                  20007670    00000050     (.common:xQueueRegistry)
                  200076c0    00000014     timers.obj (.bss:xActiveTimerList1)
                  200076d4    00000014     timers.obj (.bss:xActiveTimerList2)
                  200076e8    00000014     tasks.obj (.bss:xDelayedTaskList1)
                  200076fc    00000014     tasks.obj (.bss:xDelayedTaskList2)
                  20007710    00000014     tasks.obj (.bss:xPendingReadyList)
                  20007724    00000014     tasks.obj (.bss:xSuspendedTaskList)
                  20007738    00000014     tasks.obj (.bss:xTasksWaitingTermination)
                  2000774c    00000008     tasks.obj (.bss)
                  20007754    00000008     timers.obj (.bss)
                  2000775c    00000008     heap_2.obj (.bss:xEnd)
                  20007764    00000008     heap_2.obj (.bss:xStart)
                  2000776c    00000004     (.common:Timer1)
                  20007770    00000004     (.common:Timer2)
                  20007774    00000004     (.common:count1)
                  20007778    00000004     (.common:count2)
                  2000777c    00000004     (.common:flag1)
                  20007780    00000004     (.common:flag2)
                  20007784    00000004     (.common:g_pUARTSemaphore)
                  20007788    00000004     (.common:g_pUARTSemaphore1)
                  2000778c    00000004     (.common:g_pUARTSemaphore2)

.data      0    20007990    0000004c     UNINITIALIZED
                  20007990    00000030     tasks.obj (.data)
                  200079c0    00000008     heap_2.obj (.data)
                  200079c8    00000008     timers.obj (.data)
                  200079d0    00000005     uartstdio.obj (.data)
                  200079d5    00000003     --HOLE--
                  200079d8    00000004     port.obj (.data)

.stack     0    20007790    00000200     UNINITIALIZED
                  20007790    00000004     rtsv7M4_T_le_v4SPD16_eabi.lib : boot_cortex_m.c.obj (.stack)
                  20007794    000001fc     --HOLE--

MODULE SUMMARY

       Module                       code   ro data   rw data
       ------                       ----   -------   -------
    .\
       freertos_demo.obj            1426   0         36     
       startup_ccs.obj              12     620       0      
    +--+----------------------------+------+---------+---------+
       Total:                       1438   620       36     
                                                            
    .\third_party\FreeRTOS\Source\
       tasks.obj                    2246   0         476    
       queue.obj                    1272   0         80     
       timers.obj                   886    0         56     
       list.obj                     140    0         0      
    +--+----------------------------+------+---------+---------+
       Total:                       4544   0         612    
                                                            
    .\third_party\FreeRTOS\Source\portable\CCS\ARM_CM4F\
       port.obj                     236    4         4      
       portasm.obj                  210    0         0      
    +--+----------------------------+------+---------+---------+
       Total:                       446    4         4      
                                                            
    .\third_party\FreeRTOS\Source\portable\MemMang\
       heap_2.obj                   288    0         30024  
    +--+----------------------------+------+---------+---------+
       Total:                       288    0         30024  
                                                            
    .\utils\
       uartstdio.obj                684    24        5      
    +--+----------------------------+------+---------+---------+
       Total:                       684    24        5      
                                                            
    C:/ti/TivaWare_C_Series-2.1.4.178/driverlib/ccs/Debug/driverlib.lib
       uart.obj                     6      0         0      
    +--+----------------------------+------+---------+---------+
       Total:                       6      0         0      
                                                            
    C:\ti\ccsv8\tools\compiler\ti-cgt-arm_18.1.3.LTS\lib\rtsv7M4_T_le_v4SPD16_eabi.lib
       memcpy_t2.asm.obj            156    0         0      
       memset_t2.asm.obj            122    0         0      
       copy_decompress_lzss.c.obj   104    0         0      
       autoinit.c.obj               68     0         0      
       u_divt2.asm.obj              64     0         0      
       boot_cortex_m.c.obj          56     0         0      
       copy_decompress_none.c.obj   14     0         0      
       copy_zero_init.c.obj         12     0         0      
       exit.c.obj                   4      0         0      
       pre_init.c.obj               4      0         0      
       div0.asm.obj                 2      0         0      
    +--+----------------------------+------+---------+---------+
       Total:                       606    0         0      
                                                            
       Stack:                       0      0         512    
       Linker Generated:            0      52        0      
    +--+----------------------------+------+---------+---------+
       Grand Total:                 8012   700       31193  


LINKER GENERATED COPY TABLES

__TI_cinit_table @ 00002208 records: 2, size/record: 8, table size: 16
	.data: load addr=000021e0, load size=00000010 bytes, run addr=20007990, run size=0000004c bytes, compression=lzss
	.bss: load addr=00002200, load size=00000008 bytes, run addr=20000000, run size=00007790 bytes, compression=zero_init


LINKER GENERATED HANDLER TABLE

__TI_handler_table @ 000021f0 records: 3, size/record: 4, table size: 12
	index: 0, handler: __TI_decompress_lzss
	index: 1, handler: __TI_decompress_none
	index: 2, handler: __TI_zero_init


GLOBAL SYMBOLS: SORTED ALPHABETICALLY BY Name 

address   name                           
-------   ----                           
000021bf  C$$EXIT                        
000015d9  ConfigureUART                  
000021a9  ResetISR                       
00000661  Task1                          
000007c5  Task2                          
2000776c  Timer1                         
20007770  Timer2                         
00001d19  TimerCallback1                 
00001d55  TimerCallback2                 
000021af  UARTClockSourceSet             
00001705  UARTStdioConfig                
00002065  UARTprintf                     
00000475  UARTvprintf                    
00001a79  UARTwrite                      
20007990  __STACK_END                    
00000200  __STACK_SIZE                   
20007990  __STACK_TOP                    
00002208  __TI_CINIT_Base                
00002218  __TI_CINIT_Limit               
000021f0  __TI_Handler_Table_Base        
000021fc  __TI_Handler_Table_Limit       
00001b09  __TI_auto_init_nobinit_nopinit 
000014a1  __TI_decompress_lzss           
0000216d  __TI_decompress_none           
ffffffff  __TI_pprof_out_hndl            
ffffffff  __TI_prof_data_size            
ffffffff  __TI_prof_data_start           
00000000  __TI_static_base__             
0000217b  __TI_zero_init                 
0000142f  __aeabi_idiv0                  
0000142f  __aeabi_ldiv0                  
00001255  __aeabi_memclr                 
00001255  __aeabi_memclr4                
00001255  __aeabi_memclr8                
00001019  __aeabi_memcpy                 
00001019  __aeabi_memcpy4                
00001019  __aeabi_memcpy8                
00001257  __aeabi_memset                 
00001257  __aeabi_memset4                
00001257  __aeabi_memset8                
00001c19  __aeabi_uidiv                  
00001c19  __aeabi_uidivmod               
ffffffff  __binit__                      
ffffffff  __c_args__                     
UNDEFED   __mpu_init                     
20007790  __stack                        
00001e41  _c_int00_noargs                
UNDEFED   _system_post_cinit             
000021bb  _system_pre_init               
000021bf  abort                          
ffffffff  binit                          
20007774  count1                         
20007778  count2                         
2000777c  flag1                          
20007780  flag2                          
20007784  g_pUARTSemaphore               
20007788  g_pUARTSemaphore1              
2000778c  g_pUARTSemaphore2              
00000000  g_pfnVectors                   
0000026d  main                           
00001019  memcpy                         
0000125d  memset                         
00000ec9  pvPortMalloc                   
00002099  pvTaskIncrementMutexHeldCount  
20007990  pxCurrentTCB                   
00001f5d  pxPortInitialiseStack          
000021dc  ulMaxSyscallInterruptPriority  
00000e05  ulPortGetIPSR                  
00001fcd  uxListRemove                   
00001703  vApplicationStackOverflowHook  
000020f9  vListInitialise                
000021b5  vListInitialiseItem            
00001e79  vListInsert                    
000020b1  vListInsertEnd                 
00000eb9  vPortEnableVFP                 
00002049  vPortEnterCritical             
000020c9  vPortExitCritical              
00001b91  vPortFree                      
00000e7d  vPortSVCHandler                
00002125  vPortSetupTimerInterrupt       
00000e9d  vPortStartFirstTask            
00001fed  vQueueAddToRegistry            
00001c59  vQueueWaitForMessageRestricted 
00002189  vTaskMissedYield               
0000163d  vTaskPlaceOnEventList          
00001509  vTaskPlaceOnEventListRestricted
000010b5  vTaskPriorityInherit           
000020e1  vTaskSetTimeOutState           
00001571  vTaskStartScheduler            
0000215d  vTaskSuspendAll                
00001145  vTaskSwitchContext             
00000e1d  xPortPendSVHandler             
00001c99  xPortStartScheduler            
00001ee1  xPortSysTickHandler            
00001a2d  xQueueCreateMutex              
00001d91  xQueueGenericCreate            
0000090d  xQueueGenericReceive           
000011d1  xQueueGenericReset             
00000c29  xQueueGenericSend              
00001881  xQueueGenericSendFromISR       
20007670  xQueueRegistry                 
0000198d  xTaskCheckForTimeOut           
00000b29  xTaskGenericCreate             
0000200d  xTaskGetSchedulerState         
00002195  xTaskGetTickCount              
00000a25  xTaskIncrementTick             
000012d1  xTaskPriorityDisinherit        
00001349  xTaskRemoveFromEventList       
00000d11  xTaskResumeAll                 
00001e07  xTimerCreate                   
00001cd9  xTimerCreateTimerTask          
00001bd5  xTimerGenericCommand           


GLOBAL SYMBOLS: SORTED BY Symbol Address 

address   name                           
-------   ----                           
00000000  __TI_static_base__             
00000000  g_pfnVectors                   
00000200  __STACK_SIZE                   
0000026d  main                           
00000475  UARTvprintf                    
00000661  Task1                          
000007c5  Task2                          
0000090d  xQueueGenericReceive           
00000a25  xTaskIncrementTick             
00000b29  xTaskGenericCreate             
00000c29  xQueueGenericSend              
00000d11  xTaskResumeAll                 
00000e05  ulPortGetIPSR                  
00000e1d  xPortPendSVHandler             
00000e7d  vPortSVCHandler                
00000e9d  vPortStartFirstTask            
00000eb9  vPortEnableVFP                 
00000ec9  pvPortMalloc                   
00001019  __aeabi_memcpy                 
00001019  __aeabi_memcpy4                
00001019  __aeabi_memcpy8                
00001019  memcpy                         
000010b5  vTaskPriorityInherit           
00001145  vTaskSwitchContext             
000011d1  xQueueGenericReset             
00001255  __aeabi_memclr                 
00001255  __aeabi_memclr4                
00001255  __aeabi_memclr8                
00001257  __aeabi_memset                 
00001257  __aeabi_memset4                
00001257  __aeabi_memset8                
0000125d  memset                         
000012d1  xTaskPriorityDisinherit        
00001349  xTaskRemoveFromEventList       
0000142f  __aeabi_idiv0                  
0000142f  __aeabi_ldiv0                  
000014a1  __TI_decompress_lzss           
00001509  vTaskPlaceOnEventListRestricted
00001571  vTaskStartScheduler            
000015d9  ConfigureUART                  
0000163d  vTaskPlaceOnEventList          
00001703  vApplicationStackOverflowHook  
00001705  UARTStdioConfig                
00001881  xQueueGenericSendFromISR       
0000198d  xTaskCheckForTimeOut           
00001a2d  xQueueCreateMutex              
00001a79  UARTwrite                      
00001b09  __TI_auto_init_nobinit_nopinit 
00001b91  vPortFree                      
00001bd5  xTimerGenericCommand           
00001c19  __aeabi_uidiv                  
00001c19  __aeabi_uidivmod               
00001c59  vQueueWaitForMessageRestricted 
00001c99  xPortStartScheduler            
00001cd9  xTimerCreateTimerTask          
00001d19  TimerCallback1                 
00001d55  TimerCallback2                 
00001d91  xQueueGenericCreate            
00001e07  xTimerCreate                   
00001e41  _c_int00_noargs                
00001e79  vListInsert                    
00001ee1  xPortSysTickHandler            
00001f5d  pxPortInitialiseStack          
00001fcd  uxListRemove                   
00001fed  vQueueAddToRegistry            
0000200d  xTaskGetSchedulerState         
00002049  vPortEnterCritical             
00002065  UARTprintf                     
00002099  pvTaskIncrementMutexHeldCount  
000020b1  vListInsertEnd                 
000020c9  vPortExitCritical              
000020e1  vTaskSetTimeOutState           
000020f9  vListInitialise                
00002125  vPortSetupTimerInterrupt       
0000215d  vTaskSuspendAll                
0000216d  __TI_decompress_none           
0000217b  __TI_zero_init                 
00002189  vTaskMissedYield               
00002195  xTaskGetTickCount              
000021a9  ResetISR                       
000021af  UARTClockSourceSet             
000021b5  vListInitialiseItem            
000021bb  _system_pre_init               
000021bf  C$$EXIT                        
000021bf  abort                          
000021dc  ulMaxSyscallInterruptPriority  
000021f0  __TI_Handler_Table_Base        
000021fc  __TI_Handler_Table_Limit       
00002208  __TI_CINIT_Base                
00002218  __TI_CINIT_Limit               
20007670  xQueueRegistry                 
2000776c  Timer1                         
20007770  Timer2                         
20007774  count1                         
20007778  count2                         
2000777c  flag1                          
20007780  flag2                          
20007784  g_pUARTSemaphore               
20007788  g_pUARTSemaphore1              
2000778c  g_pUARTSemaphore2              
20007790  __stack                        
20007990  __STACK_END                    
20007990  __STACK_TOP                    
20007990  pxCurrentTCB                   
ffffffff  __TI_pprof_out_hndl            
ffffffff  __TI_prof_data_size            
ffffffff  __TI_prof_data_start           
ffffffff  __binit__                      
ffffffff  __c_args__                     
ffffffff  binit                          
UNDEFED   __mpu_init                     
UNDEFED   _system_post_cinit             

[112 symbols]
