<?xml version="1.0" encoding="ISO-8859-1" ?>
<link_info>
   <banner>TI ARM Linker PC v18.1.3.LTS</banner>
   <copyright>Copyright (c) 1996-2017 Texas Instruments Incorporated</copyright>
   <link_time>0x5c9417cf</link_time>
   <link_errors>0x0</link_errors>
   <output_file>HW3_3.out</output_file>
   <entry_point>
      <name>_c_int00_noargs</name>
      <address>0x1e41</address>
   </entry_point>
   <input_file_list>
      <input_file id="fl-2">
         <path>.\</path>
         <kind>object</kind>
         <file>freertos_demo.obj</file>
         <name>freertos_demo.obj</name>
      </input_file>
      <input_file id="fl-3">
         <path>.\</path>
         <kind>object</kind>
         <file>startup_ccs.obj</file>
         <name>startup_ccs.obj</name>
      </input_file>
      <input_file id="fl-4">
         <path>.\drivers\</path>
         <kind>object</kind>
         <file>buttons.obj</file>
         <name>buttons.obj</name>
      </input_file>
      <input_file id="fl-5">
         <path>.\drivers\</path>
         <kind>object</kind>
         <file>rgb.obj</file>
         <name>rgb.obj</name>
      </input_file>
      <input_file id="fl-6">
         <path>.\third_party\FreeRTOS\Source\</path>
         <kind>object</kind>
         <file>list.obj</file>
         <name>list.obj</name>
      </input_file>
      <input_file id="fl-7">
         <path>.\third_party\FreeRTOS\Source\</path>
         <kind>object</kind>
         <file>queue.obj</file>
         <name>queue.obj</name>
      </input_file>
      <input_file id="fl-8">
         <path>.\third_party\FreeRTOS\Source\</path>
         <kind>object</kind>
         <file>tasks.obj</file>
         <name>tasks.obj</name>
      </input_file>
      <input_file id="fl-9">
         <path>.\third_party\FreeRTOS\Source\</path>
         <kind>object</kind>
         <file>timers.obj</file>
         <name>timers.obj</name>
      </input_file>
      <input_file id="fl-a">
         <path>.\third_party\FreeRTOS\Source\portable\CCS\ARM_CM4F\</path>
         <kind>object</kind>
         <file>port.obj</file>
         <name>port.obj</name>
      </input_file>
      <input_file id="fl-b">
         <path>.\third_party\FreeRTOS\Source\portable\CCS\ARM_CM4F\</path>
         <kind>object</kind>
         <file>portasm.obj</file>
         <name>portasm.obj</name>
      </input_file>
      <input_file id="fl-c">
         <path>.\third_party\FreeRTOS\Source\portable\MemMang\</path>
         <kind>object</kind>
         <file>heap_2.obj</file>
         <name>heap_2.obj</name>
      </input_file>
      <input_file id="fl-d">
         <path>.\utils\</path>
         <kind>object</kind>
         <file>uartstdio.obj</file>
         <name>uartstdio.obj</name>
      </input_file>
      <input_file id="fl-e">
         <path>.\utils\</path>
         <kind>object</kind>
         <file>ustdlib.obj</file>
         <name>ustdlib.obj</name>
      </input_file>
      <input_file id="fl-13">
         <kind>object</kind>
         <file>&lt;internal&gt;</file>
         <name>&lt;internal&gt;</name>
      </input_file>
      <input_file id="fl-c9">
         <path>C:\ti\ccsv8\tools\compiler\ti-cgt-arm_18.1.3.LTS\lib\</path>
         <kind>archive</kind>
         <file>rtsv7M4_T_le_v4SPD16_eabi.lib</file>
         <name>memset_t2.asm.obj</name>
      </input_file>
      <input_file id="fl-ca">
         <path>C:\ti\ccsv8\tools\compiler\ti-cgt-arm_18.1.3.LTS\lib\</path>
         <kind>archive</kind>
         <file>rtsv7M4_T_le_v4SPD16_eabi.lib</file>
         <name>u_divt2.asm.obj</name>
      </input_file>
      <input_file id="fl-cb">
         <path>C:\ti\ccsv8\tools\compiler\ti-cgt-arm_18.1.3.LTS\lib\</path>
         <kind>archive</kind>
         <file>rtsv7M4_T_le_v4SPD16_eabi.lib</file>
         <name>fs_toull_t2.asm.obj</name>
      </input_file>
      <input_file id="fl-cc">
         <path>C:\ti\ccsv8\tools\compiler\ti-cgt-arm_18.1.3.LTS\lib\</path>
         <kind>archive</kind>
         <file>rtsv7M4_T_le_v4SPD16_eabi.lib</file>
         <name>memcpy_t2.asm.obj</name>
      </input_file>
      <input_file id="fl-cd">
         <path>C:\ti\ccsv8\tools\compiler\ti-cgt-arm_18.1.3.LTS\lib\</path>
         <kind>archive</kind>
         <file>rtsv7M4_T_le_v4SPD16_eabi.lib</file>
         <name>copy_zero_init.c.obj</name>
      </input_file>
      <input_file id="fl-ce">
         <path>C:\ti\ccsv8\tools\compiler\ti-cgt-arm_18.1.3.LTS\lib\</path>
         <kind>archive</kind>
         <file>rtsv7M4_T_le_v4SPD16_eabi.lib</file>
         <name>copy_decompress_none.c.obj</name>
      </input_file>
      <input_file id="fl-cf">
         <path>C:\ti\ccsv8\tools\compiler\ti-cgt-arm_18.1.3.LTS\lib\</path>
         <kind>archive</kind>
         <file>rtsv7M4_T_le_v4SPD16_eabi.lib</file>
         <name>copy_decompress_lzss.c.obj</name>
      </input_file>
      <input_file id="fl-d0">
         <path>C:\ti\ccsv8\tools\compiler\ti-cgt-arm_18.1.3.LTS\lib\</path>
         <kind>archive</kind>
         <file>rtsv7M4_T_le_v4SPD16_eabi.lib</file>
         <name>boot_cortex_m.c.obj</name>
      </input_file>
      <input_file id="fl-d1">
         <path>C:\ti\ccsv8\tools\compiler\ti-cgt-arm_18.1.3.LTS\lib\</path>
         <kind>archive</kind>
         <file>rtsv7M4_T_le_v4SPD16_eabi.lib</file>
         <name>div0.asm.obj</name>
      </input_file>
      <input_file id="fl-d2">
         <path>C:\ti\ccsv8\tools\compiler\ti-cgt-arm_18.1.3.LTS\lib\</path>
         <kind>archive</kind>
         <file>rtsv7M4_T_le_v4SPD16_eabi.lib</file>
         <name>autoinit.c.obj</name>
      </input_file>
      <input_file id="fl-d3">
         <path>C:\ti\ccsv8\tools\compiler\ti-cgt-arm_18.1.3.LTS\lib\</path>
         <kind>archive</kind>
         <file>rtsv7M4_T_le_v4SPD16_eabi.lib</file>
         <name>pre_init.c.obj</name>
      </input_file>
      <input_file id="fl-d4">
         <path>C:\ti\ccsv8\tools\compiler\ti-cgt-arm_18.1.3.LTS\lib\</path>
         <kind>archive</kind>
         <file>rtsv7M4_T_le_v4SPD16_eabi.lib</file>
         <name>cpy_tbl.c.obj</name>
      </input_file>
      <input_file id="fl-d5">
         <path>C:\ti\ccsv8\tools\compiler\ti-cgt-arm_18.1.3.LTS\lib\</path>
         <kind>archive</kind>
         <file>rtsv7M4_T_le_v4SPD16_eabi.lib</file>
         <name>exit.c.obj</name>
      </input_file>
      <input_file id="fl-d6">
         <path>C:\ti\ccsv8\tools\compiler\ti-cgt-arm_18.1.3.LTS\lib\</path>
         <kind>archive</kind>
         <file>rtsv7M4_T_le_v4SPD16_eabi.lib</file>
         <name>_lock.c.obj</name>
      </input_file>
      <input_file id="fl-d7">
         <path>C:\ti\ccsv8\tools\compiler\ti-cgt-arm_18.1.3.LTS\lib\</path>
         <kind>archive</kind>
         <file>rtsv7M4_T_le_v4SPD16_eabi.lib</file>
         <name>args_main.c.obj</name>
      </input_file>
      <input_file id="fl-d8">
         <path>C:\ti\TivaWare_C_Series-2.1.4.178\driverlib\ccs\Debug\</path>
         <kind>archive</kind>
         <file>driverlib.lib</file>
         <name>sysctl.obj</name>
      </input_file>
      <input_file id="fl-d9">
         <path>C:\ti\TivaWare_C_Series-2.1.4.178\driverlib\ccs\Debug\</path>
         <kind>archive</kind>
         <file>driverlib.lib</file>
         <name>uart.obj</name>
      </input_file>
      <input_file id="fl-da">
         <path>C:\ti\TivaWare_C_Series-2.1.4.178\driverlib\ccs\Debug\</path>
         <kind>archive</kind>
         <file>driverlib.lib</file>
         <name>cpu.obj</name>
      </input_file>
      <input_file id="fl-db">
         <path>C:\ti\TivaWare_C_Series-2.1.4.178\driverlib\ccs\Debug\</path>
         <kind>archive</kind>
         <file>driverlib.lib</file>
         <name>interrupt.obj</name>
      </input_file>
   </input_file_list>
   <object_component_list>
      <object_component id="oc-f">
         <name>.intvecs</name>
         <load_address>0x0</load_address>
         <run_address>0x0</run_address>
         <size>0x26c</size>
         <input_file_ref idref="fl-3"/>
      </object_component>
      <object_component id="oc-cc">
         <name>.text:main</name>
         <load_address>0x26c</load_address>
         <run_address>0x26c</run_address>
         <size>0x208</size>
         <input_file_ref idref="fl-2"/>
      </object_component>
      <object_component id="oc-202">
         <name>.text:UARTvprintf</name>
         <load_address>0x474</load_address>
         <run_address>0x474</run_address>
         <size>0x1ea</size>
         <input_file_ref idref="fl-d"/>
      </object_component>
      <object_component id="oc-30">
         <name>.text:FaultISR</name>
         <load_address>0x65e</load_address>
         <run_address>0x65e</run_address>
         <size>0x2</size>
         <input_file_ref idref="fl-3"/>
      </object_component>
      <object_component id="oc-172">
         <name>.text:Task1</name>
         <load_address>0x660</load_address>
         <run_address>0x660</run_address>
         <size>0x164</size>
         <input_file_ref idref="fl-2"/>
      </object_component>
      <object_component id="oc-178">
         <name>.text:Task2</name>
         <load_address>0x7c4</load_address>
         <run_address>0x7c4</run_address>
         <size>0x148</size>
         <input_file_ref idref="fl-2"/>
      </object_component>
      <object_component id="oc-14a">
         <name>.text:xQueueGenericReceive</name>
         <load_address>0x90c</load_address>
         <run_address>0x90c</run_address>
         <size>0x118</size>
         <input_file_ref idref="fl-7"/>
      </object_component>
      <object_component id="oc-98">
         <name>.text:xTaskIncrementTick</name>
         <load_address>0xa24</load_address>
         <run_address>0xa24</run_address>
         <size>0x104</size>
         <input_file_ref idref="fl-8"/>
      </object_component>
      <object_component id="oc-156">
         <name>.text:xTaskGenericCreate</name>
         <load_address>0xb28</load_address>
         <run_address>0xb28</run_address>
         <size>0x100</size>
         <input_file_ref idref="fl-8"/>
      </object_component>
      <object_component id="oc-150">
         <name>.text:xQueueGenericSend</name>
         <load_address>0xc28</load_address>
         <run_address>0xc28</run_address>
         <size>0xe8</size>
         <input_file_ref idref="fl-7"/>
      </object_component>
      <object_component id="oc-270">
         <name>.text:xTaskResumeAll</name>
         <load_address>0xd10</load_address>
         <run_address>0xd10</run_address>
         <size>0xe4</size>
         <input_file_ref idref="fl-8"/>
      </object_component>
      <object_component id="oc-3c">
         <name>.text</name>
         <load_address>0xdf4</load_address>
         <run_address>0xdf4</run_address>
         <size>0xd2</size>
         <input_file_ref idref="fl-b"/>
      </object_component>
      <object_component id="oc-36">
         <name>.text:IntDefaultHandler</name>
         <load_address>0xec6</load_address>
         <run_address>0xec6</run_address>
         <size>0x2</size>
         <input_file_ref idref="fl-3"/>
      </object_component>
      <object_component id="oc-20f">
         <name>.text:pvPortMalloc</name>
         <load_address>0xec8</load_address>
         <run_address>0xec8</run_address>
         <size>0xac</size>
         <input_file_ref idref="fl-c"/>
      </object_component>
      <object_component id="oc-41f">
         <name>.text:prvProcessReceivedCommands</name>
         <load_address>0xf74</load_address>
         <run_address>0xf74</run_address>
         <size>0xa4</size>
         <input_file_ref idref="fl-9"/>
      </object_component>
      <object_component id="oc-55">
         <name>.text</name>
         <load_address>0x1018</load_address>
         <run_address>0x1018</run_address>
         <size>0x9c</size>
         <input_file_ref idref="fl-cc"/>
      </object_component>
      <object_component id="oc-27c">
         <name>.text:vTaskPriorityInherit</name>
         <load_address>0x10b4</load_address>
         <run_address>0x10b4</run_address>
         <size>0x90</size>
         <input_file_ref idref="fl-8"/>
      </object_component>
      <object_component id="oc-91">
         <name>.text:vTaskSwitchContext</name>
         <load_address>0x1144</load_address>
         <run_address>0x1144</run_address>
         <size>0x8c</size>
         <input_file_ref idref="fl-8"/>
      </object_component>
      <object_component id="oc-215">
         <name>.text:xQueueGenericReset</name>
         <load_address>0x11d0</load_address>
         <run_address>0x11d0</run_address>
         <size>0x84</size>
         <input_file_ref idref="fl-7"/>
      </object_component>
      <object_component id="oc-c0">
         <name>.text</name>
         <load_address>0x1254</load_address>
         <run_address>0x1254</run_address>
         <size>0x7a</size>
         <input_file_ref idref="fl-c9"/>
      </object_component>
      <object_component id="oc-2a">
         <name>.text:NmiSR</name>
         <load_address>0x12ce</load_address>
         <run_address>0x12ce</run_address>
         <size>0x2</size>
         <input_file_ref idref="fl-3"/>
      </object_component>
      <object_component id="oc-37c">
         <name>.text:xTaskPriorityDisinherit</name>
         <load_address>0x12d0</load_address>
         <run_address>0x12d0</run_address>
         <size>0x78</size>
         <input_file_ref idref="fl-8"/>
      </object_component>
      <object_component id="oc-294">
         <name>.text:xTaskRemoveFromEventList</name>
         <load_address>0x1348</load_address>
         <run_address>0x1348</run_address>
         <size>0x74</size>
         <input_file_ref idref="fl-8"/>
      </object_component>
      <object_component id="oc-2a1">
         <name>.text:prvCopyDataToQueue</name>
         <load_address>0x13bc</load_address>
         <run_address>0x13bc</run_address>
         <size>0x72</size>
         <input_file_ref idref="fl-7"/>
      </object_component>
      <object_component id="oc-3e2">
         <name>.text</name>
         <load_address>0x142e</load_address>
         <run_address>0x142e</run_address>
         <size>0x2</size>
         <input_file_ref idref="fl-d1"/>
      </object_component>
      <object_component id="oc-419">
         <name>.text:prvProcessTimerOrBlockTask</name>
         <load_address>0x1430</load_address>
         <run_address>0x1430</run_address>
         <size>0x70</size>
         <input_file_ref idref="fl-9"/>
      </object_component>
      <object_component id="oc-12">
         <name>.text:decompress:lzss:__TI_decompress_lzss</name>
         <load_address>0x14a0</load_address>
         <run_address>0x14a0</run_address>
         <size>0x68</size>
         <input_file_ref idref="fl-cf"/>
      </object_component>
      <object_component id="oc-45f">
         <name>.text:vTaskPlaceOnEventListRestricted</name>
         <load_address>0x1508</load_address>
         <run_address>0x1508</run_address>
         <size>0x68</size>
         <input_file_ref idref="fl-8"/>
      </object_component>
      <object_component id="oc-15c">
         <name>.text:vTaskStartScheduler</name>
         <load_address>0x1570</load_address>
         <run_address>0x1570</run_address>
         <size>0x68</size>
         <input_file_ref idref="fl-8"/>
      </object_component>
      <object_component id="oc-120">
         <name>.text:ConfigureUART</name>
         <load_address>0x15d8</load_address>
         <run_address>0x15d8</run_address>
         <size>0x64</size>
         <input_file_ref idref="fl-2"/>
      </object_component>
      <object_component id="oc-282">
         <name>.text:vTaskPlaceOnEventList</name>
         <load_address>0x163c</load_address>
         <run_address>0x163c</run_address>
         <size>0x64</size>
         <input_file_ref idref="fl-8"/>
      </object_component>
      <object_component id="oc-26a">
         <name>.text:prvUnlockQueue</name>
         <load_address>0x16a0</load_address>
         <run_address>0x16a0</run_address>
         <size>0x62</size>
         <input_file_ref idref="fl-7"/>
      </object_component>
      <object_component id="oc-e9">
         <name>.text:vApplicationStackOverflowHook</name>
         <load_address>0x1702</load_address>
         <run_address>0x1702</run_address>
         <size>0x2</size>
         <input_file_ref idref="fl-2"/>
      </object_component>
      <object_component id="oc-1fb">
         <name>.text:UARTStdioConfig</name>
         <load_address>0x1704</load_address>
         <run_address>0x1704</run_address>
         <size>0x60</size>
         <input_file_ref idref="fl-d"/>
      </object_component>
      <object_component id="oc-2ba">
         <name>.text:prvInitialiseTaskLists</name>
         <load_address>0x1764</load_address>
         <run_address>0x1764</run_address>
         <size>0x60</size>
         <input_file_ref idref="fl-8"/>
      </object_component>
      <object_component id="oc-458">
         <name>.text:prvSwitchTimerLists</name>
         <load_address>0x17c4</load_address>
         <run_address>0x17c4</run_address>
         <size>0x60</size>
         <input_file_ref idref="fl-9"/>
      </object_component>
      <object_component id="oc-225">
         <name>.text:prvCheckForValidListAndQueue</name>
         <load_address>0x1824</load_address>
         <run_address>0x1824</run_address>
         <size>0x5c</size>
         <input_file_ref idref="fl-9"/>
      </object_component>
      <object_component id="oc-23a">
         <name>.text:xQueueGenericSendFromISR</name>
         <load_address>0x1880</load_address>
         <run_address>0x1880</run_address>
         <size>0x5c</size>
         <input_file_ref idref="fl-7"/>
      </object_component>
      <object_component id="oc-3aa">
         <name>.text:prvCheckTasksWaitingTermination</name>
         <load_address>0x18dc</load_address>
         <run_address>0x18dc</run_address>
         <size>0x58</size>
         <input_file_ref idref="fl-8"/>
      </object_component>
      <object_component id="oc-2ae">
         <name>.text:prvInitialiseTCBVariables</name>
         <load_address>0x1934</load_address>
         <run_address>0x1934</run_address>
         <size>0x56</size>
         <input_file_ref idref="fl-8"/>
      </object_component>
      <object_component id="oc-264">
         <name>.text:xTaskCheckForTimeOut</name>
         <load_address>0x198c</load_address>
         <run_address>0x198c</run_address>
         <size>0x54</size>
         <input_file_ref idref="fl-8"/>
      </object_component>
      <object_component id="oc-36e">
         <name>.text:prvAddCurrentTaskToDelayedList</name>
         <load_address>0x19e0</load_address>
         <run_address>0x19e0</run_address>
         <size>0x4c</size>
         <input_file_ref idref="fl-8"/>
      </object_component>
      <object_component id="oc-132">
         <name>.text:xQueueCreateMutex</name>
         <load_address>0x1a2c</load_address>
         <run_address>0x1a2c</run_address>
         <size>0x4c</size>
         <input_file_ref idref="fl-7"/>
      </object_component>
      <object_component id="oc-312">
         <name>.text:UARTwrite</name>
         <load_address>0x1a78</load_address>
         <run_address>0x1a78</run_address>
         <size>0x48</size>
         <input_file_ref idref="fl-d"/>
      </object_component>
      <object_component id="oc-443">
         <name>.text:prvProcessExpiredTimer</name>
         <load_address>0x1ac0</load_address>
         <run_address>0x1ac0</run_address>
         <size>0x48</size>
         <input_file_ref idref="fl-9"/>
      </object_component>
      <object_component id="oc-18c">
         <name>.text:__TI_auto_init_nobinit_nopinit:__TI_auto_init_nobinit_nopinit</name>
         <load_address>0x1b08</load_address>
         <run_address>0x1b08</run_address>
         <size>0x44</size>
         <input_file_ref idref="fl-d2"/>
      </object_component>
      <object_component id="oc-450">
         <name>.text:prvInsertTimerInActiveList</name>
         <load_address>0x1b4c</load_address>
         <run_address>0x1b4c</run_address>
         <size>0x44</size>
         <input_file_ref idref="fl-9"/>
      </object_component>
      <object_component id="oc-383">
         <name>.text:vPortFree</name>
         <load_address>0x1b90</load_address>
         <run_address>0x1b90</run_address>
         <size>0x44</size>
         <input_file_ref idref="fl-c"/>
      </object_component>
      <object_component id="oc-144">
         <name>.text:xTimerGenericCommand</name>
         <load_address>0x1bd4</load_address>
         <run_address>0x1bd4</run_address>
         <size>0x44</size>
         <input_file_ref idref="fl-9"/>
      </object_component>
      <object_component id="oc-318">
         <name>.text</name>
         <load_address>0x1c18</load_address>
         <run_address>0x1c18</run_address>
         <size>0x40</size>
         <input_file_ref idref="fl-ca"/>
      </object_component>
      <object_component id="oc-449">
         <name>.text:vQueueWaitForMessageRestricted</name>
         <load_address>0x1c58</load_address>
         <run_address>0x1c58</run_address>
         <size>0x40</size>
         <input_file_ref idref="fl-7"/>
      </object_component>
      <object_component id="oc-2c7">
         <name>.text:xPortStartScheduler</name>
         <load_address>0x1c98</load_address>
         <run_address>0x1c98</run_address>
         <size>0x40</size>
         <input_file_ref idref="fl-a"/>
      </object_component>
      <object_component id="oc-2c1">
         <name>.text:xTimerCreateTimerTask</name>
         <load_address>0x1cd8</load_address>
         <run_address>0x1cd8</run_address>
         <size>0x40</size>
         <input_file_ref idref="fl-9"/>
      </object_component>
      <object_component id="oc-164">
         <name>.text:TimerCallback1</name>
         <load_address>0x1d18</load_address>
         <run_address>0x1d18</run_address>
         <size>0x3c</size>
         <input_file_ref idref="fl-2"/>
      </object_component>
      <object_component id="oc-16b">
         <name>.text:TimerCallback2</name>
         <load_address>0x1d54</load_address>
         <run_address>0x1d54</run_address>
         <size>0x3c</size>
         <input_file_ref idref="fl-2"/>
      </object_component>
      <object_component id="oc-12c">
         <name>.text:xQueueGenericCreate</name>
         <load_address>0x1d90</load_address>
         <run_address>0x1d90</run_address>
         <size>0x3c</size>
         <input_file_ref idref="fl-7"/>
      </object_component>
      <object_component id="oc-2a8">
         <name>.text:prvAllocateTCBAndStack</name>
         <load_address>0x1dcc</load_address>
         <run_address>0x1dcc</run_address>
         <size>0x3a</size>
         <input_file_ref idref="fl-8"/>
      </object_component>
      <object_component id="oc-138">
         <name>.text:xTimerCreate</name>
         <load_address>0x1e06</load_address>
         <run_address>0x1e06</run_address>
         <size>0x3a</size>
         <input_file_ref idref="fl-9"/>
      </object_component>
      <object_component id="oc-73">
         <name>.text:_c_int00_noargs:_c_int00_noargs</name>
         <load_address>0x1e40</load_address>
         <run_address>0x1e40</run_address>
         <size>0x38</size>
         <input_file_ref idref="fl-d0"/>
      </object_component>
      <object_component id="oc-368">
         <name>.text:vListInsert</name>
         <load_address>0x1e78</load_address>
         <run_address>0x1e78</run_address>
         <size>0x38</size>
         <input_file_ref idref="fl-6"/>
      </object_component>
      <object_component id="oc-320">
         <name>.text:prvHeapInit</name>
         <load_address>0x1eb0</load_address>
         <run_address>0x1eb0</run_address>
         <size>0x30</size>
         <input_file_ref idref="fl-c"/>
      </object_component>
      <object_component id="oc-41">
         <name>.text:xPortSysTickHandler</name>
         <load_address>0x1ee0</load_address>
         <run_address>0x1ee0</run_address>
         <size>0x2c</size>
         <input_file_ref idref="fl-a"/>
      </object_component>
      <object_component id="oc-f3">
         <name>.text:prvResetNextTaskUnblockTime</name>
         <load_address>0x1f0c</load_address>
         <run_address>0x1f0c</run_address>
         <size>0x28</size>
         <input_file_ref idref="fl-8"/>
      </object_component>
      <object_component id="oc-441">
         <name>.text:prvSampleTimeNow</name>
         <load_address>0x1f34</load_address>
         <run_address>0x1f34</run_address>
         <size>0x28</size>
         <input_file_ref idref="fl-9"/>
      </object_component>
      <object_component id="oc-2b4">
         <name>.text:pxPortInitialiseStack</name>
         <load_address>0x1f5c</load_address>
         <run_address>0x1f5c</run_address>
         <size>0x28</size>
         <input_file_ref idref="fl-a"/>
      </object_component>
      <object_component id="oc-288">
         <name>.text:prvCopyDataFromQueue</name>
         <load_address>0x1f84</load_address>
         <run_address>0x1f84</run_address>
         <size>0x26</size>
         <input_file_ref idref="fl-7"/>
      </object_component>
      <object_component id="oc-413">
         <name>.text:prvGetNextExpireTime</name>
         <load_address>0x1fac</load_address>
         <run_address>0x1fac</run_address>
         <size>0x20</size>
         <input_file_ref idref="fl-9"/>
      </object_component>
      <object_component id="oc-f9">
         <name>.text:uxListRemove</name>
         <load_address>0x1fcc</load_address>
         <run_address>0x1fcc</run_address>
         <size>0x20</size>
         <input_file_ref idref="fl-6"/>
      </object_component>
      <object_component id="oc-33a">
         <name>.text:vQueueAddToRegistry</name>
         <load_address>0x1fec</load_address>
         <run_address>0x1fec</run_address>
         <size>0x20</size>
         <input_file_ref idref="fl-7"/>
      </object_component>
      <object_component id="oc-234">
         <name>.text:xTaskGetSchedulerState</name>
         <load_address>0x200c</load_address>
         <run_address>0x200c</run_address>
         <size>0x20</size>
         <input_file_ref idref="fl-8"/>
      </object_component>
      <object_component id="oc-29b">
         <name>.text:prvIsQueueFull</name>
         <load_address>0x202c</load_address>
         <run_address>0x202c</run_address>
         <size>0x1c</size>
         <input_file_ref idref="fl-7"/>
      </object_component>
      <object_component id="oc-25e">
         <name>.text:vPortEnterCritical</name>
         <load_address>0x2048</load_address>
         <run_address>0x2048</run_address>
         <size>0x1c</size>
         <input_file_ref idref="fl-a"/>
      </object_component>
      <object_component id="oc-126">
         <name>.text:UARTprintf</name>
         <load_address>0x2064</load_address>
         <run_address>0x2064</run_address>
         <size>0x1a</size>
         <input_file_ref idref="fl-d"/>
      </object_component>
      <object_component id="oc-276">
         <name>.text:prvIsQueueEmpty</name>
         <load_address>0x207e</load_address>
         <run_address>0x207e</run_address>
         <size>0x1a</size>
         <input_file_ref idref="fl-7"/>
      </object_component>
      <object_component id="oc-28e">
         <name>.text:pvTaskIncrementMutexHeldCount</name>
         <load_address>0x2098</load_address>
         <run_address>0x2098</run_address>
         <size>0x18</size>
         <input_file_ref idref="fl-8"/>
      </object_component>
      <object_component id="oc-ff">
         <name>.text:vListInsertEnd</name>
         <load_address>0x20b0</load_address>
         <run_address>0x20b0</run_address>
         <size>0x18</size>
         <input_file_ref idref="fl-6"/>
      </object_component>
      <object_component id="oc-252">
         <name>.text:vPortExitCritical</name>
         <load_address>0x20c8</load_address>
         <run_address>0x20c8</run_address>
         <size>0x18</size>
         <input_file_ref idref="fl-a"/>
      </object_component>
      <object_component id="oc-24c">
         <name>.text:vTaskSetTimeOutState</name>
         <load_address>0x20e0</load_address>
         <run_address>0x20e0</run_address>
         <size>0x18</size>
         <input_file_ref idref="fl-8"/>
      </object_component>
      <object_component id="oc-21e">
         <name>.text:vListInitialise</name>
         <load_address>0x20f8</load_address>
         <run_address>0x20f8</run_address>
         <size>0x16</size>
         <input_file_ref idref="fl-6"/>
      </object_component>
      <object_component id="oc-39c">
         <name>.text:prvTimerTask</name>
         <load_address>0x210e</load_address>
         <run_address>0x210e</run_address>
         <size>0x14</size>
         <input_file_ref idref="fl-9"/>
      </object_component>
      <object_component id="oc-3a3">
         <name>.text:vPortSetupTimerInterrupt</name>
         <load_address>0x2124</load_address>
         <run_address>0x2124</run_address>
         <size>0x14</size>
         <input_file_ref idref="fl-a"/>
      </object_component>
      <object_component id="oc-427">
         <name>.text:prvDeleteTCB</name>
         <load_address>0x2138</load_address>
         <run_address>0x2138</run_address>
         <size>0x12</size>
         <input_file_ref idref="fl-8"/>
      </object_component>
      <object_component id="oc-38b">
         <name>.text:prvTaskExitError</name>
         <load_address>0x214a</load_address>
         <run_address>0x214a</run_address>
         <size>0x10</size>
         <input_file_ref idref="fl-a"/>
      </object_component>
      <object_component id="oc-258">
         <name>.text:vTaskSuspendAll</name>
         <load_address>0x215c</load_address>
         <run_address>0x215c</run_address>
         <size>0x10</size>
         <input_file_ref idref="fl-8"/>
      </object_component>
      <object_component id="oc-18">
         <name>.text:decompress:none:__TI_decompress_none</name>
         <load_address>0x216c</load_address>
         <run_address>0x216c</run_address>
         <size>0xe</size>
         <input_file_ref idref="fl-ce"/>
      </object_component>
      <object_component id="oc-67">
         <name>.text:decompress:ZI:__TI_zero_init</name>
         <load_address>0x217a</load_address>
         <run_address>0x217a</run_address>
         <size>0xc</size>
         <input_file_ref idref="fl-cd"/>
      </object_component>
      <object_component id="oc-35b">
         <name>.text:vTaskMissedYield</name>
         <load_address>0x2188</load_address>
         <run_address>0x2188</run_address>
         <size>0xc</size>
         <input_file_ref idref="fl-8"/>
      </object_component>
      <object_component id="oc-13e">
         <name>.text:xTaskGetTickCount</name>
         <load_address>0x2194</load_address>
         <run_address>0x2194</run_address>
         <size>0xc</size>
         <input_file_ref idref="fl-8"/>
      </object_component>
      <object_component id="oc-2cd">
         <name>.text:prvIdleTask</name>
         <load_address>0x21a0</load_address>
         <run_address>0x21a0</run_address>
         <size>0x8</size>
         <input_file_ref idref="fl-8"/>
      </object_component>
      <object_component id="oc-24">
         <name>.text:ResetISR</name>
         <load_address>0x21a8</load_address>
         <run_address>0x21a8</run_address>
         <size>0x6</size>
         <input_file_ref idref="fl-3"/>
      </object_component>
      <object_component id="oc-1f5">
         <name>.text:UARTClockSourceSet</name>
         <load_address>0x21ae</load_address>
         <run_address>0x21ae</run_address>
         <size>0x6</size>
         <input_file_ref idref="fl-d9"/>
      </object_component>
      <object_component id="oc-22b">
         <name>.text:vListInitialiseItem</name>
         <load_address>0x21b4</load_address>
         <run_address>0x21b4</run_address>
         <size>0x6</size>
         <input_file_ref idref="fl-6"/>
      </object_component>
      <object_component id="oc-c6">
         <name>.text:_system_pre_init</name>
         <load_address>0x21ba</load_address>
         <run_address>0x21ba</run_address>
         <size>0x4</size>
         <input_file_ref idref="fl-d3"/>
      </object_component>
      <object_component id="oc-180">
         <name>.text:abort:abort</name>
         <load_address>0x21be</load_address>
         <run_address>0x21be</run_address>
         <size>0x4</size>
         <input_file_ref idref="fl-d5"/>
      </object_component>
      <object_component id="oc-308">
         <name>.const:g_ui32UARTBase</name>
         <load_address>0x21c4</load_address>
         <run_address>0x21c4</run_address>
         <size>0xc</size>
         <input_file_ref idref="fl-d"/>
      </object_component>
      <object_component id="oc-305">
         <name>.const:g_ui32UARTPeriph</name>
         <load_address>0x21d0</load_address>
         <run_address>0x21d0</run_address>
         <size>0xc</size>
         <input_file_ref idref="fl-d"/>
      </object_component>
      <object_component id="oc-8e">
         <name>.const</name>
         <load_address>0x21dc</load_address>
         <run_address>0x21dc</run_address>
         <size>0x4</size>
         <input_file_ref idref="fl-a"/>
      </object_component>
      <object_component id="oc-492">
         <name>.cinit..data.load</name>
         <load_address>0x21e0</load_address>
         <run_address>0x21e0</run_address>
         <size>0x10</size>
      </object_component>
      <object_component id="oc-490">
         <name>__TI_handler_table</name>
         <load_address>0x21f0</load_address>
         <run_address>0x21f0</run_address>
         <size>0xc</size>
      </object_component>
      <object_component id="oc-493">
         <name>.cinit..bss.load</name>
         <load_address>0x2200</load_address>
         <run_address>0x2200</run_address>
         <size>0x8</size>
      </object_component>
      <object_component id="oc-491">
         <name>__TI_cinit_table</name>
         <load_address>0x2208</load_address>
         <run_address>0x2208</run_address>
         <size>0x10</size>
      </object_component>
      <object_component id="oc-8b">
         <name>.data</name>
         <load_address>0x20007990</load_address>
         <run_address>0x20007990</run_address>
         <size>0x30</size>
         <input_file_ref idref="fl-8"/>
      </object_component>
      <object_component id="oc-240">
         <name>.data</name>
         <load_address>0x200079c8</load_address>
         <run_address>0x200079c8</run_address>
         <size>0x8</size>
         <input_file_ref idref="fl-9"/>
      </object_component>
      <object_component id="oc-354">
         <name>.data</name>
         <load_address>0x200079d8</load_address>
         <run_address>0x200079d8</run_address>
         <size>0x4</size>
         <input_file_ref idref="fl-a"/>
      </object_component>
      <object_component id="oc-326">
         <name>.data</name>
         <load_address>0x200079c0</load_address>
         <run_address>0x200079c0</run_address>
         <size>0x8</size>
         <input_file_ref idref="fl-c"/>
      </object_component>
      <object_component id="oc-30b">
         <name>.data</name>
         <load_address>0x200079d0</load_address>
         <run_address>0x200079d0</run_address>
         <size>0x5</size>
         <input_file_ref idref="fl-d"/>
      </object_component>
      <object_component id="oc-ef">
         <name>.bss:pxReadyTasksLists</name>
         <uninitialized>true</uninitialized>
         <run_address>0x20007530</run_address>
         <size>0x140</size>
         <input_file_ref idref="fl-8"/>
      </object_component>
      <object_component id="oc-392">
         <name>.bss:xDelayedTaskList1</name>
         <uninitialized>true</uninitialized>
         <run_address>0x200076e8</run_address>
         <size>0x14</size>
         <input_file_ref idref="fl-8"/>
      </object_component>
      <object_component id="oc-395">
         <name>.bss:xDelayedTaskList2</name>
         <uninitialized>true</uninitialized>
         <run_address>0x200076fc</run_address>
         <size>0x14</size>
         <input_file_ref idref="fl-8"/>
      </object_component>
      <object_component id="oc-105">
         <name>.bss</name>
         <uninitialized>true</uninitialized>
         <run_address>0x2000774c</run_address>
         <size>0x8</size>
         <input_file_ref idref="fl-8"/>
      </object_component>
      <object_component id="oc-362">
         <name>.bss:xPendingReadyList</name>
         <uninitialized>true</uninitialized>
         <run_address>0x20007710</run_address>
         <size>0x14</size>
         <input_file_ref idref="fl-8"/>
      </object_component>
      <object_component id="oc-398">
         <name>.bss:xTasksWaitingTermination</name>
         <uninitialized>true</uninitialized>
         <run_address>0x20007738</run_address>
         <size>0x14</size>
         <input_file_ref idref="fl-8"/>
      </object_component>
      <object_component id="oc-374">
         <name>.bss:xSuspendedTaskList</name>
         <uninitialized>true</uninitialized>
         <run_address>0x20007724</run_address>
         <size>0x14</size>
         <input_file_ref idref="fl-8"/>
      </object_component>
      <object_component id="oc-340">
         <name>.bss:xActiveTimerList1</name>
         <uninitialized>true</uninitialized>
         <run_address>0x200076c0</run_address>
         <size>0x14</size>
         <input_file_ref idref="fl-9"/>
      </object_component>
      <object_component id="oc-343">
         <name>.bss:xActiveTimerList2</name>
         <uninitialized>true</uninitialized>
         <run_address>0x200076d4</run_address>
         <size>0x14</size>
         <input_file_ref idref="fl-9"/>
      </object_component>
      <object_component id="oc-346">
         <name>.bss</name>
         <uninitialized>true</uninitialized>
         <run_address>0x20007754</run_address>
         <size>0x8</size>
         <input_file_ref idref="fl-9"/>
      </object_component>
      <object_component id="oc-3e8">
         <name>.bss:ucHeap</name>
         <uninitialized>true</uninitialized>
         <run_address>0x20000000</run_address>
         <size>0x7530</size>
         <input_file_ref idref="fl-c"/>
      </object_component>
      <object_component id="oc-329">
         <name>.bss:xStart</name>
         <uninitialized>true</uninitialized>
         <run_address>0x20007764</run_address>
         <size>0x8</size>
         <input_file_ref idref="fl-c"/>
      </object_component>
      <object_component id="oc-32c">
         <name>.bss:xEnd</name>
         <uninitialized>true</uninitialized>
         <run_address>0x2000775c</run_address>
         <size>0x8</size>
         <input_file_ref idref="fl-c"/>
      </object_component>
      <object_component id="oc-16a">
         <name>.common:Timer1</name>
         <uninitialized>true</uninitialized>
         <run_address>0x2000776c</run_address>
         <size>0x4</size>
      </object_component>
      <object_component id="oc-171">
         <name>.common:Timer2</name>
         <uninitialized>true</uninitialized>
         <run_address>0x20007770</run_address>
         <size>0x4</size>
      </object_component>
      <object_component id="oc-2d5">
         <name>.common:flag1</name>
         <uninitialized>true</uninitialized>
         <run_address>0x2000777c</run_address>
         <size>0x4</size>
      </object_component>
      <object_component id="oc-2d8">
         <name>.common:flag2</name>
         <uninitialized>true</uninitialized>
         <run_address>0x20007780</run_address>
         <size>0x4</size>
      </object_component>
      <object_component id="oc-2d4">
         <name>.common:count1</name>
         <uninitialized>true</uninitialized>
         <run_address>0x20007774</run_address>
         <size>0x4</size>
      </object_component>
      <object_component id="oc-2d7">
         <name>.common:count2</name>
         <uninitialized>true</uninitialized>
         <run_address>0x20007778</run_address>
         <size>0x4</size>
      </object_component>
      <object_component id="oc-162">
         <name>.common:g_pUARTSemaphore1</name>
         <uninitialized>true</uninitialized>
         <run_address>0x20007788</run_address>
         <size>0x4</size>
      </object_component>
      <object_component id="oc-17e">
         <name>.common:g_pUARTSemaphore2</name>
         <uninitialized>true</uninitialized>
         <run_address>0x2000778c</run_address>
         <size>0x4</size>
      </object_component>
      <object_component id="oc-163">
         <name>.common:g_pUARTSemaphore</name>
         <uninitialized>true</uninitialized>
         <run_address>0x20007784</run_address>
         <size>0x4</size>
      </object_component>
      <object_component id="oc-3f9">
         <name>.common:xQueueRegistry</name>
         <uninitialized>true</uninitialized>
         <run_address>0x20007670</run_address>
         <size>0x50</size>
      </object_component>
      <object_component id="oc-21">
         <name>.stack</name>
         <uninitialized>true</uninitialized>
         <run_address>0x20007790</run_address>
         <size>0x4</size>
         <input_file_ref idref="fl-d0"/>
      </object_component>
      <object_component id="oc-494">
         <name>.stack</name>
         <uninitialized>true</uninitialized>
         <run_address>0x20007790</run_address>
         <size>0x0</size>
      </object_component>
      <object_component id="oc-10e">
         <name>.debug_info</name>
         <load_address>0x0</load_address>
         <run_address>0x0</run_address>
         <size>0x788</size>
         <input_file_ref idref="fl-2"/>
      </object_component>
      <object_component id="oc-ea">
         <name>.debug_info</name>
         <load_address>0x788</load_address>
         <run_address>0x788</run_address>
         <size>0x15f</size>
         <input_file_ref idref="fl-2"/>
      </object_component>
      <object_component id="oc-179">
         <name>.debug_info</name>
         <load_address>0x8e7</load_address>
         <run_address>0x8e7</run_address>
         <size>0x2d9</size>
         <input_file_ref idref="fl-2"/>
      </object_component>
      <object_component id="oc-174">
         <name>.debug_info</name>
         <load_address>0xbc0</load_address>
         <run_address>0xbc0</run_address>
         <size>0x30b</size>
         <input_file_ref idref="fl-2"/>
      </object_component>
      <object_component id="oc-16d">
         <name>.debug_info</name>
         <load_address>0xecb</load_address>
         <run_address>0xecb</run_address>
         <size>0x146</size>
         <input_file_ref idref="fl-2"/>
      </object_component>
      <object_component id="oc-166">
         <name>.debug_info</name>
         <load_address>0x1011</load_address>
         <run_address>0x1011</run_address>
         <size>0x146</size>
         <input_file_ref idref="fl-2"/>
      </object_component>
      <object_component id="oc-122">
         <name>.debug_info</name>
         <load_address>0x1157</load_address>
         <run_address>0x1157</run_address>
         <size>0x165</size>
         <input_file_ref idref="fl-2"/>
      </object_component>
      <object_component id="oc-cd">
         <name>.debug_info</name>
         <load_address>0x12bc</load_address>
         <run_address>0x12bc</run_address>
         <size>0x32f</size>
         <input_file_ref idref="fl-2"/>
      </object_component>
      <object_component id="oc-1c5">
         <name>.debug_info</name>
         <load_address>0x15eb</load_address>
         <run_address>0x15eb</run_address>
         <size>0x2ef</size>
         <input_file_ref idref="fl-2"/>
      </object_component>
      <object_component id="oc-a1">
         <name>.debug_info</name>
         <load_address>0x18da</load_address>
         <run_address>0x18da</run_address>
         <size>0x26b</size>
         <input_file_ref idref="fl-2"/>
      </object_component>
      <object_component id="oc-50">
         <name>.debug_info</name>
         <load_address>0x1b45</load_address>
         <run_address>0x1b45</run_address>
         <size>0x84</size>
         <input_file_ref idref="fl-2"/>
      </object_component>
      <object_component id="oc-1f0">
         <name>.debug_info</name>
         <load_address>0x1bc9</load_address>
         <run_address>0x1bc9</run_address>
         <size>0x46</size>
         <input_file_ref idref="fl-2"/>
      </object_component>
      <object_component id="oc-1eb">
         <name>.debug_info</name>
         <load_address>0x1c0f</load_address>
         <run_address>0x1c0f</run_address>
         <size>0x2c</size>
         <input_file_ref idref="fl-2"/>
      </object_component>
      <object_component id="oc-1cf">
         <name>.debug_info</name>
         <load_address>0x1c3b</load_address>
         <run_address>0x1c3b</run_address>
         <size>0x46</size>
         <input_file_ref idref="fl-2"/>
      </object_component>
      <object_component id="oc-1ca">
         <name>.debug_info</name>
         <load_address>0x1c81</load_address>
         <run_address>0x1c81</run_address>
         <size>0x2c</size>
         <input_file_ref idref="fl-2"/>
      </object_component>
      <object_component id="oc-109">
         <name>.debug_info</name>
         <load_address>0x1cad</load_address>
         <run_address>0x1cad</run_address>
         <size>0x297</size>
         <input_file_ref idref="fl-2"/>
      </object_component>
      <object_component id="oc-a6">
         <name>.debug_info</name>
         <load_address>0x1f44</load_address>
         <run_address>0x1f44</run_address>
         <size>0xbb</size>
         <input_file_ref idref="fl-2"/>
      </object_component>
      <object_component id="oc-e1">
         <name>.debug_info</name>
         <load_address>0x1fff</load_address>
         <run_address>0x1fff</run_address>
         <size>0x53</size>
         <input_file_ref idref="fl-2"/>
      </object_component>
      <object_component id="oc-20a">
         <name>.debug_info</name>
         <load_address>0x2052</load_address>
         <run_address>0x2052</run_address>
         <size>0x2c</size>
         <input_file_ref idref="fl-2"/>
      </object_component>
      <object_component id="oc-1d4">
         <name>.debug_info</name>
         <load_address>0x207e</load_address>
         <run_address>0x207e</run_address>
         <size>0x14c</size>
         <input_file_ref idref="fl-2"/>
      </object_component>
      <object_component id="oc-49">
         <name>.debug_info</name>
         <load_address>0x21ca</load_address>
         <run_address>0x21ca</run_address>
         <size>0x314</size>
         <input_file_ref idref="fl-3"/>
      </object_component>
      <object_component id="oc-10">
         <name>.debug_info</name>
         <load_address>0x24de</load_address>
         <run_address>0x24de</run_address>
         <size>0xd3</size>
         <input_file_ref idref="fl-3"/>
      </object_component>
      <object_component id="oc-25">
         <name>.debug_info</name>
         <load_address>0x25b1</load_address>
         <run_address>0x25b1</run_address>
         <size>0x103</size>
         <input_file_ref idref="fl-3"/>
      </object_component>
      <object_component id="oc-2b">
         <name>.debug_info</name>
         <load_address>0x26b4</load_address>
         <run_address>0x26b4</run_address>
         <size>0xf4</size>
         <input_file_ref idref="fl-3"/>
      </object_component>
      <object_component id="oc-38">
         <name>.debug_info</name>
         <load_address>0x27a8</load_address>
         <run_address>0x27a8</run_address>
         <size>0x10c</size>
         <input_file_ref idref="fl-3"/>
      </object_component>
      <object_component id="oc-31">
         <name>.debug_info</name>
         <load_address>0x28b4</load_address>
         <run_address>0x28b4</run_address>
         <size>0xfa</size>
         <input_file_ref idref="fl-3"/>
      </object_component>
      <object_component id="oc-1e5">
         <name>.debug_info</name>
         <load_address>0x29ae</load_address>
         <run_address>0x29ae</run_address>
         <size>0x2f1</size>
         <input_file_ref idref="fl-6"/>
      </object_component>
      <object_component id="oc-100">
         <name>.debug_info</name>
         <load_address>0x2c9f</load_address>
         <run_address>0x2c9f</run_address>
         <size>0x232</size>
         <input_file_ref idref="fl-6"/>
      </object_component>
      <object_component id="oc-369">
         <name>.debug_info</name>
         <load_address>0x2ed1</load_address>
         <run_address>0x2ed1</run_address>
         <size>0x25d</size>
         <input_file_ref idref="fl-6"/>
      </object_component>
      <object_component id="oc-22c">
         <name>.debug_info</name>
         <load_address>0x312e</load_address>
         <run_address>0x312e</run_address>
         <size>0x1df</size>
         <input_file_ref idref="fl-6"/>
      </object_component>
      <object_component id="oc-21f">
         <name>.debug_info</name>
         <load_address>0x330d</load_address>
         <run_address>0x330d</run_address>
         <size>0x1d7</size>
         <input_file_ref idref="fl-6"/>
      </object_component>
      <object_component id="oc-fa">
         <name>.debug_info</name>
         <load_address>0x34e4</load_address>
         <run_address>0x34e4</run_address>
         <size>0x20a</size>
         <input_file_ref idref="fl-6"/>
      </object_component>
      <object_component id="oc-1d9">
         <name>.debug_info</name>
         <load_address>0x36ee</load_address>
         <run_address>0x36ee</run_address>
         <size>0x110</size>
         <input_file_ref idref="fl-6"/>
      </object_component>
      <object_component id="oc-21c">
         <name>.debug_info</name>
         <load_address>0x37fe</load_address>
         <run_address>0x37fe</run_address>
         <size>0x7dd</size>
         <input_file_ref idref="fl-7"/>
      </object_component>
      <object_component id="oc-26b">
         <name>.debug_info</name>
         <load_address>0x3fdb</load_address>
         <run_address>0x3fdb</run_address>
         <size>0x2ac</size>
         <input_file_ref idref="fl-7"/>
      </object_component>
      <object_component id="oc-277">
         <name>.debug_info</name>
         <load_address>0x4287</load_address>
         <run_address>0x4287</run_address>
         <size>0x22c</size>
         <input_file_ref idref="fl-7"/>
      </object_component>
      <object_component id="oc-289">
         <name>.debug_info</name>
         <load_address>0x44b3</load_address>
         <run_address>0x44b3</run_address>
         <size>0x229</size>
         <input_file_ref idref="fl-7"/>
      </object_component>
      <object_component id="oc-14b">
         <name>.debug_info</name>
         <load_address>0x46dc</load_address>
         <run_address>0x46dc</run_address>
         <size>0x555</size>
         <input_file_ref idref="fl-7"/>
      </object_component>
      <object_component id="oc-29c">
         <name>.debug_info</name>
         <load_address>0x4c31</load_address>
         <run_address>0x4c31</run_address>
         <size>0x22a</size>
         <input_file_ref idref="fl-7"/>
      </object_component>
      <object_component id="oc-2a2">
         <name>.debug_info</name>
         <load_address>0x4e5b</load_address>
         <run_address>0x4e5b</run_address>
         <size>0x292</size>
         <input_file_ref idref="fl-7"/>
      </object_component>
      <object_component id="oc-151">
         <name>.debug_info</name>
         <load_address>0x50ed</load_address>
         <run_address>0x50ed</run_address>
         <size>0x4c5</size>
         <input_file_ref idref="fl-7"/>
      </object_component>
      <object_component id="oc-23b">
         <name>.debug_info</name>
         <load_address>0x55b2</load_address>
         <run_address>0x55b2</run_address>
         <size>0x358</size>
         <input_file_ref idref="fl-7"/>
      </object_component>
      <object_component id="oc-216">
         <name>.debug_info</name>
         <load_address>0x590a</load_address>
         <run_address>0x590a</run_address>
         <size>0x2b0</size>
         <input_file_ref idref="fl-7"/>
      </object_component>
      <object_component id="oc-12d">
         <name>.debug_info</name>
         <load_address>0x5bba</load_address>
         <run_address>0x5bba</run_address>
         <size>0x30e</size>
         <input_file_ref idref="fl-7"/>
      </object_component>
      <object_component id="oc-133">
         <name>.debug_info</name>
         <load_address>0x5ec8</load_address>
         <run_address>0x5ec8</run_address>
         <size>0x26d</size>
         <input_file_ref idref="fl-7"/>
      </object_component>
      <object_component id="oc-44a">
         <name>.debug_info</name>
         <load_address>0x6135</load_address>
         <run_address>0x6135</run_address>
         <size>0x301</size>
         <input_file_ref idref="fl-7"/>
      </object_component>
      <object_component id="oc-33b">
         <name>.debug_info</name>
         <load_address>0x6436</load_address>
         <run_address>0x6436</run_address>
         <size>0x229</size>
         <input_file_ref idref="fl-7"/>
      </object_component>
      <object_component id="oc-334">
         <name>.debug_info</name>
         <load_address>0x665f</load_address>
         <run_address>0x665f</run_address>
         <size>0x1cd</size>
         <input_file_ref idref="fl-7"/>
      </object_component>
      <object_component id="oc-e0">
         <name>.debug_info</name>
         <load_address>0x682c</load_address>
         <run_address>0x682c</run_address>
         <size>0x7a0</size>
         <input_file_ref idref="fl-8"/>
      </object_component>
      <object_component id="oc-8c">
         <name>.debug_info</name>
         <load_address>0x6fcc</load_address>
         <run_address>0x6fcc</run_address>
         <size>0x315</size>
         <input_file_ref idref="fl-8"/>
      </object_component>
      <object_component id="oc-f0">
         <name>.debug_info</name>
         <load_address>0x72e1</load_address>
         <run_address>0x72e1</run_address>
         <size>0x111</size>
         <input_file_ref idref="fl-8"/>
      </object_component>
      <object_component id="oc-393">
         <name>.debug_info</name>
         <load_address>0x73f2</load_address>
         <run_address>0x73f2</run_address>
         <size>0x111</size>
         <input_file_ref idref="fl-8"/>
      </object_component>
      <object_component id="oc-396">
         <name>.debug_info</name>
         <load_address>0x7503</load_address>
         <run_address>0x7503</run_address>
         <size>0x111</size>
         <input_file_ref idref="fl-8"/>
      </object_component>
      <object_component id="oc-106">
         <name>.debug_info</name>
         <load_address>0x7614</load_address>
         <run_address>0x7614</run_address>
         <size>0x153</size>
         <input_file_ref idref="fl-8"/>
      </object_component>
      <object_component id="oc-363">
         <name>.debug_info</name>
         <load_address>0x7767</load_address>
         <run_address>0x7767</run_address>
         <size>0x111</size>
         <input_file_ref idref="fl-8"/>
      </object_component>
      <object_component id="oc-399">
         <name>.debug_info</name>
         <load_address>0x7878</load_address>
         <run_address>0x7878</run_address>
         <size>0x11f</size>
         <input_file_ref idref="fl-8"/>
      </object_component>
      <object_component id="oc-375">
         <name>.debug_info</name>
         <load_address>0x7997</load_address>
         <run_address>0x7997</run_address>
         <size>0x113</size>
         <input_file_ref idref="fl-8"/>
      </object_component>
      <object_component id="oc-f4">
         <name>.debug_info</name>
         <load_address>0x7aaa</load_address>
         <run_address>0x7aaa</run_address>
         <size>0x1dd</size>
         <input_file_ref idref="fl-8"/>
      </object_component>
      <object_component id="oc-99">
         <name>.debug_info</name>
         <load_address>0x7c87</load_address>
         <run_address>0x7c87</run_address>
         <size>0x2ad</size>
         <input_file_ref idref="fl-8"/>
      </object_component>
      <object_component id="oc-271">
         <name>.debug_info</name>
         <load_address>0x7f34</load_address>
         <run_address>0x7f34</run_address>
         <size>0x275</size>
         <input_file_ref idref="fl-8"/>
      </object_component>
      <object_component id="oc-295">
         <name>.debug_info</name>
         <load_address>0x81a9</load_address>
         <run_address>0x81a9</run_address>
         <size>0x27e</size>
         <input_file_ref idref="fl-8"/>
      </object_component>
      <object_component id="oc-37d">
         <name>.debug_info</name>
         <load_address>0x8427</load_address>
         <run_address>0x8427</run_address>
         <size>0x25f</size>
         <input_file_ref idref="fl-8"/>
      </object_component>
      <object_component id="oc-36f">
         <name>.debug_info</name>
         <load_address>0x8686</load_address>
         <run_address>0x8686</run_address>
         <size>0x238</size>
         <input_file_ref idref="fl-8"/>
      </object_component>
      <object_component id="oc-13f">
         <name>.debug_info</name>
         <load_address>0x88be</load_address>
         <run_address>0x88be</run_address>
         <size>0x1d0</size>
         <input_file_ref idref="fl-8"/>
      </object_component>
      <object_component id="oc-235">
         <name>.debug_info</name>
         <load_address>0x8a8e</load_address>
         <run_address>0x8a8e</run_address>
         <size>0x1e2</size>
         <input_file_ref idref="fl-8"/>
      </object_component>
      <object_component id="oc-2a9">
         <name>.debug_info</name>
         <load_address>0x8c70</load_address>
         <run_address>0x8c70</run_address>
         <size>0x2c3</size>
         <input_file_ref idref="fl-8"/>
      </object_component>
      <object_component id="oc-2af">
         <name>.debug_info</name>
         <load_address>0x8f33</load_address>
         <run_address>0x8f33</run_address>
         <size>0x2bf</size>
         <input_file_ref idref="fl-8"/>
      </object_component>
      <object_component id="oc-2bb">
         <name>.debug_info</name>
         <load_address>0x91f2</load_address>
         <run_address>0x91f2</run_address>
         <size>0x244</size>
         <input_file_ref idref="fl-8"/>
      </object_component>
      <object_component id="oc-157">
         <name>.debug_info</name>
         <load_address>0x9436</load_address>
         <run_address>0x9436</run_address>
         <size>0x47a</size>
         <input_file_ref idref="fl-8"/>
      </object_component>
      <object_component id="oc-24d">
         <name>.debug_info</name>
         <load_address>0x98b0</load_address>
         <run_address>0x98b0</run_address>
         <size>0x1f3</size>
         <input_file_ref idref="fl-8"/>
      </object_component>
      <object_component id="oc-265">
         <name>.debug_info</name>
         <load_address>0x9aa3</load_address>
         <run_address>0x9aa3</run_address>
         <size>0x2c7</size>
         <input_file_ref idref="fl-8"/>
      </object_component>
      <object_component id="oc-92">
         <name>.debug_info</name>
         <load_address>0x9d6a</load_address>
         <run_address>0x9d6a</run_address>
         <size>0x23e</size>
         <input_file_ref idref="fl-8"/>
      </object_component>
      <object_component id="oc-259">
         <name>.debug_info</name>
         <load_address>0x9fa8</load_address>
         <run_address>0x9fa8</run_address>
         <size>0x1b3</size>
         <input_file_ref idref="fl-8"/>
      </object_component>
      <object_component id="oc-15d">
         <name>.debug_info</name>
         <load_address>0xa15b</load_address>
         <run_address>0xa15b</run_address>
         <size>0x20a</size>
         <input_file_ref idref="fl-8"/>
      </object_component>
      <object_component id="oc-27d">
         <name>.debug_info</name>
         <load_address>0xa365</load_address>
         <run_address>0xa365</run_address>
         <size>0x244</size>
         <input_file_ref idref="fl-8"/>
      </object_component>
      <object_component id="oc-460">
         <name>.debug_info</name>
         <load_address>0xa5a9</load_address>
         <run_address>0xa5a9</run_address>
         <size>0x311</size>
         <input_file_ref idref="fl-8"/>
      </object_component>
      <object_component id="oc-283">
         <name>.debug_info</name>
         <load_address>0xa8ba</load_address>
         <run_address>0xa8ba</run_address>
         <size>0x2a4</size>
         <input_file_ref idref="fl-8"/>
      </object_component>
      <object_component id="oc-35c">
         <name>.debug_info</name>
         <load_address>0xab5e</load_address>
         <run_address>0xab5e</run_address>
         <size>0x1b5</size>
         <input_file_ref idref="fl-8"/>
      </object_component>
      <object_component id="oc-28f">
         <name>.debug_info</name>
         <load_address>0xad13</load_address>
         <run_address>0xad13</run_address>
         <size>0x1d3</size>
         <input_file_ref idref="fl-8"/>
      </object_component>
      <object_component id="oc-428">
         <name>.debug_info</name>
         <load_address>0xaee6</load_address>
         <run_address>0xaee6</run_address>
         <size>0x1f2</size>
         <input_file_ref idref="fl-8"/>
      </object_component>
      <object_component id="oc-3ab">
         <name>.debug_info</name>
         <load_address>0xb0d8</load_address>
         <run_address>0xb0d8</run_address>
         <size>0x288</size>
         <input_file_ref idref="fl-8"/>
      </object_component>
      <object_component id="oc-2ce">
         <name>.debug_info</name>
         <load_address>0xb360</load_address>
         <run_address>0xb360</run_address>
         <size>0x1eb</size>
         <input_file_ref idref="fl-8"/>
      </object_component>
      <object_component id="oc-1c0">
         <name>.debug_info</name>
         <load_address>0xb54b</load_address>
         <run_address>0xb54b</run_address>
         <size>0x169</size>
         <input_file_ref idref="fl-8"/>
      </object_component>
      <object_component id="oc-232">
         <name>.debug_info</name>
         <load_address>0xb6b4</load_address>
         <run_address>0xb6b4</run_address>
         <size>0x7fe</size>
         <input_file_ref idref="fl-9"/>
      </object_component>
      <object_component id="oc-341">
         <name>.debug_info</name>
         <load_address>0xbeb2</load_address>
         <run_address>0xbeb2</run_address>
         <size>0x112</size>
         <input_file_ref idref="fl-9"/>
      </object_component>
      <object_component id="oc-344">
         <name>.debug_info</name>
         <load_address>0xbfc4</load_address>
         <run_address>0xbfc4</run_address>
         <size>0x112</size>
         <input_file_ref idref="fl-9"/>
      </object_component>
      <object_component id="oc-347">
         <name>.debug_info</name>
         <load_address>0xc0d6</load_address>
         <run_address>0xc0d6</run_address>
         <size>0x14a</size>
         <input_file_ref idref="fl-9"/>
      </object_component>
      <object_component id="oc-241">
         <name>.debug_info</name>
         <load_address>0xc220</load_address>
         <run_address>0xc220</run_address>
         <size>0x106</size>
         <input_file_ref idref="fl-9"/>
      </object_component>
      <object_component id="oc-145">
         <name>.debug_info</name>
         <load_address>0xc326</load_address>
         <run_address>0xc326</run_address>
         <size>0x39b</size>
         <input_file_ref idref="fl-9"/>
      </object_component>
      <object_component id="oc-226">
         <name>.debug_info</name>
         <load_address>0xc6c1</load_address>
         <run_address>0xc6c1</run_address>
         <size>0x260</size>
         <input_file_ref idref="fl-9"/>
      </object_component>
      <object_component id="oc-2c2">
         <name>.debug_info</name>
         <load_address>0xc921</load_address>
         <run_address>0xc921</run_address>
         <size>0x217</size>
         <input_file_ref idref="fl-9"/>
      </object_component>
      <object_component id="oc-139">
         <name>.debug_info</name>
         <load_address>0xcb38</load_address>
         <run_address>0xcb38</run_address>
         <size>0x363</size>
         <input_file_ref idref="fl-9"/>
      </object_component>
      <object_component id="oc-414">
         <name>.debug_info</name>
         <load_address>0xce9b</load_address>
         <run_address>0xce9b</run_address>
         <size>0x234</size>
         <input_file_ref idref="fl-9"/>
      </object_component>
      <object_component id="oc-459">
         <name>.debug_info</name>
         <load_address>0xd0cf</load_address>
         <run_address>0xd0cf</run_address>
         <size>0x276</size>
         <input_file_ref idref="fl-9"/>
      </object_component>
      <object_component id="oc-243">
         <name>.debug_info</name>
         <load_address>0xd345</load_address>
         <run_address>0xd345</run_address>
         <size>0x299</size>
         <input_file_ref idref="fl-9"/>
      </object_component>
      <object_component id="oc-451">
         <name>.debug_info</name>
         <load_address>0xd5de</load_address>
         <run_address>0xd5de</run_address>
         <size>0x2fa</size>
         <input_file_ref idref="fl-9"/>
      </object_component>
      <object_component id="oc-444">
         <name>.debug_info</name>
         <load_address>0xd8d8</load_address>
         <run_address>0xd8d8</run_address>
         <size>0x2b0</size>
         <input_file_ref idref="fl-9"/>
      </object_component>
      <object_component id="oc-41a">
         <name>.debug_info</name>
         <load_address>0xdb88</load_address>
         <run_address>0xdb88</run_address>
         <size>0x36a</size>
         <input_file_ref idref="fl-9"/>
      </object_component>
      <object_component id="oc-420">
         <name>.debug_info</name>
         <load_address>0xdef2</load_address>
         <run_address>0xdef2</run_address>
         <size>0x306</size>
         <input_file_ref idref="fl-9"/>
      </object_component>
      <object_component id="oc-39d">
         <name>.debug_info</name>
         <load_address>0xe1f8</load_address>
         <run_address>0xe1f8</run_address>
         <size>0x24b</size>
         <input_file_ref idref="fl-9"/>
      </object_component>
      <object_component id="oc-247">
         <name>.debug_info</name>
         <load_address>0xe443</load_address>
         <run_address>0xe443</run_address>
         <size>0x1ce</size>
         <input_file_ref idref="fl-9"/>
      </object_component>
      <object_component id="oc-e8">
         <name>.debug_info</name>
         <load_address>0xe611</load_address>
         <run_address>0xe611</run_address>
         <size>0x3d1</size>
         <input_file_ref idref="fl-a"/>
      </object_component>
      <object_component id="oc-8f">
         <name>.debug_info</name>
         <load_address>0xe9e2</load_address>
         <run_address>0xe9e2</run_address>
         <size>0x13f</size>
         <input_file_ref idref="fl-a"/>
      </object_component>
      <object_component id="oc-355">
         <name>.debug_info</name>
         <load_address>0xeb21</load_address>
         <run_address>0xeb21</run_address>
         <size>0x126</size>
         <input_file_ref idref="fl-a"/>
      </object_component>
      <object_component id="oc-42">
         <name>.debug_info</name>
         <load_address>0xec47</load_address>
         <run_address>0xec47</run_address>
         <size>0x213</size>
         <input_file_ref idref="fl-a"/>
      </object_component>
      <object_component id="oc-3a4">
         <name>.debug_info</name>
         <load_address>0xee5a</load_address>
         <run_address>0xee5a</run_address>
         <size>0x204</size>
         <input_file_ref idref="fl-a"/>
      </object_component>
      <object_component id="oc-2c8">
         <name>.debug_info</name>
         <load_address>0xf05e</load_address>
         <run_address>0xf05e</run_address>
         <size>0x24c</size>
         <input_file_ref idref="fl-a"/>
      </object_component>
      <object_component id="oc-253">
         <name>.debug_info</name>
         <load_address>0xf2aa</load_address>
         <run_address>0xf2aa</run_address>
         <size>0x1f6</size>
         <input_file_ref idref="fl-a"/>
      </object_component>
      <object_component id="oc-25f">
         <name>.debug_info</name>
         <load_address>0xf4a0</load_address>
         <run_address>0xf4a0</run_address>
         <size>0x1f8</size>
         <input_file_ref idref="fl-a"/>
      </object_component>
      <object_component id="oc-2b5">
         <name>.debug_info</name>
         <load_address>0xf698</load_address>
         <run_address>0xf698</run_address>
         <size>0x2ad</size>
         <input_file_ref idref="fl-a"/>
      </object_component>
      <object_component id="oc-38c">
         <name>.debug_info</name>
         <load_address>0xf945</load_address>
         <run_address>0xf945</run_address>
         <size>0x1e6</size>
         <input_file_ref idref="fl-a"/>
      </object_component>
      <object_component id="oc-3e">
         <name>.debug_info</name>
         <load_address>0xfb2b</load_address>
         <run_address>0xfb2b</run_address>
         <size>0x277</size>
         <input_file_ref idref="fl-b"/>
      </object_component>
      <object_component id="oc-330">
         <name>.debug_info</name>
         <load_address>0xfda2</load_address>
         <run_address>0xfda2</run_address>
         <size>0x39a</size>
         <input_file_ref idref="fl-c"/>
      </object_component>
      <object_component id="oc-3e9">
         <name>.debug_info</name>
         <load_address>0x1013c</load_address>
         <run_address>0x1013c</run_address>
         <size>0x10d</size>
         <input_file_ref idref="fl-c"/>
      </object_component>
      <object_component id="oc-32a">
         <name>.debug_info</name>
         <load_address>0x10249</load_address>
         <run_address>0x10249</run_address>
         <size>0x10d</size>
         <input_file_ref idref="fl-c"/>
      </object_component>
      <object_component id="oc-32d">
         <name>.debug_info</name>
         <load_address>0x10356</load_address>
         <run_address>0x10356</run_address>
         <size>0x109</size>
         <input_file_ref idref="fl-c"/>
      </object_component>
      <object_component id="oc-327">
         <name>.debug_info</name>
         <load_address>0x1045f</load_address>
         <run_address>0x1045f</run_address>
         <size>0x127</size>
         <input_file_ref idref="fl-c"/>
      </object_component>
      <object_component id="oc-385">
         <name>.debug_info</name>
         <load_address>0x10586</load_address>
         <run_address>0x10586</run_address>
         <size>0x26f</size>
         <input_file_ref idref="fl-c"/>
      </object_component>
      <object_component id="oc-322">
         <name>.debug_info</name>
         <load_address>0x107f5</load_address>
         <run_address>0x107f5</run_address>
         <size>0x1e0</size>
         <input_file_ref idref="fl-c"/>
      </object_component>
      <object_component id="oc-211">
         <name>.debug_info</name>
         <load_address>0x109d5</load_address>
         <run_address>0x109d5</run_address>
         <size>0x352</size>
         <input_file_ref idref="fl-c"/>
      </object_component>
      <object_component id="oc-3f0">
         <name>.debug_info</name>
         <load_address>0x10d27</load_address>
         <run_address>0x10d27</run_address>
         <size>0x62</size>
         <input_file_ref idref="fl-c"/>
      </object_component>
      <object_component id="oc-209">
         <name>.debug_info</name>
         <load_address>0x10d89</load_address>
         <run_address>0x10d89</run_address>
         <size>0x2b0</size>
         <input_file_ref idref="fl-d"/>
      </object_component>
      <object_component id="oc-30c">
         <name>.debug_info</name>
         <load_address>0x11039</load_address>
         <run_address>0x11039</run_address>
         <size>0xf1</size>
         <input_file_ref idref="fl-d"/>
      </object_component>
      <object_component id="oc-309">
         <name>.debug_info</name>
         <load_address>0x1112a</load_address>
         <run_address>0x1112a</run_address>
         <size>0xf9</size>
         <input_file_ref idref="fl-d"/>
      </object_component>
      <object_component id="oc-306">
         <name>.debug_info</name>
         <load_address>0x11223</load_address>
         <run_address>0x11223</run_address>
         <size>0xfd</size>
         <input_file_ref idref="fl-d"/>
      </object_component>
      <object_component id="oc-313">
         <name>.debug_info</name>
         <load_address>0x11320</load_address>
         <run_address>0x11320</run_address>
         <size>0x1e8</size>
         <input_file_ref idref="fl-d"/>
      </object_component>
      <object_component id="oc-204">
         <name>.debug_info</name>
         <load_address>0x11508</load_address>
         <run_address>0x11508</run_address>
         <size>0x31a</size>
         <input_file_ref idref="fl-d"/>
      </object_component>
      <object_component id="oc-128">
         <name>.debug_info</name>
         <load_address>0x11822</load_address>
         <run_address>0x11822</run_address>
         <size>0x1b5</size>
         <input_file_ref idref="fl-d"/>
      </object_component>
      <object_component id="oc-30e">
         <name>.debug_info</name>
         <load_address>0x119d7</load_address>
         <run_address>0x119d7</run_address>
         <size>0x233</size>
         <input_file_ref idref="fl-d"/>
      </object_component>
      <object_component id="oc-1fc">
         <name>.debug_info</name>
         <load_address>0x11c0a</load_address>
         <run_address>0x11c0a</run_address>
         <size>0x24b</size>
         <input_file_ref idref="fl-d"/>
      </object_component>
      <object_component id="oc-c3">
         <name>.debug_info</name>
         <load_address>0x11e55</load_address>
         <run_address>0x11e55</run_address>
         <size>0x13f</size>
         <input_file_ref idref="fl-c9"/>
      </object_component>
      <object_component id="oc-31a">
         <name>.debug_info</name>
         <load_address>0x11f94</load_address>
         <run_address>0x11f94</run_address>
         <size>0x13a</size>
         <input_file_ref idref="fl-ca"/>
      </object_component>
      <object_component id="oc-58">
         <name>.debug_info</name>
         <load_address>0x120ce</load_address>
         <run_address>0x120ce</run_address>
         <size>0x111</size>
         <input_file_ref idref="fl-cc"/>
      </object_component>
      <object_component id="oc-bf">
         <name>.debug_info</name>
         <load_address>0x121df</load_address>
         <run_address>0x121df</run_address>
         <size>0x313</size>
         <input_file_ref idref="fl-cd"/>
      </object_component>
      <object_component id="oc-6a">
         <name>.debug_info</name>
         <load_address>0x124f2</load_address>
         <run_address>0x124f2</run_address>
         <size>0x1aa</size>
         <input_file_ref idref="fl-cd"/>
      </object_component>
      <object_component id="oc-ba">
         <name>.debug_info</name>
         <load_address>0x1269c</load_address>
         <run_address>0x1269c</run_address>
         <size>0x46</size>
         <input_file_ref idref="fl-cd"/>
      </object_component>
      <object_component id="oc-117">
         <name>.debug_info</name>
         <load_address>0x126e2</load_address>
         <run_address>0x126e2</run_address>
         <size>0x2c</size>
         <input_file_ref idref="fl-cd"/>
      </object_component>
      <object_component id="oc-60">
         <name>.debug_info</name>
         <load_address>0x1270e</load_address>
         <run_address>0x1270e</run_address>
         <size>0x29d</size>
         <input_file_ref idref="fl-ce"/>
      </object_component>
      <object_component id="oc-19">
         <name>.debug_info</name>
         <load_address>0x129ab</load_address>
         <run_address>0x129ab</run_address>
         <size>0x1df</size>
         <input_file_ref idref="fl-ce"/>
      </object_component>
      <object_component id="oc-5b">
         <name>.debug_info</name>
         <load_address>0x12b8a</load_address>
         <run_address>0x12b8a</run_address>
         <size>0x46</size>
         <input_file_ref idref="fl-ce"/>
      </object_component>
      <object_component id="oc-b2">
         <name>.debug_info</name>
         <load_address>0x12bd0</load_address>
         <run_address>0x12bd0</run_address>
         <size>0x2c</size>
         <input_file_ref idref="fl-ce"/>
      </object_component>
      <object_component id="oc-b0">
         <name>.debug_info</name>
         <load_address>0x12bfc</load_address>
         <run_address>0x12bfc</run_address>
         <size>0x293</size>
         <input_file_ref idref="fl-cf"/>
      </object_component>
      <object_component id="oc-13">
         <name>.debug_info</name>
         <load_address>0x12e8f</load_address>
         <run_address>0x12e8f</run_address>
         <size>0x245</size>
         <input_file_ref idref="fl-cf"/>
      </object_component>
      <object_component id="oc-4b">
         <name>.debug_info</name>
         <load_address>0x130d4</load_address>
[...]
               <start_address>0x21e0</start_address>
               <size>0x38</size>
               <logical_group_ref idref="lg-6"/>
            </allocated_space>
            <available_space>
               <start_address>0x2218</start_address>
               <size>0x3dde8</size>
            </available_space>
         </usage_details>
      </memory_area>
      <memory_area display="yes" color="green">
         <name>SRAM</name>
         <page_id>0x0</page_id>
         <origin>0x20000000</origin>
         <length>0x8000</length>
         <used_space>0x79dc</used_space>
         <unused_space>0x624</unused_space>
         <attributes>RWX</attributes>
         <usage_details>
            <allocated_space>
               <start_address>0x20000000</start_address>
               <size>0x7790</size>
               <logical_group_ref idref="lg-b"/>
            </allocated_space>
            <allocated_space>
               <start_address>0x20007790</start_address>
               <size>0x200</size>
               <logical_group_ref idref="lg-d"/>
            </allocated_space>
            <allocated_space>
               <start_address>0x20007990</start_address>
               <size>0x4c</size>
               <logical_group_ref idref="lg-a"/>
            </allocated_space>
            <available_space>
               <start_address>0x200079dc</start_address>
               <size>0x624</size>
            </available_space>
         </usage_details>
      </memory_area>
   </placement_map>
   <cptbl_list>
      <cptbl>
         <name>__TI_cinit_table</name>
         <cprec>
            <name>.data</name>
            <load_address>0x21e0</load_address>
            <load_size>0x10</load_size>
            <run_address>0x20007990</run_address>
            <run_size>0x4c</run_size>
            <compression>lzss</compression>
         </cprec>
         <cprec>
            <name>.bss</name>
            <load_address>0x2200</load_address>
            <load_size>0x8</load_size>
            <run_address>0x20000000</run_address>
            <run_size>0x7790</run_size>
            <compression>zero_init</compression>
         </cprec>
      </cptbl>
   </cptbl_list>
   <handler_table>
      <handler_table_name>__TI_handler_table</handler_table_name>
      <handler>
         <index>0x0</index>
         <name>__TI_decompress_lzss</name>
      </handler>
      <handler>
         <index>0x1</index>
         <name>__TI_decompress_none</name>
      </handler>
      <handler>
         <index>0x2</index>
         <name>__TI_zero_init</name>
      </handler>
   </handler_table>
   <symbol_table>
      <symbol id="sm-1">
         <name>__STACK_TOP</name>
         <value>0x20007990</value>
      </symbol>
      <symbol id="sm-2">
         <name>__TI_CINIT_Base</name>
         <value>0x2208</value>
      </symbol>
      <symbol id="sm-3">
         <name>__TI_CINIT_Limit</name>
         <value>0x2218</value>
      </symbol>
      <symbol id="sm-4">
         <name>__TI_Handler_Table_Base</name>
         <value>0x21f0</value>
      </symbol>
      <symbol id="sm-5">
         <name>__TI_Handler_Table_Limit</name>
         <value>0x21fc</value>
      </symbol>
      <symbol id="sm-6">
         <name>binit</name>
         <value>0xffffffff</value>
      </symbol>
      <symbol id="sm-7">
         <name>__binit__</name>
         <value>0xffffffff</value>
      </symbol>
      <symbol id="sm-8">
         <name>__STACK_SIZE</name>
         <value>0x200</value>
      </symbol>
      <symbol id="sm-9">
         <name>__STACK_END</name>
         <value>0x20007990</value>
      </symbol>
      <symbol id="sm-a">
         <name>__c_args__</name>
         <value>0xffffffff</value>
      </symbol>
      <symbol id="sm-b">
         <name>__TI_pprof_out_hndl</name>
         <value>0xffffffff</value>
      </symbol>
      <symbol id="sm-c">
         <name>__TI_prof_data_start</name>
         <value>0xffffffff</value>
      </symbol>
      <symbol id="sm-d">
         <name>__TI_prof_data_size</name>
         <value>0xffffffff</value>
      </symbol>
      <symbol id="sm-ef">
         <name>Timer1</name>
         <value>0x2000776c</value>
      </symbol>
      <symbol id="sm-f0">
         <name>Timer2</name>
         <value>0x20007770</value>
      </symbol>
      <symbol id="sm-f1">
         <name>flag1</name>
         <value>0x2000777c</value>
      </symbol>
      <symbol id="sm-f2">
         <name>flag2</name>
         <value>0x20007780</value>
      </symbol>
      <symbol id="sm-f3">
         <name>count1</name>
         <value>0x20007774</value>
      </symbol>
      <symbol id="sm-f4">
         <name>count2</name>
         <value>0x20007778</value>
      </symbol>
      <symbol id="sm-f5">
         <name>g_pUARTSemaphore1</name>
         <value>0x20007788</value>
      </symbol>
      <symbol id="sm-f6">
         <name>g_pUARTSemaphore2</name>
         <value>0x2000778c</value>
      </symbol>
      <symbol id="sm-f7">
         <name>g_pUARTSemaphore</name>
         <value>0x20007784</value>
      </symbol>
      <symbol id="sm-f8">
         <name>Task2</name>
         <value>0x7c5</value>
         <object_component_ref idref="oc-178"/>
      </symbol>
      <symbol id="sm-f9">
         <name>Task1</name>
         <value>0x661</value>
         <object_component_ref idref="oc-172"/>
      </symbol>
      <symbol id="sm-fa">
         <name>vApplicationStackOverflowHook</name>
         <value>0x1703</value>
         <object_component_ref idref="oc-e9"/>
      </symbol>
      <symbol id="sm-fb">
         <name>TimerCallback2</name>
         <value>0x1d55</value>
         <object_component_ref idref="oc-16b"/>
      </symbol>
      <symbol id="sm-fc">
         <name>TimerCallback1</name>
         <value>0x1d19</value>
         <object_component_ref idref="oc-164"/>
      </symbol>
      <symbol id="sm-fd">
         <name>main</name>
         <value>0x26d</value>
         <object_component_ref idref="oc-cc"/>
      </symbol>
      <symbol id="sm-fe">
         <name>ConfigureUART</name>
         <value>0x15d9</value>
         <object_component_ref idref="oc-120"/>
      </symbol>
      <symbol id="sm-12f">
         <name>ResetISR</name>
         <value>0x21a9</value>
         <object_component_ref idref="oc-24"/>
      </symbol>
      <symbol id="sm-130">
         <name>g_pfnVectors</name>
         <value>0x0</value>
         <object_component_ref idref="oc-f"/>
      </symbol>
      <symbol id="sm-167">
         <name>uxListRemove</name>
         <value>0x1fcd</value>
         <object_component_ref idref="oc-f9"/>
      </symbol>
      <symbol id="sm-168">
         <name>vListInsert</name>
         <value>0x1e79</value>
         <object_component_ref idref="oc-368"/>
      </symbol>
      <symbol id="sm-169">
         <name>vListInitialiseItem</name>
         <value>0x21b5</value>
         <object_component_ref idref="oc-22b"/>
      </symbol>
      <symbol id="sm-16a">
         <name>vListInsertEnd</name>
         <value>0x20b1</value>
         <object_component_ref idref="oc-ff"/>
      </symbol>
      <symbol id="sm-16b">
         <name>vListInitialise</name>
         <value>0x20f9</value>
         <object_component_ref idref="oc-21e"/>
      </symbol>
      <symbol id="sm-21d">
         <name>xQueueRegistry</name>
         <value>0x20007670</value>
      </symbol>
      <symbol id="sm-21e">
         <name>xQueueGenericSendFromISR</name>
         <value>0x1881</value>
         <object_component_ref idref="oc-23a"/>
      </symbol>
      <symbol id="sm-21f">
         <name>vQueueAddToRegistry</name>
         <value>0x1fed</value>
         <object_component_ref idref="oc-33a"/>
      </symbol>
      <symbol id="sm-220">
         <name>xQueueGenericCreate</name>
         <value>0x1d91</value>
         <object_component_ref idref="oc-12c"/>
      </symbol>
      <symbol id="sm-221">
         <name>xQueueCreateMutex</name>
         <value>0x1a2d</value>
         <object_component_ref idref="oc-132"/>
      </symbol>
      <symbol id="sm-222">
         <name>xQueueGenericSend</name>
         <value>0xc29</value>
         <object_component_ref idref="oc-150"/>
      </symbol>
      <symbol id="sm-223">
         <name>xQueueGenericReset</name>
         <value>0x11d1</value>
         <object_component_ref idref="oc-215"/>
      </symbol>
      <symbol id="sm-224">
         <name>xQueueGenericReceive</name>
         <value>0x90d</value>
         <object_component_ref idref="oc-14a"/>
      </symbol>
      <symbol id="sm-225">
         <name>vQueueWaitForMessageRestricted</name>
         <value>0x1c59</value>
         <object_component_ref idref="oc-449"/>
      </symbol>
      <symbol id="sm-3ec">
         <name>vTaskSuspendAll</name>
         <value>0x215d</value>
         <object_component_ref idref="oc-258"/>
      </symbol>
      <symbol id="sm-3ed">
         <name>vTaskPriorityInherit</name>
         <value>0x10b5</value>
         <object_component_ref idref="oc-27c"/>
      </symbol>
      <symbol id="sm-3ee">
         <name>vTaskPlaceOnEventList</name>
         <value>0x163d</value>
         <object_component_ref idref="oc-282"/>
      </symbol>
      <symbol id="sm-3ef">
         <name>xTaskCheckForTimeOut</name>
         <value>0x198d</value>
         <object_component_ref idref="oc-264"/>
      </symbol>
      <symbol id="sm-3f0">
         <name>xTaskPriorityDisinherit</name>
         <value>0x12d1</value>
         <object_component_ref idref="oc-37c"/>
      </symbol>
      <symbol id="sm-3f1">
         <name>vTaskStartScheduler</name>
         <value>0x1571</value>
         <object_component_ref idref="oc-15c"/>
      </symbol>
      <symbol id="sm-3f2">
         <name>pvTaskIncrementMutexHeldCount</name>
         <value>0x2099</value>
         <object_component_ref idref="oc-28e"/>
      </symbol>
      <symbol id="sm-3f3">
         <name>vTaskMissedYield</name>
         <value>0x2189</value>
         <object_component_ref idref="oc-35b"/>
      </symbol>
      <symbol id="sm-3f4">
         <name>xTaskResumeAll</name>
         <value>0xd11</value>
         <object_component_ref idref="oc-270"/>
      </symbol>
      <symbol id="sm-3f5">
         <name>xTaskGetTickCount</name>
         <value>0x2195</value>
         <object_component_ref idref="oc-13e"/>
      </symbol>
      <symbol id="sm-3f6">
         <name>xTaskGenericCreate</name>
         <value>0xb29</value>
         <object_component_ref idref="oc-156"/>
      </symbol>
      <symbol id="sm-3f7">
         <name>pxCurrentTCB</name>
         <value>0x20007990</value>
         <object_component_ref idref="oc-8b"/>
      </symbol>
      <symbol id="sm-3f8">
         <name>vTaskPlaceOnEventListRestricted</name>
         <value>0x1509</value>
         <object_component_ref idref="oc-45f"/>
      </symbol>
      <symbol id="sm-3f9">
         <name>vTaskSetTimeOutState</name>
         <value>0x20e1</value>
         <object_component_ref idref="oc-24c"/>
      </symbol>
      <symbol id="sm-3fa">
         <name>xTaskIncrementTick</name>
         <value>0xa25</value>
         <object_component_ref idref="oc-98"/>
      </symbol>
      <symbol id="sm-3fb">
         <name>vTaskSwitchContext</name>
         <value>0x1145</value>
         <object_component_ref idref="oc-91"/>
      </symbol>
      <symbol id="sm-3fc">
         <name>xTaskGetSchedulerState</name>
         <value>0x200d</value>
         <object_component_ref idref="oc-234"/>
      </symbol>
      <symbol id="sm-3fd">
         <name>xTaskRemoveFromEventList</name>
         <value>0x1349</value>
         <object_component_ref idref="oc-294"/>
      </symbol>
      <symbol id="sm-4ca">
         <name>xTimerCreateTimerTask</name>
         <value>0x1cd9</value>
         <object_component_ref idref="oc-2c1"/>
      </symbol>
      <symbol id="sm-4cb">
         <name>xTimerCreate</name>
         <value>0x1e07</value>
         <object_component_ref idref="oc-138"/>
      </symbol>
      <symbol id="sm-4cc">
         <name>xTimerGenericCommand</name>
         <value>0x1bd5</value>
         <object_component_ref idref="oc-144"/>
      </symbol>
      <symbol id="sm-526">
         <name>ulMaxSyscallInterruptPriority</name>
         <value>0x21dc</value>
         <object_component_ref idref="oc-8e"/>
      </symbol>
      <symbol id="sm-527">
         <name>vPortSetupTimerInterrupt</name>
         <value>0x2125</value>
         <object_component_ref idref="oc-3a3"/>
      </symbol>
      <symbol id="sm-528">
         <name>xPortSysTickHandler</name>
         <value>0x1ee1</value>
         <object_component_ref idref="oc-41"/>
      </symbol>
      <symbol id="sm-529">
         <name>pxPortInitialiseStack</name>
         <value>0x1f5d</value>
         <object_component_ref idref="oc-2b4"/>
      </symbol>
      <symbol id="sm-52a">
         <name>vPortExitCritical</name>
         <value>0x20c9</value>
         <object_component_ref idref="oc-252"/>
      </symbol>
      <symbol id="sm-52b">
         <name>xPortStartScheduler</name>
         <value>0x1c99</value>
         <object_component_ref idref="oc-2c7"/>
      </symbol>
      <symbol id="sm-52c">
         <name>vPortEnterCritical</name>
         <value>0x2049</value>
         <object_component_ref idref="oc-25e"/>
      </symbol>
      <symbol id="sm-53b">
         <name>vPortStartFirstTask</name>
         <value>0xe9d</value>
         <object_component_ref idref="oc-3c"/>
      </symbol>
      <symbol id="sm-53c">
         <name>ulPortGetIPSR</name>
         <value>0xe05</value>
         <object_component_ref idref="oc-3c"/>
      </symbol>
      <symbol id="sm-53d">
         <name>vPortEnableVFP</name>
         <value>0xeb9</value>
         <object_component_ref idref="oc-3c"/>
      </symbol>
      <symbol id="sm-53e">
         <name>xPortPendSVHandler</name>
         <value>0xe1d</value>
         <object_component_ref idref="oc-3c"/>
      </symbol>
      <symbol id="sm-53f">
         <name>vPortSVCHandler</name>
         <value>0xe7d</value>
         <object_component_ref idref="oc-3c"/>
      </symbol>
      <symbol id="sm-594">
         <name>pvPortMalloc</name>
         <value>0xec9</value>
         <object_component_ref idref="oc-20f"/>
      </symbol>
      <symbol id="sm-595">
         <name>vPortFree</name>
         <value>0x1b91</value>
         <object_component_ref idref="oc-383"/>
      </symbol>
      <symbol id="sm-603">
         <name>UARTStdioConfig</name>
         <value>0x1705</value>
         <object_component_ref idref="oc-1fb"/>
      </symbol>
      <symbol id="sm-604">
         <name>UARTwrite</name>
         <value>0x1a79</value>
         <object_component_ref idref="oc-312"/>
      </symbol>
      <symbol id="sm-605">
         <name>UARTprintf</name>
         <value>0x2065</value>
         <object_component_ref idref="oc-126"/>
      </symbol>
      <symbol id="sm-606">
         <name>UARTvprintf</name>
         <value>0x475</value>
         <object_component_ref idref="oc-202"/>
      </symbol>
      <symbol id="sm-616">
         <name>__aeabi_memset</name>
         <value>0x1257</value>
         <object_component_ref idref="oc-c0"/>
      </symbol>
      <symbol id="sm-617">
         <name>memset</name>
         <value>0x125d</value>
         <object_component_ref idref="oc-c0"/>
      </symbol>
      <symbol id="sm-618">
         <name>__aeabi_memset8</name>
         <value>0x1257</value>
         <object_component_ref idref="oc-c0"/>
      </symbol>
      <symbol id="sm-619">
         <name>__aeabi_memset4</name>
         <value>0x1257</value>
         <object_component_ref idref="oc-c0"/>
      </symbol>
      <symbol id="sm-61a">
         <name>__aeabi_memclr8</name>
         <value>0x1255</value>
         <object_component_ref idref="oc-c0"/>
      </symbol>
      <symbol id="sm-61b">
         <name>__aeabi_memclr4</name>
         <value>0x1255</value>
         <object_component_ref idref="oc-c0"/>
      </symbol>
      <symbol id="sm-61c">
         <name>__aeabi_memclr</name>
         <value>0x1255</value>
         <object_component_ref idref="oc-c0"/>
      </symbol>
      <symbol id="sm-62b">
         <name>__aeabi_uidivmod</name>
         <value>0x1c19</value>
         <object_component_ref idref="oc-318"/>
      </symbol>
      <symbol id="sm-62c">
         <name>__aeabi_uidiv</name>
         <value>0x1c19</value>
         <object_component_ref idref="oc-318"/>
      </symbol>
      <symbol id="sm-648">
         <name>memcpy</name>
         <value>0x1019</value>
         <object_component_ref idref="oc-55"/>
      </symbol>
      <symbol id="sm-649">
         <name>__aeabi_memcpy</name>
         <value>0x1019</value>
         <object_component_ref idref="oc-55"/>
      </symbol>
      <symbol id="sm-64a">
         <name>__aeabi_memcpy8</name>
         <value>0x1019</value>
         <object_component_ref idref="oc-55"/>
      </symbol>
      <symbol id="sm-64b">
         <name>__aeabi_memcpy4</name>
         <value>0x1019</value>
         <object_component_ref idref="oc-55"/>
      </symbol>
      <symbol id="sm-662">
         <name>__TI_zero_init</name>
         <value>0x217b</value>
         <object_component_ref idref="oc-67"/>
      </symbol>
      <symbol id="sm-679">
         <name>__TI_decompress_none</name>
         <value>0x216d</value>
         <object_component_ref idref="oc-18"/>
      </symbol>
      <symbol id="sm-69c">
         <name>__TI_decompress_lzss</name>
         <value>0x14a1</value>
         <object_component_ref idref="oc-12"/>
      </symbol>
      <symbol id="sm-6af">
         <name>__stack</name>
         <value>0x20007790</value>
         <object_component_ref idref="oc-21"/>
      </symbol>
      <symbol id="sm-6b0">
         <name>_c_int00_noargs</name>
         <value>0x1e41</value>
         <object_component_ref idref="oc-73"/>
      </symbol>
      <symbol id="sm-6ba">
         <name>__aeabi_idiv0</name>
         <value>0x142f</value>
         <object_component_ref idref="oc-3e2"/>
      </symbol>
      <symbol id="sm-6bb">
         <name>__aeabi_ldiv0</name>
         <value>0x142f</value>
         <object_component_ref idref="oc-3e2"/>
      </symbol>
      <symbol id="sm-6e3">
         <name>__TI_auto_init_nobinit_nopinit</name>
         <value>0x1b09</value>
         <object_component_ref idref="oc-18c"/>
      </symbol>
      <symbol id="sm-6ed">
         <name>_system_pre_init</name>
         <value>0x21bb</value>
         <object_component_ref idref="oc-c6"/>
      </symbol>
      <symbol id="sm-6f9">
         <name>C$$EXIT</name>
         <value>0x21bf</value>
         <object_component_ref idref="oc-180"/>
      </symbol>
      <symbol id="sm-6fa">
         <name>abort</name>
         <value>0x21bf</value>
         <object_component_ref idref="oc-180"/>
      </symbol>
      <symbol id="sm-714">
         <name>UARTClockSourceSet</name>
         <value>0x21af</value>
         <object_component_ref idref="oc-1f5"/>
      </symbol>
      <symbol id="sm-717">
         <name>__TI_static_base__</name>
         <value>0x0</value>
      </symbol>
      <symbol id="sm-71a">
         <name>__mpu_init</name>
         <value>0x0</value>
      </symbol>
      <symbol id="sm-71b">
         <name>_system_post_cinit</name>
         <value>0x0</value>
      </symbol>
   </symbol_table>
   <title>Link successful</title>
</link_info>
