<?xml version="1.0" encoding="ISO-8859-1" ?>
<link_info>
   <banner>TI ARM Linker PC v18.1.3.LTS</banner>
   <copyright>Copyright (c) 1996-2017 Texas Instruments Incorporated</copyright>
   <link_time>0x5c93fc53</link_time>
   <link_errors>0x0</link_errors>
   <output_file>HW3_1.out</output_file>
   <entry_point>
      <name>_c_int00_noargs</name>
      <address>0x1a81</address>
   </entry_point>
   <input_file_list>
      <input_file id="fl-2">
         <path>.\</path>
         <kind>object</kind>
         <file>freertos_demo.obj</file>
         <name>freertos_demo.obj</name>
      </input_file>
      <input_file id="fl-3">
         <path>.\</path>
         <kind>object</kind>
         <file>startup_ccs.obj</file>
         <name>startup_ccs.obj</name>
      </input_file>
      <input_file id="fl-4">
         <path>.\drivers\</path>
         <kind>object</kind>
         <file>buttons.obj</file>
         <name>buttons.obj</name>
      </input_file>
      <input_file id="fl-5">
         <path>.\drivers\</path>
         <kind>object</kind>
         <file>rgb.obj</file>
         <name>rgb.obj</name>
      </input_file>
      <input_file id="fl-6">
         <path>.\third_party\FreeRTOS\Source\</path>
         <kind>object</kind>
         <file>list.obj</file>
         <name>list.obj</name>
      </input_file>
      <input_file id="fl-7">
         <path>.\third_party\FreeRTOS\Source\</path>
         <kind>object</kind>
         <file>queue.obj</file>
         <name>queue.obj</name>
      </input_file>
      <input_file id="fl-8">
         <path>.\third_party\FreeRTOS\Source\</path>
         <kind>object</kind>
         <file>tasks.obj</file>
         <name>tasks.obj</name>
      </input_file>
      <input_file id="fl-9">
         <path>.\third_party\FreeRTOS\Source\</path>
         <kind>object</kind>
         <file>timers.obj</file>
         <name>timers.obj</name>
      </input_file>
      <input_file id="fl-a">
         <path>.\third_party\FreeRTOS\Source\portable\CCS\ARM_CM4F\</path>
         <kind>object</kind>
         <file>port.obj</file>
         <name>port.obj</name>
      </input_file>
      <input_file id="fl-b">
         <path>.\third_party\FreeRTOS\Source\portable\CCS\ARM_CM4F\</path>
         <kind>object</kind>
         <file>portasm.obj</file>
         <name>portasm.obj</name>
      </input_file>
      <input_file id="fl-c">
         <path>.\third_party\FreeRTOS\Source\portable\MemMang\</path>
         <kind>object</kind>
         <file>heap_2.obj</file>
         <name>heap_2.obj</name>
      </input_file>
      <input_file id="fl-d">
         <path>.\utils\</path>
         <kind>object</kind>
         <file>uartstdio.obj</file>
         <name>uartstdio.obj</name>
      </input_file>
      <input_file id="fl-e">
         <path>.\utils\</path>
         <kind>object</kind>
         <file>ustdlib.obj</file>
         <name>ustdlib.obj</name>
      </input_file>
      <input_file id="fl-13">
         <kind>object</kind>
         <file>&lt;internal&gt;</file>
         <name>&lt;internal&gt;</name>
      </input_file>
      <input_file id="fl-c9">
         <path>C:\ti\ccsv8\tools\compiler\ti-cgt-arm_18.1.3.LTS\lib\</path>
         <kind>archive</kind>
         <file>rtsv7M4_T_le_v4SPD16_eabi.lib</file>
         <name>memset_t2.asm.obj</name>
      </input_file>
      <input_file id="fl-ca">
         <path>C:\ti\ccsv8\tools\compiler\ti-cgt-arm_18.1.3.LTS\lib\</path>
         <kind>archive</kind>
         <file>rtsv7M4_T_le_v4SPD16_eabi.lib</file>
         <name>u_divt2.asm.obj</name>
      </input_file>
      <input_file id="fl-cb">
         <path>C:\ti\ccsv8\tools\compiler\ti-cgt-arm_18.1.3.LTS\lib\</path>
         <kind>archive</kind>
         <file>rtsv7M4_T_le_v4SPD16_eabi.lib</file>
         <name>fs_toull_t2.asm.obj</name>
      </input_file>
      <input_file id="fl-cc">
         <path>C:\ti\ccsv8\tools\compiler\ti-cgt-arm_18.1.3.LTS\lib\</path>
         <kind>archive</kind>
         <file>rtsv7M4_T_le_v4SPD16_eabi.lib</file>
         <name>memcpy_t2.asm.obj</name>
      </input_file>
      <input_file id="fl-cd">
         <path>C:\ti\ccsv8\tools\compiler\ti-cgt-arm_18.1.3.LTS\lib\</path>
         <kind>archive</kind>
         <file>rtsv7M4_T_le_v4SPD16_eabi.lib</file>
         <name>copy_zero_init.c.obj</name>
      </input_file>
      <input_file id="fl-ce">
         <path>C:\ti\ccsv8\tools\compiler\ti-cgt-arm_18.1.3.LTS\lib\</path>
         <kind>archive</kind>
         <file>rtsv7M4_T_le_v4SPD16_eabi.lib</file>
         <name>copy_decompress_none.c.obj</name>
      </input_file>
      <input_file id="fl-cf">
         <path>C:\ti\ccsv8\tools\compiler\ti-cgt-arm_18.1.3.LTS\lib\</path>
         <kind>archive</kind>
         <file>rtsv7M4_T_le_v4SPD16_eabi.lib</file>
         <name>copy_decompress_lzss.c.obj</name>
      </input_file>
      <input_file id="fl-d0">
         <path>C:\ti\ccsv8\tools\compiler\ti-cgt-arm_18.1.3.LTS\lib\</path>
         <kind>archive</kind>
         <file>rtsv7M4_T_le_v4SPD16_eabi.lib</file>
         <name>boot_cortex_m.c.obj</name>
      </input_file>
      <input_file id="fl-d1">
         <path>C:\ti\ccsv8\tools\compiler\ti-cgt-arm_18.1.3.LTS\lib\</path>
         <kind>archive</kind>
         <file>rtsv7M4_T_le_v4SPD16_eabi.lib</file>
         <name>div0.asm.obj</name>
      </input_file>
      <input_file id="fl-d2">
         <path>C:\ti\ccsv8\tools\compiler\ti-cgt-arm_18.1.3.LTS\lib\</path>
         <kind>archive</kind>
         <file>rtsv7M4_T_le_v4SPD16_eabi.lib</file>
         <name>autoinit.c.obj</name>
      </input_file>
      <input_file id="fl-d3">
         <path>C:\ti\ccsv8\tools\compiler\ti-cgt-arm_18.1.3.LTS\lib\</path>
         <kind>archive</kind>
         <file>rtsv7M4_T_le_v4SPD16_eabi.lib</file>
         <name>pre_init.c.obj</name>
      </input_file>
      <input_file id="fl-d4">
         <path>C:\ti\ccsv8\tools\compiler\ti-cgt-arm_18.1.3.LTS\lib\</path>
         <kind>archive</kind>
         <file>rtsv7M4_T_le_v4SPD16_eabi.lib</file>
         <name>cpy_tbl.c.obj</name>
      </input_file>
      <input_file id="fl-d5">
         <path>C:\ti\ccsv8\tools\compiler\ti-cgt-arm_18.1.3.LTS\lib\</path>
         <kind>archive</kind>
         <file>rtsv7M4_T_le_v4SPD16_eabi.lib</file>
         <name>exit.c.obj</name>
      </input_file>
      <input_file id="fl-d6">
         <path>C:\ti\ccsv8\tools\compiler\ti-cgt-arm_18.1.3.LTS\lib\</path>
         <kind>archive</kind>
         <file>rtsv7M4_T_le_v4SPD16_eabi.lib</file>
         <name>_lock.c.obj</name>
      </input_file>
      <input_file id="fl-d7">
         <path>C:\ti\ccsv8\tools\compiler\ti-cgt-arm_18.1.3.LTS\lib\</path>
         <kind>archive</kind>
         <file>rtsv7M4_T_le_v4SPD16_eabi.lib</file>
         <name>args_main.c.obj</name>
      </input_file>
      <input_file id="fl-d8">
         <path>C:\ti\TivaWare_C_Series-2.1.4.178\driverlib\ccs\Debug\</path>
         <kind>archive</kind>
         <file>driverlib.lib</file>
         <name>sysctl.obj</name>
      </input_file>
      <input_file id="fl-d9">
         <path>C:\ti\TivaWare_C_Series-2.1.4.178\driverlib\ccs\Debug\</path>
         <kind>archive</kind>
         <file>driverlib.lib</file>
         <name>uart.obj</name>
      </input_file>
      <input_file id="fl-da">
         <path>C:\ti\TivaWare_C_Series-2.1.4.178\driverlib\ccs\Debug\</path>
         <kind>archive</kind>
         <file>driverlib.lib</file>
         <name>cpu.obj</name>
      </input_file>
      <input_file id="fl-db">
         <path>C:\ti\TivaWare_C_Series-2.1.4.178\driverlib\ccs\Debug\</path>
         <kind>archive</kind>
         <file>driverlib.lib</file>
         <name>interrupt.obj</name>
      </input_file>
   </input_file_list>
   <object_component_list>
      <object_component id="oc-f">
         <name>.intvecs</name>
         <load_address>0x0</load_address>
         <run_address>0x0</run_address>
         <size>0x26c</size>
         <input_file_ref idref="fl-3"/>
      </object_component>
      <object_component id="oc-1e1">
         <name>.text:UARTvprintf</name>
         <load_address>0x26c</load_address>
         <run_address>0x26c</run_address>
         <size>0x1ea</size>
         <input_file_ref idref="fl-d"/>
      </object_component>
      <object_component id="oc-30">
         <name>.text:FaultISR</name>
         <load_address>0x456</load_address>
         <run_address>0x456</run_address>
         <size>0x2</size>
         <input_file_ref idref="fl-3"/>
      </object_component>
      <object_component id="oc-264">
         <name>.text:xQueueGenericReceive</name>
         <load_address>0x458</load_address>
         <run_address>0x458</run_address>
         <size>0x118</size>
         <input_file_ref idref="fl-7"/>
      </object_component>
      <object_component id="oc-98">
         <name>.text:xTaskIncrementTick</name>
         <load_address>0x570</load_address>
         <run_address>0x570</run_address>
         <size>0x104</size>
         <input_file_ref idref="fl-8"/>
      </object_component>
      <object_component id="oc-144">
         <name>.text:xTaskGenericCreate</name>
         <load_address>0x674</load_address>
         <run_address>0x674</run_address>
         <size>0x100</size>
         <input_file_ref idref="fl-8"/>
      </object_component>
      <object_component id="oc-cc">
         <name>.text:main</name>
         <load_address>0x774</load_address>
         <run_address>0x774</run_address>
         <size>0xf0</size>
         <input_file_ref idref="fl-2"/>
      </object_component>
      <object_component id="oc-212">
         <name>.text:xQueueGenericSend</name>
         <load_address>0x864</load_address>
         <run_address>0x864</run_address>
         <size>0xe8</size>
         <input_file_ref idref="fl-7"/>
      </object_component>
      <object_component id="oc-2bb">
         <name>.text:xTaskResumeAll</name>
         <load_address>0x94c</load_address>
         <run_address>0x94c</run_address>
         <size>0xe4</size>
         <input_file_ref idref="fl-8"/>
      </object_component>
      <object_component id="oc-3c">
         <name>.text</name>
         <load_address>0xa30</load_address>
         <run_address>0xa30</run_address>
         <size>0xd2</size>
         <input_file_ref idref="fl-b"/>
      </object_component>
      <object_component id="oc-36">
         <name>.text:IntDefaultHandler</name>
         <load_address>0xb02</load_address>
         <run_address>0xb02</run_address>
         <size>0x2</size>
         <input_file_ref idref="fl-3"/>
      </object_component>
      <object_component id="oc-1ee">
         <name>.text:pvPortMalloc</name>
         <load_address>0xb04</load_address>
         <run_address>0xb04</run_address>
         <size>0xac</size>
         <input_file_ref idref="fl-c"/>
      </object_component>
      <object_component id="oc-3fc">
         <name>.text:prvProcessReceivedCommands</name>
         <load_address>0xbb0</load_address>
         <run_address>0xbb0</run_address>
         <size>0xa4</size>
         <input_file_ref idref="fl-9"/>
      </object_component>
      <object_component id="oc-55">
         <name>.text</name>
         <load_address>0xc54</load_address>
         <run_address>0xc54</run_address>
         <size>0x9c</size>
         <input_file_ref idref="fl-cc"/>
      </object_component>
      <object_component id="oc-35d">
         <name>.text:vTaskPriorityInherit</name>
         <load_address>0xcf0</load_address>
         <run_address>0xcf0</run_address>
         <size>0x90</size>
         <input_file_ref idref="fl-8"/>
      </object_component>
      <object_component id="oc-91">
         <name>.text:vTaskSwitchContext</name>
         <load_address>0xd80</load_address>
         <run_address>0xd80</run_address>
         <size>0x8c</size>
         <input_file_ref idref="fl-8"/>
      </object_component>
      <object_component id="oc-1f4">
         <name>.text:xQueueGenericReset</name>
         <load_address>0xe0c</load_address>
         <run_address>0xe0c</run_address>
         <size>0x84</size>
         <input_file_ref idref="fl-7"/>
      </object_component>
      <object_component id="oc-157">
         <name>.text:Task1</name>
         <load_address>0xe90</load_address>
         <run_address>0xe90</run_address>
         <size>0x80</size>
         <input_file_ref idref="fl-2"/>
      </object_component>
      <object_component id="oc-c0">
         <name>.text</name>
         <load_address>0xf10</load_address>
         <run_address>0xf10</run_address>
         <size>0x7a</size>
         <input_file_ref idref="fl-c9"/>
      </object_component>
      <object_component id="oc-2a">
         <name>.text:NmiSR</name>
         <load_address>0xf8a</load_address>
         <run_address>0xf8a</run_address>
         <size>0x2</size>
         <input_file_ref idref="fl-3"/>
      </object_component>
      <object_component id="oc-3db">
         <name>.text:xTaskPriorityDisinherit</name>
         <load_address>0xf8c</load_address>
         <run_address>0xf8c</run_address>
         <size>0x78</size>
         <input_file_ref idref="fl-8"/>
      </object_component>
      <object_component id="oc-2cc">
         <name>.text:xTaskRemoveFromEventList</name>
         <load_address>0x1004</load_address>
         <run_address>0x1004</run_address>
         <size>0x74</size>
         <input_file_ref idref="fl-8"/>
      </object_component>
      <object_component id="oc-312">
         <name>.text:prvCopyDataToQueue</name>
         <load_address>0x1078</load_address>
         <run_address>0x1078</run_address>
         <size>0x72</size>
         <input_file_ref idref="fl-7"/>
      </object_component>
      <object_component id="oc-3a1">
         <name>.text</name>
         <load_address>0x10ea</load_address>
         <run_address>0x10ea</run_address>
         <size>0x2</size>
         <input_file_ref idref="fl-d1"/>
      </object_component>
      <object_component id="oc-3f6">
         <name>.text:prvProcessTimerOrBlockTask</name>
         <load_address>0x10ec</load_address>
         <run_address>0x10ec</run_address>
         <size>0x70</size>
         <input_file_ref idref="fl-9"/>
      </object_component>
      <object_component id="oc-12">
         <name>.text:decompress:lzss:__TI_decompress_lzss</name>
         <load_address>0x115c</load_address>
         <run_address>0x115c</run_address>
         <size>0x68</size>
         <input_file_ref idref="fl-cf"/>
      </object_component>
      <object_component id="oc-444">
         <name>.text:vTaskPlaceOnEventListRestricted</name>
         <load_address>0x11c4</load_address>
         <run_address>0x11c4</run_address>
         <size>0x68</size>
         <input_file_ref idref="fl-8"/>
      </object_component>
      <object_component id="oc-14a">
         <name>.text:vTaskStartScheduler</name>
         <load_address>0x122c</load_address>
         <run_address>0x122c</run_address>
         <size>0x68</size>
         <input_file_ref idref="fl-8"/>
      </object_component>
      <object_component id="oc-120">
         <name>.text:ConfigureUART</name>
         <load_address>0x1294</load_address>
         <run_address>0x1294</run_address>
         <size>0x64</size>
         <input_file_ref idref="fl-2"/>
      </object_component>
      <object_component id="oc-30c">
         <name>.text:vTaskPlaceOnEventList</name>
         <load_address>0x12f8</load_address>
         <run_address>0x12f8</run_address>
         <size>0x64</size>
         <input_file_ref idref="fl-8"/>
      </object_component>
      <object_component id="oc-300">
         <name>.text:prvUnlockQueue</name>
         <load_address>0x135c</load_address>
         <run_address>0x135c</run_address>
         <size>0x62</size>
         <input_file_ref idref="fl-7"/>
      </object_component>
      <object_component id="oc-e9">
         <name>.text:vApplicationStackOverflowHook</name>
         <load_address>0x13be</load_address>
         <run_address>0x13be</run_address>
         <size>0x2</size>
         <input_file_ref idref="fl-2"/>
      </object_component>
      <object_component id="oc-1da">
         <name>.text:UARTStdioConfig</name>
         <load_address>0x13c0</load_address>
         <run_address>0x13c0</run_address>
         <size>0x60</size>
         <input_file_ref idref="fl-d"/>
      </object_component>
      <object_component id="oc-242">
         <name>.text:prvInitialiseTaskLists</name>
         <load_address>0x1420</load_address>
         <run_address>0x1420</run_address>
         <size>0x60</size>
         <input_file_ref idref="fl-8"/>
      </object_component>
      <object_component id="oc-43d">
         <name>.text:prvSwitchTimerLists</name>
         <load_address>0x1480</load_address>
         <run_address>0x1480</run_address>
         <size>0x60</size>
         <input_file_ref idref="fl-9"/>
      </object_component>
      <object_component id="oc-1fd">
         <name>.text:prvCheckForValidListAndQueue</name>
         <load_address>0x14e0</load_address>
         <run_address>0x14e0</run_address>
         <size>0x5c</size>
         <input_file_ref idref="fl-9"/>
      </object_component>
      <object_component id="oc-218">
         <name>.text:xQueueGenericSendFromISR</name>
         <load_address>0x153c</load_address>
         <run_address>0x153c</run_address>
         <size>0x5c</size>
         <input_file_ref idref="fl-7"/>
      </object_component>
      <object_component id="oc-350">
         <name>.text:prvCheckTasksWaitingTermination</name>
         <load_address>0x1598</load_address>
         <run_address>0x1598</run_address>
         <size>0x58</size>
         <input_file_ref idref="fl-8"/>
      </object_component>
      <object_component id="oc-230">
         <name>.text:prvInitialiseTCBVariables</name>
         <load_address>0x15f0</load_address>
         <run_address>0x15f0</run_address>
         <size>0x56</size>
         <input_file_ref idref="fl-8"/>
      </object_component>
      <object_component id="oc-2fa">
         <name>.text:xTaskCheckForTimeOut</name>
         <load_address>0x1648</load_address>
         <run_address>0x1648</run_address>
         <size>0x54</size>
         <input_file_ref idref="fl-8"/>
      </object_component>
      <object_component id="oc-3d4">
         <name>.text:prvAddCurrentTaskToDelayedList</name>
         <load_address>0x169c</load_address>
         <run_address>0x169c</run_address>
         <size>0x4c</size>
         <input_file_ref idref="fl-8"/>
      </object_component>
      <object_component id="oc-150">
         <name>.text:TimerCallback</name>
         <load_address>0x16e8</load_address>
         <run_address>0x16e8</run_address>
         <size>0x48</size>
         <input_file_ref idref="fl-2"/>
      </object_component>
      <object_component id="oc-2a1">
         <name>.text:UARTwrite</name>
         <load_address>0x1730</load_address>
         <run_address>0x1730</run_address>
         <size>0x48</size>
         <input_file_ref idref="fl-d"/>
      </object_component>
      <object_component id="oc-428">
         <name>.text:prvProcessExpiredTimer</name>
         <load_address>0x1778</load_address>
         <run_address>0x1778</run_address>
         <size>0x48</size>
         <input_file_ref idref="fl-9"/>
      </object_component>
      <object_component id="oc-16b">
         <name>.text:__TI_auto_init_nobinit_nopinit:__TI_auto_init_nobinit_nopinit</name>
         <load_address>0x17c0</load_address>
         <run_address>0x17c0</run_address>
         <size>0x44</size>
         <input_file_ref idref="fl-d2"/>
      </object_component>
      <object_component id="oc-435">
         <name>.text:prvInsertTimerInActiveList</name>
         <load_address>0x1804</load_address>
         <run_address>0x1804</run_address>
         <size>0x44</size>
         <input_file_ref idref="fl-9"/>
      </object_component>
      <object_component id="oc-31e">
         <name>.text:vPortFree</name>
         <load_address>0x1848</load_address>
         <run_address>0x1848</run_address>
         <size>0x44</size>
         <input_file_ref idref="fl-c"/>
      </object_component>
      <object_component id="oc-13e">
         <name>.text:xTimerGenericCommand</name>
         <load_address>0x188c</load_address>
         <run_address>0x188c</run_address>
         <size>0x44</size>
         <input_file_ref idref="fl-9"/>
      </object_component>
      <object_component id="oc-2a7">
         <name>.text</name>
         <load_address>0x18d0</load_address>
         <run_address>0x18d0</run_address>
         <size>0x40</size>
         <input_file_ref idref="fl-ca"/>
      </object_component>
      <object_component id="oc-42e">
         <name>.text:vQueueWaitForMessageRestricted</name>
         <load_address>0x1910</load_address>
         <run_address>0x1910</run_address>
         <size>0x40</size>
         <input_file_ref idref="fl-7"/>
      </object_component>
      <object_component id="oc-255">
         <name>.text:xPortStartScheduler</name>
         <load_address>0x1950</load_address>
         <run_address>0x1950</run_address>
         <size>0x40</size>
         <input_file_ref idref="fl-a"/>
      </object_component>
      <object_component id="oc-24f">
         <name>.text:xTimerCreateTimerTask</name>
         <load_address>0x1990</load_address>
         <run_address>0x1990</run_address>
         <size>0x40</size>
         <input_file_ref idref="fl-9"/>
      </object_component>
      <object_component id="oc-12c">
         <name>.text:xQueueGenericCreate</name>
         <load_address>0x19d0</load_address>
         <run_address>0x19d0</run_address>
         <size>0x3c</size>
         <input_file_ref idref="fl-7"/>
      </object_component>
      <object_component id="oc-22a">
         <name>.text:prvAllocateTCBAndStack</name>
         <load_address>0x1a0c</load_address>
         <run_address>0x1a0c</run_address>
         <size>0x3a</size>
         <input_file_ref idref="fl-8"/>
      </object_component>
      <object_component id="oc-132">
         <name>.text:xTimerCreate</name>
         <load_address>0x1a46</load_address>
         <run_address>0x1a46</run_address>
         <size>0x3a</size>
         <input_file_ref idref="fl-9"/>
      </object_component>
      <object_component id="oc-73">
         <name>.text:_c_int00_noargs:_c_int00_noargs</name>
         <load_address>0x1a80</load_address>
         <run_address>0x1a80</run_address>
         <size>0x38</size>
         <input_file_ref idref="fl-d0"/>
      </object_component>
      <object_component id="oc-3ce">
         <name>.text:vListInsert</name>
         <load_address>0x1ab8</load_address>
         <run_address>0x1ab8</run_address>
         <size>0x38</size>
         <input_file_ref idref="fl-6"/>
      </object_component>
      <object_component id="oc-2b5">
         <name>.text:prvHeapInit</name>
         <load_address>0x1af0</load_address>
         <run_address>0x1af0</run_address>
         <size>0x30</size>
         <input_file_ref idref="fl-c"/>
      </object_component>
      <object_component id="oc-41">
         <name>.text:xPortSysTickHandler</name>
         <load_address>0x1b20</load_address>
         <run_address>0x1b20</run_address>
         <size>0x2c</size>
         <input_file_ref idref="fl-a"/>
      </object_component>
      <object_component id="oc-f3">
         <name>.text:prvResetNextTaskUnblockTime</name>
         <load_address>0x1b4c</load_address>
         <run_address>0x1b4c</run_address>
         <size>0x28</size>
         <input_file_ref idref="fl-8"/>
      </object_component>
      <object_component id="oc-426">
         <name>.text:prvSampleTimeNow</name>
         <load_address>0x1b74</load_address>
         <run_address>0x1b74</run_address>
         <size>0x28</size>
         <input_file_ref idref="fl-9"/>
      </object_component>
      <object_component id="oc-236">
         <name>.text:pxPortInitialiseStack</name>
         <load_address>0x1b9c</load_address>
         <run_address>0x1b9c</run_address>
         <size>0x28</size>
         <input_file_ref idref="fl-a"/>
      </object_component>
      <object_component id="oc-363">
         <name>.text:prvCopyDataFromQueue</name>
         <load_address>0x1bc4</load_address>
         <run_address>0x1bc4</run_address>
         <size>0x26</size>
         <input_file_ref idref="fl-7"/>
      </object_component>
      <object_component id="oc-3f0">
         <name>.text:prvGetNextExpireTime</name>
         <load_address>0x1bec</load_address>
         <run_address>0x1bec</run_address>
         <size>0x20</size>
         <input_file_ref idref="fl-9"/>
      </object_component>
      <object_component id="oc-f9">
         <name>.text:uxListRemove</name>
         <load_address>0x1c0c</load_address>
         <run_address>0x1c0c</run_address>
         <size>0x20</size>
         <input_file_ref idref="fl-6"/>
      </object_component>
      <object_component id="oc-2e0">
         <name>.text:vQueueAddToRegistry</name>
         <load_address>0x1c2c</load_address>
         <run_address>0x1c2c</run_address>
         <size>0x20</size>
         <input_file_ref idref="fl-7"/>
      </object_component>
      <object_component id="oc-20c">
         <name>.text:xTaskGetSchedulerState</name>
         <load_address>0x1c4c</load_address>
         <run_address>0x1c4c</run_address>
         <size>0x20</size>
         <input_file_ref idref="fl-8"/>
      </object_component>
      <object_component id="oc-306">
         <name>.text:prvIsQueueFull</name>
         <load_address>0x1c6c</load_address>
         <run_address>0x1c6c</run_address>
         <size>0x1c</size>
         <input_file_ref idref="fl-7"/>
      </object_component>
      <object_component id="oc-23c">
         <name>.text:vPortEnterCritical</name>
         <load_address>0x1c88</load_address>
         <run_address>0x1c88</run_address>
         <size>0x1c</size>
         <input_file_ref idref="fl-a"/>
      </object_component>
      <object_component id="oc-126">
         <name>.text:UARTprintf</name>
         <load_address>0x1ca4</load_address>
         <run_address>0x1ca4</run_address>
         <size>0x1a</size>
         <input_file_ref idref="fl-d"/>
      </object_component>
      <object_component id="oc-357">
         <name>.text:prvIsQueueEmpty</name>
         <load_address>0x1cbe</load_address>
         <run_address>0x1cbe</run_address>
         <size>0x1a</size>
         <input_file_ref idref="fl-7"/>
      </object_component>
      <object_component id="oc-369">
         <name>.text:pvTaskIncrementMutexHeldCount</name>
         <load_address>0x1cd8</load_address>
         <run_address>0x1cd8</run_address>
         <size>0x18</size>
         <input_file_ref idref="fl-8"/>
      </object_component>
      <object_component id="oc-ff">
         <name>.text:vListInsertEnd</name>
         <load_address>0x1cf0</load_address>
         <run_address>0x1cf0</run_address>
         <size>0x18</size>
         <input_file_ref idref="fl-6"/>
      </object_component>
      <object_component id="oc-248">
         <name>.text:vPortExitCritical</name>
         <load_address>0x1d08</load_address>
         <run_address>0x1d08</run_address>
         <size>0x18</size>
         <input_file_ref idref="fl-a"/>
      </object_component>
      <object_component id="oc-2f4">
         <name>.text:vTaskSetTimeOutState</name>
         <load_address>0x1d20</load_address>
         <run_address>0x1d20</run_address>
         <size>0x18</size>
         <input_file_ref idref="fl-8"/>
      </object_component>
      <object_component id="oc-2d2">
         <name>.text:vListInitialise</name>
         <load_address>0x1d38</load_address>
         <run_address>0x1d38</run_address>
         <size>0x16</size>
         <input_file_ref idref="fl-6"/>
      </object_component>
      <object_component id="oc-342">
         <name>.text:prvTimerTask</name>
         <load_address>0x1d4e</load_address>
         <run_address>0x1d4e</run_address>
         <size>0x14</size>
         <input_file_ref idref="fl-9"/>
      </object_component>
      <object_component id="oc-349">
         <name>.text:vPortSetupTimerInterrupt</name>
         <load_address>0x1d64</load_address>
         <run_address>0x1d64</run_address>
         <size>0x14</size>
         <input_file_ref idref="fl-a"/>
      </object_component>
      <object_component id="oc-404">
         <name>.text:prvDeleteTCB</name>
         <load_address>0x1d78</load_address>
         <run_address>0x1d78</run_address>
         <size>0x12</size>
         <input_file_ref idref="fl-8"/>
      </object_component>
      <object_component id="oc-326">
         <name>.text:prvTaskExitError</name>
         <load_address>0x1d8a</load_address>
         <run_address>0x1d8a</run_address>
         <size>0x10</size>
         <input_file_ref idref="fl-a"/>
      </object_component>
      <object_component id="oc-2af">
         <name>.text:vTaskSuspendAll</name>
         <load_address>0x1d9c</load_address>
         <run_address>0x1d9c</run_address>
         <size>0x10</size>
         <input_file_ref idref="fl-8"/>
      </object_component>
      <object_component id="oc-18">
         <name>.text:decompress:none:__TI_decompress_none</name>
         <load_address>0x1dac</load_address>
         <run_address>0x1dac</run_address>
         <size>0xe</size>
         <input_file_ref idref="fl-ce"/>
      </object_component>
      <object_component id="oc-67">
         <name>.text:decompress:ZI:__TI_zero_init</name>
         <load_address>0x1dba</load_address>
         <run_address>0x1dba</run_address>
         <size>0xc</size>
         <input_file_ref idref="fl-cd"/>
      </object_component>
      <object_component id="oc-3c6">
         <name>.text:vTaskMissedYield</name>
         <load_address>0x1dc8</load_address>
         <run_address>0x1dc8</run_address>
         <size>0xc</size>
         <input_file_ref idref="fl-8"/>
      </object_component>
      <object_component id="oc-138">
         <name>.text:xTaskGetTickCount</name>
         <load_address>0x1dd4</load_address>
         <run_address>0x1dd4</run_address>
         <size>0xc</size>
         <input_file_ref idref="fl-8"/>
      </object_component>
      <object_component id="oc-25b">
         <name>.text:prvIdleTask</name>
         <load_address>0x1de0</load_address>
         <run_address>0x1de0</run_address>
         <size>0x8</size>
         <input_file_ref idref="fl-8"/>
      </object_component>
      <object_component id="oc-24">
         <name>.text:ResetISR</name>
         <load_address>0x1de8</load_address>
         <run_address>0x1de8</run_address>
         <size>0x6</size>
         <input_file_ref idref="fl-3"/>
      </object_component>
      <object_component id="oc-1d4">
         <name>.text:UARTClockSourceSet</name>
         <load_address>0x1dee</load_address>
         <run_address>0x1dee</run_address>
         <size>0x6</size>
         <input_file_ref idref="fl-d9"/>
      </object_component>
      <object_component id="oc-203">
         <name>.text:vListInitialiseItem</name>
         <load_address>0x1df4</load_address>
         <run_address>0x1df4</run_address>
         <size>0x6</size>
         <input_file_ref idref="fl-6"/>
      </object_component>
      <object_component id="oc-c6">
         <name>.text:_system_pre_init</name>
         <load_address>0x1dfa</load_address>
         <run_address>0x1dfa</run_address>
         <size>0x4</size>
         <input_file_ref idref="fl-d3"/>
      </object_component>
      <object_component id="oc-15f">
         <name>.text:abort:abort</name>
         <load_address>0x1dfe</load_address>
         <run_address>0x1dfe</run_address>
         <size>0x4</size>
         <input_file_ref idref="fl-d5"/>
      </object_component>
      <object_component id="oc-297">
         <name>.const:g_ui32UARTBase</name>
         <load_address>0x1e04</load_address>
         <run_address>0x1e04</run_address>
         <size>0xc</size>
         <input_file_ref idref="fl-d"/>
      </object_component>
      <object_component id="oc-294">
         <name>.const:g_ui32UARTPeriph</name>
         <load_address>0x1e10</load_address>
         <run_address>0x1e10</run_address>
         <size>0xc</size>
         <input_file_ref idref="fl-d"/>
      </object_component>
      <object_component id="oc-8e">
         <name>.const</name>
         <load_address>0x1e1c</load_address>
         <run_address>0x1e1c</run_address>
         <size>0x4</size>
         <input_file_ref idref="fl-a"/>
      </object_component>
      <object_component id="oc-477">
         <name>.cinit..data.load</name>
         <load_address>0x1e20</load_address>
         <run_address>0x1e20</run_address>
         <size>0x10</size>
      </object_component>
      <object_component id="oc-475">
         <name>__TI_handler_table</name>
         <load_address>0x1e30</load_address>
         <run_address>0x1e30</run_address>
         <size>0xc</size>
      </object_component>
      <object_component id="oc-478">
         <name>.cinit..bss.load</name>
         <load_address>0x1e40</load_address>
         <run_address>0x1e40</run_address>
         <size>0x8</size>
      </object_component>
      <object_component id="oc-476">
         <name>__TI_cinit_table</name>
         <load_address>0x1e48</load_address>
         <run_address>0x1e48</run_address>
         <size>0x10</size>
      </object_component>
      <object_component id="oc-8b">
         <name>.data</name>
         <load_address>0x20007978</load_address>
         <run_address>0x20007978</run_address>
         <size>0x30</size>
         <input_file_ref idref="fl-8"/>
      </object_component>
      <object_component id="oc-21e">
         <name>.data</name>
         <load_address>0x200079b0</load_address>
         <run_address>0x200079b0</run_address>
         <size>0x8</size>
         <input_file_ref idref="fl-9"/>
      </object_component>
      <object_component id="oc-32d">
         <name>.data</name>
         <load_address>0x200079c0</load_address>
         <run_address>0x200079c0</run_address>
         <size>0x4</size>
         <input_file_ref idref="fl-a"/>
      </object_component>
      <object_component id="oc-2c1">
         <name>.data</name>
         <load_address>0x200079a8</load_address>
         <run_address>0x200079a8</run_address>
         <size>0x8</size>
         <input_file_ref idref="fl-c"/>
      </object_component>
      <object_component id="oc-29a">
         <name>.data</name>
         <load_address>0x200079b8</load_address>
         <run_address>0x200079b8</run_address>
         <size>0x5</size>
         <input_file_ref idref="fl-d"/>
      </object_component>
      <object_component id="oc-ef">
         <name>.bss:pxReadyTasksLists</name>
         <uninitialized>true</uninitialized>
         <run_address>0x20007530</run_address>
         <size>0x140</size>
         <input_file_ref idref="fl-8"/>
      </object_component>
      <object_component id="oc-331">
         <name>.bss:xDelayedTaskList1</name>
         <uninitialized>true</uninitialized>
         <run_address>0x200076e8</run_address>
         <size>0x14</size>
         <input_file_ref idref="fl-8"/>
      </object_component>
      <object_component id="oc-334">
         <name>.bss:xDelayedTaskList2</name>
         <uninitialized>true</uninitialized>
         <run_address>0x200076fc</run_address>
         <size>0x14</size>
         <input_file_ref idref="fl-8"/>
      </object_component>
      <object_component id="oc-105">
         <name>.bss</name>
         <uninitialized>true</uninitialized>
         <run_address>0x2000774c</run_address>
         <size>0x8</size>
         <input_file_ref idref="fl-8"/>
      </object_component>
      <object_component id="oc-337">
         <name>.bss:xPendingReadyList</name>
         <uninitialized>true</uninitialized>
         <run_address>0x20007710</run_address>
         <size>0x14</size>
         <input_file_ref idref="fl-8"/>
      </object_component>
      <object_component id="oc-33a">
         <name>.bss:xTasksWaitingTermination</name>
         <uninitialized>true</uninitialized>
         <run_address>0x20007738</run_address>
         <size>0x14</size>
         <input_file_ref idref="fl-8"/>
      </object_component>
      <object_component id="oc-33d">
         <name>.bss:xSuspendedTaskList</name>
         <uninitialized>true</uninitialized>
         <run_address>0x20007724</run_address>
         <size>0x14</size>
         <input_file_ref idref="fl-8"/>
      </object_component>
      <object_component id="oc-2e6">
         <name>.bss:xActiveTimerList1</name>
         <uninitialized>true</uninitialized>
         <run_address>0x200076c0</run_address>
         <size>0x14</size>
         <input_file_ref idref="fl-9"/>
      </object_component>
      <object_component id="oc-2e9">
         <name>.bss:xActiveTimerList2</name>
         <uninitialized>true</uninitialized>
         <run_address>0x200076d4</run_address>
         <size>0x14</size>
         <input_file_ref idref="fl-9"/>
      </object_component>
      <object_component id="oc-2ec">
         <name>.bss</name>
         <uninitialized>true</uninitialized>
         <run_address>0x20007754</run_address>
         <size>0x8</size>
         <input_file_ref idref="fl-9"/>
      </object_component>
      <object_component id="oc-3a8">
         <name>.bss:ucHeap</name>
         <uninitialized>true</uninitialized>
         <run_address>0x20000000</run_address>
         <size>0x7530</size>
         <input_file_ref idref="fl-c"/>
      </object_component>
      <object_component id="oc-2c4">
         <name>.bss:xStart</name>
         <uninitialized>true</uninitialized>
         <run_address>0x20007764</run_address>
         <size>0x8</size>
         <input_file_ref idref="fl-c"/>
      </object_component>
      <object_component id="oc-2c7">
         <name>.bss:xEnd</name>
         <uninitialized>true</uninitialized>
         <run_address>0x2000775c</run_address>
         <size>0x8</size>
         <input_file_ref idref="fl-c"/>
      </object_component>
      <object_component id="oc-156">
         <name>.common:Timer1</name>
         <uninitialized>true</uninitialized>
         <run_address>0x2000776c</run_address>
         <size>0x4</size>
      </object_component>
      <object_component id="oc-262">
         <name>.common:tick_count</name>
         <uninitialized>true</uninitialized>
         <run_address>0x20007774</run_address>
         <size>0x4</size>
      </object_component>
      <object_component id="oc-15d">
         <name>.common:g_pUARTSemaphore</name>
         <uninitialized>true</uninitialized>
         <run_address>0x20007770</run_address>
         <size>0x4</size>
      </object_component>
      <object_component id="oc-3bc">
         <name>.common:xQueueRegistry</name>
         <uninitialized>true</uninitialized>
         <run_address>0x20007670</run_address>
         <size>0x50</size>
      </object_component>
      <object_component id="oc-21">
         <name>.stack</name>
         <uninitialized>true</uninitialized>
         <run_address>0x20007778</run_address>
         <size>0x4</size>
         <input_file_ref idref="fl-d0"/>
      </object_component>
      <object_component id="oc-479">
         <name>.stack</name>
         <uninitialized>true</uninitialized>
         <run_address>0x20007778</run_address>
         <size>0x0</size>
      </object_component>
      <object_component id="oc-10e">
         <name>.debug_info</name>
         <load_address>0x0</load_address>
         <run_address>0x0</run_address>
         <size>0x67c</size>
         <input_file_ref idref="fl-2"/>
      </object_component>
      <object_component id="oc-ea">
         <name>.debug_info</name>
         <load_address>0x67c</load_address>
         <run_address>0x67c</run_address>
         <size>0x15f</size>
         <input_file_ref idref="fl-2"/>
      </object_component>
      <object_component id="oc-158">
         <name>.debug_info</name>
         <load_address>0x7db</load_address>
         <run_address>0x7db</run_address>
         <size>0x16c</size>
         <input_file_ref idref="fl-2"/>
      </object_component>
      <object_component id="oc-151">
         <name>.debug_info</name>
         <load_address>0x947</load_address>
         <run_address>0x947</run_address>
         <size>0x169</size>
         <input_file_ref idref="fl-2"/>
      </object_component>
      <object_component id="oc-121">
         <name>.debug_info</name>
         <load_address>0xab0</load_address>
         <run_address>0xab0</run_address>
         <size>0x165</size>
         <input_file_ref idref="fl-2"/>
      </object_component>
      <object_component id="oc-cd">
         <name>.debug_info</name>
         <load_address>0xc15</load_address>
         <run_address>0xc15</run_address>
         <size>0x1cf</size>
         <input_file_ref idref="fl-2"/>
      </object_component>
      <object_component id="oc-1a4">
         <name>.debug_info</name>
         <load_address>0xde4</load_address>
         <run_address>0xde4</run_address>
         <size>0x2ef</size>
         <input_file_ref idref="fl-2"/>
      </object_component>
      <object_component id="oc-a1">
         <name>.debug_info</name>
         <load_address>0x10d3</load_address>
         <run_address>0x10d3</run_address>
         <size>0x26b</size>
         <input_file_ref idref="fl-2"/>
      </object_component>
      <object_component id="oc-50">
         <name>.debug_info</name>
         <load_address>0x133e</load_address>
         <run_address>0x133e</run_address>
         <size>0x84</size>
         <input_file_ref idref="fl-2"/>
      </object_component>
      <object_component id="oc-1cf">
         <name>.debug_info</name>
         <load_address>0x13c2</load_address>
         <run_address>0x13c2</run_address>
         <size>0x46</size>
         <input_file_ref idref="fl-2"/>
      </object_component>
      <object_component id="oc-1ca">
         <name>.debug_info</name>
         <load_address>0x1408</load_address>
         <run_address>0x1408</run_address>
         <size>0x2c</size>
         <input_file_ref idref="fl-2"/>
      </object_component>
      <object_component id="oc-1ae">
         <name>.debug_info</name>
         <load_address>0x1434</load_address>
         <run_address>0x1434</run_address>
         <size>0x46</size>
         <input_file_ref idref="fl-2"/>
      </object_component>
      <object_component id="oc-1a9">
         <name>.debug_info</name>
         <load_address>0x147a</load_address>
         <run_address>0x147a</run_address>
         <size>0x2c</size>
         <input_file_ref idref="fl-2"/>
      </object_component>
      <object_component id="oc-109">
         <name>.debug_info</name>
         <load_address>0x14a6</load_address>
         <run_address>0x14a6</run_address>
         <size>0x297</size>
         <input_file_ref idref="fl-2"/>
      </object_component>
      <object_component id="oc-a6">
         <name>.debug_info</name>
         <load_address>0x173d</load_address>
         <run_address>0x173d</run_address>
         <size>0xbb</size>
         <input_file_ref idref="fl-2"/>
      </object_component>
      <object_component id="oc-e1">
         <name>.debug_info</name>
         <load_address>0x17f8</load_address>
         <run_address>0x17f8</run_address>
         <size>0x53</size>
         <input_file_ref idref="fl-2"/>
      </object_component>
      <object_component id="oc-1e9">
         <name>.debug_info</name>
         <load_address>0x184b</load_address>
         <run_address>0x184b</run_address>
         <size>0x2c</size>
         <input_file_ref idref="fl-2"/>
      </object_component>
      <object_component id="oc-1b3">
         <name>.debug_info</name>
         <load_address>0x1877</load_address>
         <run_address>0x1877</run_address>
         <size>0x14c</size>
         <input_file_ref idref="fl-2"/>
      </object_component>
      <object_component id="oc-49">
         <name>.debug_info</name>
         <load_address>0x19c3</load_address>
         <run_address>0x19c3</run_address>
         <size>0x314</size>
         <input_file_ref idref="fl-3"/>
      </object_component>
      <object_component id="oc-10">
         <name>.debug_info</name>
         <load_address>0x1cd7</load_address>
         <run_address>0x1cd7</run_address>
         <size>0xd3</size>
         <input_file_ref idref="fl-3"/>
      </object_component>
      <object_component id="oc-25">
         <name>.debug_info</name>
         <load_address>0x1daa</load_address>
         <run_address>0x1daa</run_address>
         <size>0x103</size>
         <input_file_ref idref="fl-3"/>
      </object_component>
      <object_component id="oc-2b">
         <name>.debug_info</name>
         <load_address>0x1ead</load_address>
         <run_address>0x1ead</run_address>
         <size>0xf4</size>
         <input_file_ref idref="fl-3"/>
      </object_component>
      <object_component id="oc-38">
         <name>.debug_info</name>
         <load_address>0x1fa1</load_address>
         <run_address>0x1fa1</run_address>
         <size>0x10c</size>
         <input_file_ref idref="fl-3"/>
      </object_component>
      <object_component id="oc-31">
         <name>.debug_info</name>
         <load_address>0x20ad</load_address>
         <run_address>0x20ad</run_address>
         <size>0xfa</size>
         <input_file_ref idref="fl-3"/>
      </object_component>
      <object_component id="oc-1c4">
         <name>.debug_info</name>
         <load_address>0x21a7</load_address>
         <run_address>0x21a7</run_address>
         <size>0x2f1</size>
         <input_file_ref idref="fl-6"/>
      </object_component>
      <object_component id="oc-102">
         <name>.debug_info</name>
         <load_address>0x2498</load_address>
         <run_address>0x2498</run_address>
         <size>0x232</size>
         <input_file_ref idref="fl-6"/>
      </object_component>
      <object_component id="oc-3d0">
         <name>.debug_info</name>
         <load_address>0x26ca</load_address>
         <run_address>0x26ca</run_address>
         <size>0x25d</size>
         <input_file_ref idref="fl-6"/>
      </object_component>
      <object_component id="oc-205">
         <name>.debug_info</name>
         <load_address>0x2927</load_address>
         <run_address>0x2927</run_address>
         <size>0x1df</size>
         <input_file_ref idref="fl-6"/>
      </object_component>
      <object_component id="oc-2d4">
         <name>.debug_info</name>
         <load_address>0x2b06</load_address>
         <run_address>0x2b06</run_address>
         <size>0x1d7</size>
         <input_file_ref idref="fl-6"/>
      </object_component>
      <object_component id="oc-fb">
         <name>.debug_info</name>
         <load_address>0x2cdd</load_address>
         <run_address>0x2cdd</run_address>
         <size>0x20a</size>
         <input_file_ref idref="fl-6"/>
      </object_component>
      <object_component id="oc-1b8">
         <name>.debug_info</name>
         <load_address>0x2ee7</load_address>
         <run_address>0x2ee7</run_address>
         <size>0x110</size>
         <input_file_ref idref="fl-6"/>
      </object_component>
      <object_component id="oc-1fb">
         <name>.debug_info</name>
         <load_address>0x2ff7</load_address>
         <run_address>0x2ff7</run_address>
         <size>0x7dd</size>
         <input_file_ref idref="fl-7"/>
      </object_component>
      <object_component id="oc-301">
         <name>.debug_info</name>
         <load_address>0x37d4</load_address>
         <run_address>0x37d4</run_address>
         <size>0x2ac</size>
         <input_file_ref idref="fl-7"/>
      </object_component>
      <object_component id="oc-358">
         <name>.debug_info</name>
         <load_address>0x3a80</load_address>
         <run_address>0x3a80</run_address>
         <size>0x22c</size>
         <input_file_ref idref="fl-7"/>
      </object_component>
      <object_component id="oc-364">
         <name>.debug_info</name>
         <load_address>0x3cac</load_address>
         <run_address>0x3cac</run_address>
         <size>0x229</size>
         <input_file_ref idref="fl-7"/>
      </object_component>
      <object_component id="oc-265">
         <name>.debug_info</name>
         <load_address>0x3ed5</load_address>
         <run_address>0x3ed5</run_address>
         <size>0x555</size>
         <input_file_ref idref="fl-7"/>
      </object_component>
      <object_component id="oc-307">
         <name>.debug_info</name>
         <load_address>0x442a</load_address>
         <run_address>0x442a</run_address>
         <size>0x22a</size>
         <input_file_ref idref="fl-7"/>
      </object_component>
      <object_component id="oc-313">
         <name>.debug_info</name>
         <load_address>0x4654</load_address>
         <run_address>0x4654</run_address>
         <size>0x292</size>
         <input_file_ref idref="fl-7"/>
      </object_component>
      <object_component id="oc-213">
         <name>.debug_info</name>
         <load_address>0x48e6</load_address>
         <run_address>0x48e6</run_address>
         <size>0x4c5</size>
         <input_file_ref idref="fl-7"/>
      </object_component>
      <object_component id="oc-219">
         <name>.debug_info</name>
         <load_address>0x4dab</load_address>
         <run_address>0x4dab</run_address>
         <size>0x358</size>
         <input_file_ref idref="fl-7"/>
      </object_component>
      <object_component id="oc-1f5">
         <name>.debug_info</name>
         <load_address>0x5103</load_address>
         <run_address>0x5103</run_address>
         <size>0x2b0</size>
         <input_file_ref idref="fl-7"/>
      </object_component>
      <object_component id="oc-12d">
         <name>.debug_info</name>
         <load_address>0x53b3</load_address>
         <run_address>0x53b3</run_address>
         <size>0x30e</size>
         <input_file_ref idref="fl-7"/>
      </object_component>
      <object_component id="oc-42f">
         <name>.debug_info</name>
         <load_address>0x56c1</load_address>
         <run_address>0x56c1</run_address>
         <size>0x301</size>
         <input_file_ref idref="fl-7"/>
      </object_component>
      <object_component id="oc-2e1">
         <name>.debug_info</name>
         <load_address>0x59c2</load_address>
         <run_address>0x59c2</run_address>
         <size>0x229</size>
         <input_file_ref idref="fl-7"/>
      </object_component>
      <object_component id="oc-2db">
         <name>.debug_info</name>
         <load_address>0x5beb</load_address>
         <run_address>0x5beb</run_address>
         <size>0x1cd</size>
         <input_file_ref idref="fl-7"/>
      </object_component>
      <object_component id="oc-e0">
         <name>.debug_info</name>
         <load_address>0x5db8</load_address>
         <run_address>0x5db8</run_address>
         <size>0x7a0</size>
         <input_file_ref idref="fl-8"/>
      </object_component>
      <object_component id="oc-8c">
         <name>.debug_info</name>
         <load_address>0x6558</load_address>
         <run_address>0x6558</run_address>
         <size>0x315</size>
         <input_file_ref idref="fl-8"/>
      </object_component>
      <object_component id="oc-f0">
         <name>.debug_info</name>
         <load_address>0x686d</load_address>
         <run_address>0x686d</run_address>
         <size>0x111</size>
         <input_file_ref idref="fl-8"/>
      </object_component>
      <object_component id="oc-332">
         <name>.debug_info</name>
         <load_address>0x697e</load_address>
         <run_address>0x697e</run_address>
         <size>0x111</size>
         <input_file_ref idref="fl-8"/>
      </object_component>
      <object_component id="oc-335">
         <name>.debug_info</name>
         <load_address>0x6a8f</load_address>
         <run_address>0x6a8f</run_address>
         <size>0x111</size>
         <input_file_ref idref="fl-8"/>
      </object_component>
      <object_component id="oc-106">
         <name>.debug_info</name>
         <load_address>0x6ba0</load_address>
         <run_address>0x6ba0</run_address>
         <size>0x153</size>
         <input_file_ref idref="fl-8"/>
      </object_component>
      <object_component id="oc-338">
         <name>.debug_info</name>
         <load_address>0x6cf3</load_address>
         <run_address>0x6cf3</run_address>
         <size>0x111</size>
         <input_file_ref idref="fl-8"/>
      </object_component>
      <object_component id="oc-33b">
         <name>.debug_info</name>
         <load_address>0x6e04</load_address>
         <run_address>0x6e04</run_address>
         <size>0x11f</size>
         <input_file_ref idref="fl-8"/>
      </object_component>
      <object_component id="oc-33e">
         <name>.debug_info</name>
         <load_address>0x6f23</load_address>
         <run_address>0x6f23</run_address>
         <size>0x113</size>
         <input_file_ref idref="fl-8"/>
      </object_component>
      <object_component id="oc-f5">
         <name>.debug_info</name>
         <load_address>0x7036</load_address>
         <run_address>0x7036</run_address>
         <size>0x1dd</size>
         <input_file_ref idref="fl-8"/>
      </object_component>
      <object_component id="oc-9a">
         <name>.debug_info</name>
         <load_address>0x7213</load_address>
         <run_address>0x7213</run_address>
         <size>0x2ad</size>
         <input_file_ref idref="fl-8"/>
      </object_component>
      <object_component id="oc-2bd">
         <name>.debug_info</name>
         <load_address>0x74c0</load_address>
         <run_address>0x74c0</run_address>
         <size>0x275</size>
         <input_file_ref idref="fl-8"/>
      </object_component>
      <object_component id="oc-2ce">
         <name>.debug_info</name>
         <load_address>0x7735</load_address>
         <run_address>0x7735</run_address>
         <size>0x27e</size>
         <input_file_ref idref="fl-8"/>
      </object_component>
      <object_component id="oc-3dd">
         <name>.debug_info</name>
         <load_address>0x79b3</load_address>
         <run_address>0x79b3</run_address>
         <size>0x25f</size>
         <input_file_ref idref="fl-8"/>
      </object_component>
      <object_component id="oc-3d6">
         <name>.debug_info</name>
         <load_address>0x7c12</load_address>
         <run_address>0x7c12</run_address>
         <size>0x238</size>
         <input_file_ref idref="fl-8"/>
      </object_component>
      <object_component id="oc-13a">
         <name>.debug_info</name>
         <load_address>0x7e4a</load_address>
         <run_address>0x7e4a</run_address>
         <size>0x1d0</size>
         <input_file_ref idref="fl-8"/>
      </object_component>
      <object_component id="oc-20e">
         <name>.debug_info</name>
         <load_address>0x801a</load_address>
         <run_address>0x801a</run_address>
         <size>0x1e2</size>
         <input_file_ref idref="fl-8"/>
      </object_component>
      <object_component id="oc-22b">
         <name>.debug_info</name>
         <load_address>0x81fc</load_address>
         <run_address>0x81fc</run_address>
         <size>0x2c3</size>
         <input_file_ref idref="fl-8"/>
      </object_component>
      <object_component id="oc-231">
         <name>.debug_info</name>
         <load_address>0x84bf</load_address>
         <run_address>0x84bf</run_address>
         <size>0x2bf</size>
         <input_file_ref idref="fl-8"/>
      </object_component>
      <object_component id="oc-243">
         <name>.debug_info</name>
         <load_address>0x877e</load_address>
         <run_address>0x877e</run_address>
         <size>0x244</size>
         <input_file_ref idref="fl-8"/>
      </object_component>
      <object_component id="oc-145">
         <name>.debug_info</name>
         <load_address>0x89c2</load_address>
         <run_address>0x89c2</run_address>
         <size>0x47a</size>
         <input_file_ref idref="fl-8"/>
      </object_component>
      <object_component id="oc-2f6">
         <name>.debug_info</name>
         <load_address>0x8e3c</load_address>
         <run_address>0x8e3c</run_address>
         <size>0x1f3</size>
         <input_file_ref idref="fl-8"/>
      </object_component>
      <object_component id="oc-2fc">
         <name>.debug_info</name>
         <load_address>0x902f</load_address>
         <run_address>0x902f</run_address>
         <size>0x2c7</size>
         <input_file_ref idref="fl-8"/>
      </object_component>
      <object_component id="oc-93">
         <name>.debug_info</name>
         <load_address>0x92f6</load_address>
         <run_address>0x92f6</run_address>
         <size>0x23e</size>
         <input_file_ref idref="fl-8"/>
      </object_component>
      <object_component id="oc-2b1">
         <name>.debug_info</name>
         <load_address>0x9534</load_address>
         <run_address>0x9534</run_address>
         <size>0x1b3</size>
         <input_file_ref idref="fl-8"/>
      </object_component>
      <object_component id="oc-14c">
         <name>.debug_info</name>
         <load_address>0x96e7</load_address>
         <run_address>0x96e7</run_address>
         <size>0x20a</size>
         <input_file_ref idref="fl-8"/>
      </object_component>
      <object_component id="oc-35f">
         <name>.debug_info</name>
         <load_address>0x98f1</load_address>
         <run_address>0x98f1</run_address>
         <size>0x244</size>
         <input_file_ref idref="fl-8"/>
      </object_component>
      <object_component id="oc-446">
         <name>.debug_info</name>
         <load_address>0x9b35</load_address>
         <run_address>0x9b35</run_address>
         <size>0x311</size>
         <input_file_ref idref="fl-8"/>
      </object_component>
      <object_component id="oc-30e">
         <name>.debug_info</name>
         <load_address>0x9e46</load_address>
         <run_address>0x9e46</run_address>
         <size>0x2a4</size>
         <input_file_ref idref="fl-8"/>
      </object_component>
      <object_component id="oc-3c8">
         <name>.debug_info</name>
         <load_address>0xa0ea</load_address>
         <run_address>0xa0ea</run_address>
         <size>0x1b5</size>
         <input_file_ref idref="fl-8"/>
      </object_component>
      <object_component id="oc-36b">
         <name>.debug_info</name>
         <load_address>0xa29f</load_address>
         <run_address>0xa29f</run_address>
         <size>0x1d3</size>
         <input_file_ref idref="fl-8"/>
      </object_component>
      <object_component id="oc-406">
         <name>.debug_info</name>
         <load_address>0xa472</load_address>
         <run_address>0xa472</run_address>
         <size>0x1f2</size>
         <input_file_ref idref="fl-8"/>
      </object_component>
      <object_component id="oc-352">
         <name>.debug_info</name>
         <load_address>0xa664</load_address>
         <run_address>0xa664</run_address>
         <size>0x288</size>
         <input_file_ref idref="fl-8"/>
      </object_component>
      <object_component id="oc-25d">
         <name>.debug_info</name>
         <load_address>0xa8ec</load_address>
         <run_address>0xa8ec</run_address>
         <size>0x1eb</size>
         <input_file_ref idref="fl-8"/>
      </object_component>
      <object_component id="oc-19f">
         <name>.debug_info</name>
         <load_address>0xaad7</load_address>
         <run_address>0xaad7</run_address>
         <size>0x169</size>
         <input_file_ref idref="fl-8"/>
      </object_component>
      <object_component id="oc-20a">
         <name>.debug_info</name>
         <load_address>0xac40</load_address>
         <run_address>0xac40</run_address>
         <size>0x7fe</size>
         <input_file_ref idref="fl-9"/>
      </object_component>
      <object_component id="oc-2e7">
         <name>.debug_info</name>
         <load_address>0xb43e</load_address>
         <run_address>0xb43e</run_address>
         <size>0x112</size>
         <input_file_ref idref="fl-9"/>
      </object_component>
      <object_component id="oc-2ea">
         <name>.debug_info</name>
         <load_address>0xb550</load_address>
         <run_address>0xb550</run_address>
         <size>0x112</size>
         <input_file_ref idref="fl-9"/>
      </object_component>
      <object_component id="oc-2ed">
         <name>.debug_info</name>
         <load_address>0xb662</load_address>
         <run_address>0xb662</run_address>
         <size>0x14a</size>
         <input_file_ref idref="fl-9"/>
      </object_component>
      <object_component id="oc-21f">
         <name>.debug_info</name>
         <load_address>0xb7ac</load_address>
         <run_address>0xb7ac</run_address>
         <size>0x106</size>
         <input_file_ref idref="fl-9"/>
      </object_component>
      <object_component id="oc-140">
         <name>.debug_info</name>
         <load_address>0xb8b2</load_address>
         <run_address>0xb8b2</run_address>
         <size>0x39b</size>
         <input_file_ref idref="fl-9"/>
      </object_component>
      <object_component id="oc-1ff">
         <name>.debug_info</name>
         <load_address>0xbc4d</load_address>
         <run_address>0xbc4d</run_address>
         <size>0x260</size>
         <input_file_ref idref="fl-9"/>
      </object_component>
      <object_component id="oc-251">
         <name>.debug_info</name>
         <load_address>0xbead</load_address>
         <run_address>0xbead</run_address>
         <size>0x217</size>
         <input_file_ref idref="fl-9"/>
      </object_component>
      <object_component id="oc-134">
         <name>.debug_info</name>
         <load_address>0xc0c4</load_address>
         <run_address>0xc0c4</run_address>
         <size>0x363</size>
         <input_file_ref idref="fl-9"/>
      </object_component>
      <object_component id="oc-3f2">
         <name>.debug_info</name>
         <load_address>0xc427</load_address>
         <run_address>0xc427</run_address>
         <size>0x234</size>
         <input_file_ref idref="fl-9"/>
      </object_component>
      <object_component id="oc-43f">
         <name>.debug_info</name>
         <load_address>0xc65b</load_address>
         <run_address>0xc65b</run_address>
         <size>0x276</size>
         <input_file_ref idref="fl-9"/>
      </object_component>
      <object_component id="oc-221">
         <name>.debug_info</name>
         <load_address>0xc8d1</load_address>
         <run_address>0xc8d1</run_address>
         <size>0x299</size>
         <input_file_ref idref="fl-9"/>
      </object_component>
      <object_component id="oc-437">
         <name>.debug_info</name>
         <load_address>0xcb6a</load_address>
         <run_address>0xcb6a</run_address>
         <size>0x2fa</size>
         <input_file_ref idref="fl-9"/>
      </object_component>
      <object_component id="oc-42a">
         <name>.debug_info</name>
         <load_address>0xce64</load_address>
         <run_address>0xce64</run_address>
         <size>0x2b0</size>
         <input_file_ref idref="fl-9"/>
      </object_component>
      <object_component id="oc-3f8">
         <name>.debug_info</name>
         <load_address>0xd114</load_address>
         <run_address>0xd114</run_address>
         <size>0x36a</size>
         <input_file_ref idref="fl-9"/>
      </object_component>
      <object_component id="oc-3fe">
         <name>.debug_info</name>
         <load_address>0xd47e</load_address>
         <run_address>0xd47e</run_address>
         <size>0x306</size>
         <input_file_ref idref="fl-9"/>
      </object_component>
      <object_component id="oc-344">
         <name>.debug_info</name>
         <load_address>0xd784</load_address>
         <run_address>0xd784</run_address>
         <size>0x24b</size>
         <input_file_ref idref="fl-9"/>
      </object_component>
      <object_component id="oc-225">
         <name>.debug_info</name>
         <load_address>0xd9cf</load_address>
         <run_address>0xd9cf</run_address>
         <size>0x1ce</size>
         <input_file_ref idref="fl-9"/>
      </object_component>
      <object_component id="oc-e8">
         <name>.debug_info</name>
         <load_address>0xdb9d</load_address>
         <run_address>0xdb9d</run_address>
         <size>0x3d1</size>
         <input_file_ref idref="fl-a"/>
      </object_component>
      <object_component id="oc-8f">
         <name>.debug_info</name>
         <load_address>0xdf6e</load_address>
         <run_address>0xdf6e</run_address>
         <size>0x13f</size>
         <input_file_ref idref="fl-a"/>
      </object_component>
      <object_component id="oc-32e">
         <name>.debug_info</name>
         <load_address>0xe0ad</load_address>
         <run_address>0xe0ad</run_address>
         <size>0x126</size>
         <input_file_ref idref="fl-a"/>
      </object_component>
      <object_component id="oc-42">
         <name>.debug_info</name>
         <load_address>0xe1d3</load_address>
         <run_address>0xe1d3</run_address>
         <size>0x213</size>
         <input_file_ref idref="fl-a"/>
      </object_component>
      <object_component id="oc-34a">
         <name>.debug_info</name>
         <load_address>0xe3e6</load_address>
         <run_address>0xe3e6</run_address>
         <size>0x204</size>
         <input_file_ref idref="fl-a"/>
      </object_component>
      <object_component id="oc-257">
         <name>.debug_info</name>
         <load_address>0xe5ea</load_address>
         <run_address>0xe5ea</run_address>
         <size>0x24c</size>
         <input_file_ref idref="fl-a"/>
      </object_component>
      <object_component id="oc-249">
         <name>.debug_info</name>
         <load_address>0xe836</load_address>
         <run_address>0xe836</run_address>
         <size>0x1f6</size>
         <input_file_ref idref="fl-a"/>
      </object_component>
      <object_component id="oc-23d">
         <name>.debug_info</name>
         <load_address>0xea2c</load_address>
         <run_address>0xea2c</run_address>
         <size>0x1f8</size>
         <input_file_ref idref="fl-a"/>
      </object_component>
      <object_component id="oc-238">
         <name>.debug_info</name>
         <load_address>0xec24</load_address>
         <run_address>0xec24</run_address>
         <size>0x2ad</size>
         <input_file_ref idref="fl-a"/>
      </object_component>
      <object_component id="oc-327">
         <name>.debug_info</name>
         <load_address>0xeed1</load_address>
         <run_address>0xeed1</run_address>
         <size>0x1e6</size>
         <input_file_ref idref="fl-a"/>
      </object_component>
      <object_component id="oc-3d">
         <name>.debug_info</name>
         <load_address>0xf0b7</load_address>
         <run_address>0xf0b7</run_address>
         <size>0x277</size>
         <input_file_ref idref="fl-b"/>
      </object_component>
      <object_component id="oc-2cb">
         <name>.debug_info</name>
         <load_address>0xf32e</load_address>
         <run_address>0xf32e</run_address>
         <size>0x39a</size>
         <input_file_ref idref="fl-c"/>
      </object_component>
      <object_component id="oc-3a9">
         <name>.debug_info</name>
         <load_address>0xf6c8</load_address>
         <run_address>0xf6c8</run_address>
         <size>0x10d</size>
         <input_file_ref idref="fl-c"/>
      </object_component>
      <object_component id="oc-2c5">
         <name>.debug_info</name>
         <load_address>0xf7d5</load_address>
         <run_address>0xf7d5</run_address>
         <size>0x10d</size>
         <input_file_ref idref="fl-c"/>
      </object_component>
      <object_component id="oc-2c8">
         <name>.debug_info</name>
         <load_address>0xf8e2</load_address>
         <run_address>0xf8e2</run_address>
         <size>0x109</size>
         <input_file_ref idref="fl-c"/>
      </object_component>
      <object_component id="oc-2c2">
         <name>.debug_info</name>
         <load_address>0xf9eb</load_address>
         <run_address>0xf9eb</run_address>
         <size>0x127</size>
         <input_file_ref idref="fl-c"/>
      </object_component>
      <object_component id="oc-320">
         <name>.debug_info</name>
         <load_address>0xfb12</load_address>
         <run_address>0xfb12</run_address>
         <size>0x26f</size>
         <input_file_ref idref="fl-c"/>
      </object_component>
      <object_component id="oc-2b8">
         <name>.debug_info</name>
         <load_address>0xfd81</load_address>
         <run_address>0xfd81</run_address>
         <size>0x1e0</size>
         <input_file_ref idref="fl-c"/>
      </object_component>
      <object_component id="oc-1f1">
         <name>.debug_info</name>
         <load_address>0xff61</load_address>
         <run_address>0xff61</run_address>
         <size>0x352</size>
         <input_file_ref idref="fl-c"/>
      </object_component>
      <object_component id="oc-3b1">
         <name>.debug_info</name>
         <load_address>0x102b3</load_address>
         <run_address>0x102b3</run_address>
         <size>0x62</size>
         <input_file_ref idref="fl-c"/>
      </object_component>
      <object_component id="oc-1e8">
         <name>.debug_info</name>
         <load_address>0x10315</load_address>
         <run_address>0x10315</run_address>
         <size>0x2b0</size>
         <input_file_ref idref="fl-d"/>
      </object_component>
      <object_component id="oc-29b">
         <name>.debug_info</name>
         <load_address>0x105c5</load_address>
         <run_address>0x105c5</run_address>
         <size>0xf1</size>
         <input_file_ref idref="fl-d"/>
      </object_component>
      <object_component id="oc-298">
         <name>.debug_info</name>
         <load_address>0x106b6</load_address>
         <run_address>0x106b6</run_address>
         <size>0xf9</size>
         <input_file_ref idref="fl-d"/>
      </object_component>
      <object_component id="oc-295">
         <name>.debug_info</name>
         <load_address>0x107af</load_address>
         <run_address>0x107af</run_address>
         <size>0xfd</size>
         <input_file_ref idref="fl-d"/>
      </object_component>
      <object_component id="oc-2a2">
         <name>.debug_info</name>
         <load_address>0x108ac</load_address>
         <run_address>0x108ac</run_address>
         <size>0x1e8</size>
         <input_file_ref idref="fl-d"/>
      </object_component>
      <object_component id="oc-1e2">
         <name>.debug_info</name>
         <load_address>0x10a94</load_address>
         <run_address>0x10a94</run_address>
         <size>0x31a</size>
         <input_file_ref idref="fl-d"/>
      </object_component>
      <object_component id="oc-129">
         <name>.debug_info</name>
         <load_address>0x10dae</load_address>
         <run_address>0x10dae</run_address>
         <size>0x1b5</size>
         <input_file_ref idref="fl-d"/>
      </object_component>
      <object_component id="oc-29d">
         <name>.debug_info</name>
         <load_address>0x10f63</load_address>
         <run_address>0x10f63</run_address>
         <size>0x233</size>
         <input_file_ref idref="fl-d"/>
      </object_component>
      <object_component id="oc-1db">
         <name>.debug_info</name>
         <load_address>0x11196</load_address>
         <run_address>0x11196</run_address>
         <size>0x24b</size>
         <input_file_ref idref="fl-d"/>
      </object_component>
      <object_component id="oc-c1">
         <name>.debug_info</name>
         <load_address>0x113e1</load_address>
         <run_address>0x113e1</run_address>
         <size>0x13f</size>
         <input_file_ref idref="fl-c9"/>
      </object_component>
      <object_component id="oc-2a8">
         <name>.debug_info</name>
         <load_address>0x11520</load_address>
         <run_address>0x11520</run_address>
         <size>0x13a</size>
         <input_file_ref idref="fl-ca"/>
      </object_component>
      <object_component id="oc-58">
         <name>.debug_info</name>
         <load_address>0x1165a</load_address>
         <run_address>0x1165a</run_address>
         <size>0x111</size>
         <input_file_ref idref="fl-cc"/>
      </object_component>
      <object_component id="oc-bf">
         <name>.debug_info</name>
         <load_address>0x1176b</load_address>
         <run_address>0x1176b</run_address>
         <size>0x313</size>
         <input_file_ref idref="fl-cd"/>
      </object_component>
      <object_component id="oc-68">
         <name>.debug_info</name>
         <load_address>0x11a7e</load_address>
         <run_address>0x11a7e</run_address>
         <size>0x1aa</size>
         <input_file_ref idref="fl-cd"/>
      </object_component>
      <object_component id="oc-ba">
         <name>.debug_info</name>
         <load_address>0x11c28</load_address>
         <run_address>0x11c28</run_address>
         <size>0x46</size>
         <input_file_ref idref="fl-cd"/>
      </object_component>
      <object_component id="oc-117">
         <name>.debug_info</name>
         <load_address>0x11c6e</load_address>
         <run_address>0x11c6e</run_address>
         <size>0x2c</size>
         <input_file_ref idref="fl-cd"/>
      </object_component>
      <object_component id="oc-60">
         <name>.debug_info</name>
         <load_address>0x11c9a</load_address>
         <run_address>0x11c9a</run_address>
         <size>0x29d</size>
         <input_file_ref idref="fl-ce"/>
      </object_component>
      <object_component id="oc-19">
         <name>.debug_info</name>
         <load_address>0x11f37</load_address>
         <run_address>0x11f37</run_address>
         <size>0x1df</size>
         <input_file_ref idref="fl-ce"/>
      </object_component>
      <object_component id="oc-5b">
         <name>.debug_info</name>
         <load_address>0x12116</load_address>
         <run_address>0x12116</run_address>
         <size>0x46</size>
         <input_file_ref idref="fl-ce"/>
      </object_component>
      <object_component id="oc-b2">
         <name>.debug_info</name>
         <load_address>0x1215c</load_address>
         <run_address>0x1215c</run_address>
         <size>0x2c</size>
         <input_file_ref idref="fl-ce"/>
      </object_component>
      <object_component id="oc-b0">
         <name>.debug_info</name>
         <load_address>0x12188</load_address>
         <run_address>0x12188</run_address>
         <size>0x293</size>
         <input_file_ref idref="fl-cf"/>
      </object_component>
      <object_component id="oc-15">
         <name>.debug_info</name>
         <load_address>0x1241b</load_address>
         <run_address>0x1241b</run_address>
         <size>0x245</size>
         <input_file_ref idref="fl-cf"/>
      </object_component>
      <object_component id="oc-4b">
         <name>.debug_info</name>
         <load_address>0x12660</load_address>
         <run_address>0x12660</run_address>
         <size>0x60</size>
         <input_file_ref idref="fl-cf"/>
      </object_component>
      <object_component id="oc-110">
         <name>.debug_info</name>
         <load_address>0x126c0</load_address>
         <run_address>0x126c0</run_address>
         <size>0x46</size>
         <input_file_ref idref="fl-cf"/>
      </object_component>
      <object_component id="oc-ab">
         <name>.debug_info</name>
         <load_address>0x12706</load_address>
         <run_address>0x12706</run_address>
         <size>0x39</size>
         <input_file_ref idref="fl-cf"/>
      </object_component>
      <object_component id="oc-22">
         <name>.debug_info</name>
         <load_address>0x1273f</load_address>
         <run_address>0x1273f</run_address>
         <size>0x100</size>
         <input_file_ref idref="fl-d0"/>
      </object_component>
      <object_component id="oc-75">
         <name>.debug_info</name>
         <load_address>0x1283f</load_address>
         <run_address>0x1283f</run_address>
         <size>0x1a4</size>
         <input_file_ref idref="fl-d0"/>
      </object_component>
      <object_component id="oc-3a2">
         <name>.debug_info</name>
         <load_address>0x129e3</load_address>
         <run_address>0x129e3</run_address>
         <size>0x10d</size>
         <input_file_ref idref="fl-d1"/>
      </object_component>
      <object_component id="oc-276">
         <name>.debug_info</name>
         <load_address>0x12af0</load_address>
         <run_address>0x12af0</run_address>
         <size>0x547</size>
         <input_file_ref idref="fl-d2"/>
      </object_component>
      <object_component id="oc-16c">
         <name>.debug_info</name>
         <load_address>0x13037</load_address>
         <run_address>0x13037</run_address>
         <size>0x19b</size>
         <input_file_ref idref="fl-d2"/>
      </object_component>
      <object_component id="oc-380">
         <name>.debug_info</name>
         <load_address>0x131d2</load_address>
         <run_address>0x131d2</run_address>
         <size>0x39</size>
         <input_file_ref idref="fl-d2"/>
      </object_component>
      <object_component id="oc-412">
         <name>.debug_info</name>
         <load_address>0x1320b</load_address>
         <run_address>0x1320b</run_address>
         <size>0x39</size>
         <input_file_ref idref="fl-d2"/>
      </object_component>
      <object_component id="oc-385">
         <name>.debug_info</name>
         <load_address>0x13244</load_address>
         <run_address>0x13244</run_address>
         <size>0x39</size>
         <input_file_ref idref="fl-d2"/>
      </object_component>
      <object_component id="oc-38a">
         <name>.debug_info</name>
         <load_address>0x1327d</load_address>
         <run_address>0x1327d</run_address>
         <size>0xcd</size>
         <input_file_ref idref="fl-d2"/>
[...]
   </logical_group_list>
   <placement_map>
      <memory_area display="yes" color="green">
         <name>FLASH</name>
         <page_id>0x0</page_id>
         <origin>0x0</origin>
         <length>0x40000</length>
         <used_space>0x1e56</used_space>
         <unused_space>0x3e1aa</unused_space>
         <attributes>RX</attributes>
         <usage_details>
            <allocated_space>
               <start_address>0x0</start_address>
               <size>0x26c</size>
               <logical_group_ref idref="lg-3"/>
            </allocated_space>
            <allocated_space>
               <start_address>0x26c</start_address>
               <size>0x1b96</size>
               <logical_group_ref idref="lg-4"/>
            </allocated_space>
            <available_space>
               <start_address>0x1e02</start_address>
               <size>0x2</size>
            </available_space>
            <allocated_space>
               <start_address>0x1e04</start_address>
               <size>0x1c</size>
               <logical_group_ref idref="lg-5"/>
            </allocated_space>
            <allocated_space>
               <start_address>0x1e20</start_address>
               <size>0x38</size>
               <logical_group_ref idref="lg-6"/>
            </allocated_space>
            <available_space>
               <start_address>0x1e58</start_address>
               <size>0x3e1a8</size>
            </available_space>
         </usage_details>
      </memory_area>
      <memory_area display="yes" color="green">
         <name>SRAM</name>
         <page_id>0x0</page_id>
         <origin>0x20000000</origin>
         <length>0x8000</length>
         <used_space>0x79c4</used_space>
         <unused_space>0x63c</unused_space>
         <attributes>RWX</attributes>
         <usage_details>
            <allocated_space>
               <start_address>0x20000000</start_address>
               <size>0x7778</size>
               <logical_group_ref idref="lg-b"/>
            </allocated_space>
            <allocated_space>
               <start_address>0x20007778</start_address>
               <size>0x200</size>
               <logical_group_ref idref="lg-d"/>
            </allocated_space>
            <allocated_space>
               <start_address>0x20007978</start_address>
               <size>0x4c</size>
               <logical_group_ref idref="lg-a"/>
            </allocated_space>
            <available_space>
               <start_address>0x200079c4</start_address>
               <size>0x63c</size>
            </available_space>
         </usage_details>
      </memory_area>
   </placement_map>
   <cptbl_list>
      <cptbl>
         <name>__TI_cinit_table</name>
         <cprec>
            <name>.data</name>
            <load_address>0x1e20</load_address>
            <load_size>0x10</load_size>
            <run_address>0x20007978</run_address>
            <run_size>0x4c</run_size>
            <compression>lzss</compression>
         </cprec>
         <cprec>
            <name>.bss</name>
            <load_address>0x1e40</load_address>
            <load_size>0x8</load_size>
            <run_address>0x20000000</run_address>
            <run_size>0x7778</run_size>
            <compression>zero_init</compression>
         </cprec>
      </cptbl>
   </cptbl_list>
   <handler_table>
      <handler_table_name>__TI_handler_table</handler_table_name>
      <handler>
         <index>0x0</index>
         <name>__TI_decompress_lzss</name>
      </handler>
      <handler>
         <index>0x1</index>
         <name>__TI_decompress_none</name>
      </handler>
      <handler>
         <index>0x2</index>
         <name>__TI_zero_init</name>
      </handler>
   </handler_table>
   <symbol_table>
      <symbol id="sm-1">
         <name>__STACK_TOP</name>
         <value>0x20007978</value>
      </symbol>
      <symbol id="sm-2">
         <name>__TI_CINIT_Base</name>
         <value>0x1e48</value>
      </symbol>
      <symbol id="sm-3">
         <name>__TI_CINIT_Limit</name>
         <value>0x1e58</value>
      </symbol>
      <symbol id="sm-4">
         <name>__TI_Handler_Table_Base</name>
         <value>0x1e30</value>
      </symbol>
      <symbol id="sm-5">
         <name>__TI_Handler_Table_Limit</name>
         <value>0x1e3c</value>
      </symbol>
      <symbol id="sm-6">
         <name>binit</name>
         <value>0xffffffff</value>
      </symbol>
      <symbol id="sm-7">
         <name>__binit__</name>
         <value>0xffffffff</value>
      </symbol>
      <symbol id="sm-8">
         <name>__STACK_SIZE</name>
         <value>0x200</value>
      </symbol>
      <symbol id="sm-9">
         <name>__STACK_END</name>
         <value>0x20007978</value>
      </symbol>
      <symbol id="sm-a">
         <name>__c_args__</name>
         <value>0xffffffff</value>
      </symbol>
      <symbol id="sm-b">
         <name>__TI_pprof_out_hndl</name>
         <value>0xffffffff</value>
      </symbol>
      <symbol id="sm-c">
         <name>__TI_prof_data_start</name>
         <value>0xffffffff</value>
      </symbol>
      <symbol id="sm-d">
         <name>__TI_prof_data_size</name>
         <value>0xffffffff</value>
      </symbol>
      <symbol id="sm-b3">
         <name>Timer1</name>
         <value>0x2000776c</value>
      </symbol>
      <symbol id="sm-b4">
         <name>tick_count</name>
         <value>0x20007774</value>
      </symbol>
      <symbol id="sm-b5">
         <name>g_pUARTSemaphore</name>
         <value>0x20007770</value>
      </symbol>
      <symbol id="sm-b6">
         <name>Task1</name>
         <value>0xe91</value>
         <object_component_ref idref="oc-157"/>
      </symbol>
      <symbol id="sm-b7">
         <name>vApplicationStackOverflowHook</name>
         <value>0x13bf</value>
         <object_component_ref idref="oc-e9"/>
      </symbol>
      <symbol id="sm-b8">
         <name>main</name>
         <value>0x775</value>
         <object_component_ref idref="oc-cc"/>
      </symbol>
      <symbol id="sm-b9">
         <name>ConfigureUART</name>
         <value>0x1295</value>
         <object_component_ref idref="oc-120"/>
      </symbol>
      <symbol id="sm-ba">
         <name>TimerCallback</name>
         <value>0x16e9</value>
         <object_component_ref idref="oc-150"/>
      </symbol>
      <symbol id="sm-eb">
         <name>ResetISR</name>
         <value>0x1de9</value>
         <object_component_ref idref="oc-24"/>
      </symbol>
      <symbol id="sm-ec">
         <name>g_pfnVectors</name>
         <value>0x0</value>
         <object_component_ref idref="oc-f"/>
      </symbol>
      <symbol id="sm-123">
         <name>uxListRemove</name>
         <value>0x1c0d</value>
         <object_component_ref idref="oc-f9"/>
      </symbol>
      <symbol id="sm-124">
         <name>vListInsert</name>
         <value>0x1ab9</value>
         <object_component_ref idref="oc-3ce"/>
      </symbol>
      <symbol id="sm-125">
         <name>vListInitialiseItem</name>
         <value>0x1df5</value>
         <object_component_ref idref="oc-203"/>
      </symbol>
      <symbol id="sm-126">
         <name>vListInsertEnd</name>
         <value>0x1cf1</value>
         <object_component_ref idref="oc-ff"/>
      </symbol>
      <symbol id="sm-127">
         <name>vListInitialise</name>
         <value>0x1d39</value>
         <object_component_ref idref="oc-2d2"/>
      </symbol>
      <symbol id="sm-1d0">
         <name>xQueueRegistry</name>
         <value>0x20007670</value>
      </symbol>
      <symbol id="sm-1d1">
         <name>xQueueGenericSendFromISR</name>
         <value>0x153d</value>
         <object_component_ref idref="oc-218"/>
      </symbol>
      <symbol id="sm-1d2">
         <name>vQueueAddToRegistry</name>
         <value>0x1c2d</value>
         <object_component_ref idref="oc-2e0"/>
      </symbol>
      <symbol id="sm-1d3">
         <name>xQueueGenericCreate</name>
         <value>0x19d1</value>
         <object_component_ref idref="oc-12c"/>
      </symbol>
      <symbol id="sm-1d4">
         <name>xQueueGenericSend</name>
         <value>0x865</value>
         <object_component_ref idref="oc-212"/>
      </symbol>
      <symbol id="sm-1d5">
         <name>xQueueGenericReset</name>
         <value>0xe0d</value>
         <object_component_ref idref="oc-1f4"/>
      </symbol>
      <symbol id="sm-1d6">
         <name>xQueueGenericReceive</name>
         <value>0x459</value>
         <object_component_ref idref="oc-264"/>
      </symbol>
      <symbol id="sm-1d7">
         <name>vQueueWaitForMessageRestricted</name>
         <value>0x1911</value>
         <object_component_ref idref="oc-42e"/>
      </symbol>
      <symbol id="sm-39e">
         <name>vTaskSuspendAll</name>
         <value>0x1d9d</value>
         <object_component_ref idref="oc-2af"/>
      </symbol>
      <symbol id="sm-39f">
         <name>vTaskPriorityInherit</name>
         <value>0xcf1</value>
         <object_component_ref idref="oc-35d"/>
      </symbol>
      <symbol id="sm-3a0">
         <name>vTaskPlaceOnEventList</name>
         <value>0x12f9</value>
         <object_component_ref idref="oc-30c"/>
      </symbol>
      <symbol id="sm-3a1">
         <name>xTaskCheckForTimeOut</name>
         <value>0x1649</value>
         <object_component_ref idref="oc-2fa"/>
      </symbol>
      <symbol id="sm-3a2">
         <name>xTaskPriorityDisinherit</name>
         <value>0xf8d</value>
         <object_component_ref idref="oc-3db"/>
      </symbol>
      <symbol id="sm-3a3">
         <name>vTaskStartScheduler</name>
         <value>0x122d</value>
         <object_component_ref idref="oc-14a"/>
      </symbol>
      <symbol id="sm-3a4">
         <name>pvTaskIncrementMutexHeldCount</name>
         <value>0x1cd9</value>
         <object_component_ref idref="oc-369"/>
      </symbol>
      <symbol id="sm-3a5">
         <name>vTaskMissedYield</name>
         <value>0x1dc9</value>
         <object_component_ref idref="oc-3c6"/>
      </symbol>
      <symbol id="sm-3a6">
         <name>xTaskResumeAll</name>
         <value>0x94d</value>
         <object_component_ref idref="oc-2bb"/>
      </symbol>
      <symbol id="sm-3a7">
         <name>xTaskGetTickCount</name>
         <value>0x1dd5</value>
         <object_component_ref idref="oc-138"/>
      </symbol>
      <symbol id="sm-3a8">
         <name>xTaskGenericCreate</name>
         <value>0x675</value>
         <object_component_ref idref="oc-144"/>
      </symbol>
      <symbol id="sm-3a9">
         <name>pxCurrentTCB</name>
         <value>0x20007978</value>
         <object_component_ref idref="oc-8b"/>
      </symbol>
      <symbol id="sm-3aa">
         <name>vTaskPlaceOnEventListRestricted</name>
         <value>0x11c5</value>
         <object_component_ref idref="oc-444"/>
      </symbol>
      <symbol id="sm-3ab">
         <name>vTaskSetTimeOutState</name>
         <value>0x1d21</value>
         <object_component_ref idref="oc-2f4"/>
      </symbol>
      <symbol id="sm-3ac">
         <name>xTaskIncrementTick</name>
         <value>0x571</value>
         <object_component_ref idref="oc-98"/>
      </symbol>
      <symbol id="sm-3ad">
         <name>vTaskSwitchContext</name>
         <value>0xd81</value>
         <object_component_ref idref="oc-91"/>
      </symbol>
      <symbol id="sm-3ae">
         <name>xTaskGetSchedulerState</name>
         <value>0x1c4d</value>
         <object_component_ref idref="oc-20c"/>
      </symbol>
      <symbol id="sm-3af">
         <name>xTaskRemoveFromEventList</name>
         <value>0x1005</value>
         <object_component_ref idref="oc-2cc"/>
      </symbol>
      <symbol id="sm-47c">
         <name>xTimerCreateTimerTask</name>
         <value>0x1991</value>
         <object_component_ref idref="oc-24f"/>
      </symbol>
      <symbol id="sm-47d">
         <name>xTimerCreate</name>
         <value>0x1a47</value>
         <object_component_ref idref="oc-132"/>
      </symbol>
      <symbol id="sm-47e">
         <name>xTimerGenericCommand</name>
         <value>0x188d</value>
         <object_component_ref idref="oc-13e"/>
      </symbol>
      <symbol id="sm-4d8">
         <name>ulMaxSyscallInterruptPriority</name>
         <value>0x1e1c</value>
         <object_component_ref idref="oc-8e"/>
      </symbol>
      <symbol id="sm-4d9">
         <name>vPortSetupTimerInterrupt</name>
         <value>0x1d65</value>
         <object_component_ref idref="oc-349"/>
      </symbol>
      <symbol id="sm-4da">
         <name>xPortSysTickHandler</name>
         <value>0x1b21</value>
         <object_component_ref idref="oc-41"/>
      </symbol>
      <symbol id="sm-4db">
         <name>pxPortInitialiseStack</name>
         <value>0x1b9d</value>
         <object_component_ref idref="oc-236"/>
      </symbol>
      <symbol id="sm-4dc">
         <name>vPortExitCritical</name>
         <value>0x1d09</value>
         <object_component_ref idref="oc-248"/>
      </symbol>
      <symbol id="sm-4dd">
         <name>xPortStartScheduler</name>
         <value>0x1951</value>
         <object_component_ref idref="oc-255"/>
      </symbol>
      <symbol id="sm-4de">
         <name>vPortEnterCritical</name>
         <value>0x1c89</value>
         <object_component_ref idref="oc-23c"/>
      </symbol>
      <symbol id="sm-4ed">
         <name>vPortStartFirstTask</name>
         <value>0xad9</value>
         <object_component_ref idref="oc-3c"/>
      </symbol>
      <symbol id="sm-4ee">
         <name>ulPortGetIPSR</name>
         <value>0xa41</value>
         <object_component_ref idref="oc-3c"/>
      </symbol>
      <symbol id="sm-4ef">
         <name>vPortEnableVFP</name>
         <value>0xaf5</value>
         <object_component_ref idref="oc-3c"/>
      </symbol>
      <symbol id="sm-4f0">
         <name>xPortPendSVHandler</name>
         <value>0xa59</value>
         <object_component_ref idref="oc-3c"/>
      </symbol>
      <symbol id="sm-4f1">
         <name>vPortSVCHandler</name>
         <value>0xab9</value>
         <object_component_ref idref="oc-3c"/>
      </symbol>
      <symbol id="sm-546">
         <name>pvPortMalloc</name>
         <value>0xb05</value>
         <object_component_ref idref="oc-1ee"/>
      </symbol>
      <symbol id="sm-547">
         <name>vPortFree</name>
         <value>0x1849</value>
         <object_component_ref idref="oc-31e"/>
      </symbol>
      <symbol id="sm-5b5">
         <name>UARTStdioConfig</name>
         <value>0x13c1</value>
         <object_component_ref idref="oc-1da"/>
      </symbol>
      <symbol id="sm-5b6">
         <name>UARTwrite</name>
         <value>0x1731</value>
         <object_component_ref idref="oc-2a1"/>
      </symbol>
      <symbol id="sm-5b7">
         <name>UARTprintf</name>
         <value>0x1ca5</value>
         <object_component_ref idref="oc-126"/>
      </symbol>
      <symbol id="sm-5b8">
         <name>UARTvprintf</name>
         <value>0x26d</value>
         <object_component_ref idref="oc-1e1"/>
      </symbol>
      <symbol id="sm-5c8">
         <name>__aeabi_memset</name>
         <value>0xf13</value>
         <object_component_ref idref="oc-c0"/>
      </symbol>
      <symbol id="sm-5c9">
         <name>memset</name>
         <value>0xf19</value>
         <object_component_ref idref="oc-c0"/>
      </symbol>
      <symbol id="sm-5ca">
         <name>__aeabi_memset8</name>
         <value>0xf13</value>
         <object_component_ref idref="oc-c0"/>
      </symbol>
      <symbol id="sm-5cb">
         <name>__aeabi_memset4</name>
         <value>0xf13</value>
         <object_component_ref idref="oc-c0"/>
      </symbol>
      <symbol id="sm-5cc">
         <name>__aeabi_memclr8</name>
         <value>0xf11</value>
         <object_component_ref idref="oc-c0"/>
      </symbol>
      <symbol id="sm-5cd">
         <name>__aeabi_memclr4</name>
         <value>0xf11</value>
         <object_component_ref idref="oc-c0"/>
      </symbol>
      <symbol id="sm-5ce">
         <name>__aeabi_memclr</name>
         <value>0xf11</value>
         <object_component_ref idref="oc-c0"/>
      </symbol>
      <symbol id="sm-5dd">
         <name>__aeabi_uidivmod</name>
         <value>0x18d1</value>
         <object_component_ref idref="oc-2a7"/>
      </symbol>
      <symbol id="sm-5de">
         <name>__aeabi_uidiv</name>
         <value>0x18d1</value>
         <object_component_ref idref="oc-2a7"/>
      </symbol>
      <symbol id="sm-5fa">
         <name>memcpy</name>
         <value>0xc55</value>
         <object_component_ref idref="oc-55"/>
      </symbol>
      <symbol id="sm-5fb">
         <name>__aeabi_memcpy</name>
         <value>0xc55</value>
         <object_component_ref idref="oc-55"/>
      </symbol>
      <symbol id="sm-5fc">
         <name>__aeabi_memcpy8</name>
         <value>0xc55</value>
         <object_component_ref idref="oc-55"/>
      </symbol>
      <symbol id="sm-5fd">
         <name>__aeabi_memcpy4</name>
         <value>0xc55</value>
         <object_component_ref idref="oc-55"/>
      </symbol>
      <symbol id="sm-614">
         <name>__TI_zero_init</name>
         <value>0x1dbb</value>
         <object_component_ref idref="oc-67"/>
      </symbol>
      <symbol id="sm-62b">
         <name>__TI_decompress_none</name>
         <value>0x1dad</value>
         <object_component_ref idref="oc-18"/>
      </symbol>
      <symbol id="sm-64e">
         <name>__TI_decompress_lzss</name>
         <value>0x115d</value>
         <object_component_ref idref="oc-12"/>
      </symbol>
      <symbol id="sm-661">
         <name>__stack</name>
         <value>0x20007778</value>
         <object_component_ref idref="oc-21"/>
      </symbol>
      <symbol id="sm-662">
         <name>_c_int00_noargs</name>
         <value>0x1a81</value>
         <object_component_ref idref="oc-73"/>
      </symbol>
      <symbol id="sm-66c">
         <name>__aeabi_idiv0</name>
         <value>0x10eb</value>
         <object_component_ref idref="oc-3a1"/>
      </symbol>
      <symbol id="sm-66d">
         <name>__aeabi_ldiv0</name>
         <value>0x10eb</value>
         <object_component_ref idref="oc-3a1"/>
      </symbol>
      <symbol id="sm-695">
         <name>__TI_auto_init_nobinit_nopinit</name>
         <value>0x17c1</value>
         <object_component_ref idref="oc-16b"/>
      </symbol>
      <symbol id="sm-69f">
         <name>_system_pre_init</name>
         <value>0x1dfb</value>
         <object_component_ref idref="oc-c6"/>
      </symbol>
      <symbol id="sm-6ab">
         <name>C$$EXIT</name>
         <value>0x1dff</value>
         <object_component_ref idref="oc-15f"/>
      </symbol>
      <symbol id="sm-6ac">
         <name>abort</name>
         <value>0x1dff</value>
         <object_component_ref idref="oc-15f"/>
      </symbol>
      <symbol id="sm-6c6">
         <name>UARTClockSourceSet</name>
         <value>0x1def</value>
         <object_component_ref idref="oc-1d4"/>
      </symbol>
      <symbol id="sm-6c9">
         <name>__TI_static_base__</name>
         <value>0x0</value>
      </symbol>
      <symbol id="sm-6cc">
         <name>__mpu_init</name>
         <value>0x0</value>
      </symbol>
      <symbol id="sm-6cd">
         <name>_system_post_cinit</name>
         <value>0x0</value>
      </symbol>
   </symbol_table>
   <title>Link successful</title>
</link_info>
